[2023-04-08T10:00:03.147+0530][gc,heap] Heap region size: 1M
[2023-04-08T10:00:03.156+0530][gc     ] Using G1
[2023-04-08T10:00:03.156+0530][gc,heap,coops] Heap address: 0x00000000c0000000, size: 1024 MB, Compressed Oops mode: 32-bit
[2023-04-08T10:00:03.156+0530][gc,cds       ] Mark closed archive regions in map: [0x00000000fff00000, 0x00000000fff6aff8]
[2023-04-08T10:00:03.157+0530][gc,cds       ] Mark open archive regions in map: [0x00000000ffe00000, 0x00000000ffe47ff8]
[2023-04-08T10:00:04.141+0530][gc,start     ] GC(0) Pause Young (Normal) (G1 Evacuation Pause)
[2023-04-08T10:00:04.142+0530][gc,task      ] GC(0) Using 4 workers of 4 for evacuation
[2023-04-08T10:00:04.160+0530][gc,phases    ] GC(0)   Pre Evacuate Collection Set: 0.1ms
[2023-04-08T10:00:04.160+0530][gc,phases    ] GC(0)   Evacuate Collection Set: 16.1ms
[2023-04-08T10:00:04.160+0530][gc,phases    ] GC(0)   Post Evacuate Collection Set: 1.1ms
[2023-04-08T10:00:04.160+0530][gc,phases    ] GC(0)   Other: 1.9ms
[2023-04-08T10:00:04.160+0530][gc,heap      ] GC(0) Eden regions: 51->0(44)
[2023-04-08T10:00:04.160+0530][gc,heap      ] GC(0) Survivor regions: 0->7(7)
[2023-04-08T10:00:04.160+0530][gc,heap      ] GC(0) Old regions: 2->2
[2023-04-08T10:00:04.160+0530][gc,heap      ] GC(0) Humongous regions: 0->0
[2023-04-08T10:00:04.160+0530][gc,metaspace ] GC(0) Metaspace: 14203K(15104K)->14203K(15104K) NonClass: 12452K(13056K)->12452K(13056K) Class: 1750K(2048K)->1750K(2048K)
[2023-04-08T10:00:04.160+0530][gc           ] GC(0) Pause Young (Normal) (G1 Evacuation Pause) 51M->7M(1024M) 19.207ms
[2023-04-08T10:00:04.160+0530][gc,cpu       ] GC(0) User=0.02s Sys=0.01s Real=0.02s
[2023-04-08T10:00:04.794+0530][gc,start     ] GC(1) Pause Young (Concurrent Start) (Metadata GC Threshold)
[2023-04-08T10:00:04.794+0530][gc,task      ] GC(1) Using 4 workers of 4 for evacuation
[2023-04-08T10:00:04.806+0530][gc,phases    ] GC(1)   Pre Evacuate Collection Set: 0.1ms
[2023-04-08T10:00:04.806+0530][gc,phases    ] GC(1)   Evacuate Collection Set: 10.2ms
[2023-04-08T10:00:04.806+0530][gc,phases    ] GC(1)   Post Evacuate Collection Set: 1.1ms
[2023-04-08T10:00:04.806+0530][gc,phases    ] GC(1)   Other: 0.4ms
[2023-04-08T10:00:04.806+0530][gc,heap      ] GC(1) Eden regions: 29->0(49)
[2023-04-08T10:00:04.806+0530][gc,heap      ] GC(1) Survivor regions: 7->2(7)
[2023-04-08T10:00:04.806+0530][gc,heap      ] GC(1) Old regions: 2->9
[2023-04-08T10:00:04.806+0530][gc,heap      ] GC(1) Humongous regions: 0->0
[2023-04-08T10:00:04.806+0530][gc,metaspace ] GC(1) Metaspace: 20605K(21248K)->20605K(21248K) NonClass: 18093K(18432K)->18093K(18432K) Class: 2511K(2816K)->2511K(2816K)
[2023-04-08T10:00:04.806+0530][gc           ] GC(1) Pause Young (Concurrent Start) (Metadata GC Threshold) 36M->8M(1024M) 11.967ms
[2023-04-08T10:00:04.806+0530][gc,cpu       ] GC(1) User=0.03s Sys=0.00s Real=0.01s
[2023-04-08T10:00:04.811+0530][gc           ] GC(2) Concurrent Cycle
[2023-04-08T10:00:04.811+0530][gc,marking   ] GC(2) Concurrent Clear Claimed Marks
[2023-04-08T10:00:04.811+0530][gc,marking   ] GC(2) Concurrent Clear Claimed Marks 0.068ms
[2023-04-08T10:00:04.811+0530][gc,marking   ] GC(2) Concurrent Scan Root Regions
[2023-04-08T10:00:04.818+0530][gc,marking   ] GC(2) Concurrent Scan Root Regions 7.307ms
[2023-04-08T10:00:04.818+0530][gc,marking   ] GC(2) Concurrent Mark (1.678s)
[2023-04-08T10:00:04.818+0530][gc,marking   ] GC(2) Concurrent Mark From Roots
[2023-04-08T10:00:04.818+0530][gc,task      ] GC(2) Using 1 workers of 1 for marking
[2023-04-08T10:00:04.824+0530][gc,marking   ] GC(2) Concurrent Mark From Roots 5.992ms
[2023-04-08T10:00:04.824+0530][gc,marking   ] GC(2) Concurrent Preclean
[2023-04-08T10:00:04.824+0530][gc,marking   ] GC(2) Concurrent Preclean 0.056ms
[2023-04-08T10:00:04.824+0530][gc,marking   ] GC(2) Concurrent Mark (1.678s, 1.684s) 6.088ms
[2023-04-08T10:00:04.825+0530][gc,start     ] GC(2) Pause Remark
[2023-04-08T10:00:04.828+0530][gc,stringtable] GC(2) Cleaned string and symbol table, strings: 5313 processed, 0 removed, symbols: 52285 processed, 50 removed
[2023-04-08T10:00:04.828+0530][gc            ] GC(2) Pause Remark 9M->9M(1024M) 3.558ms
[2023-04-08T10:00:04.828+0530][gc,cpu        ] GC(2) User=0.00s Sys=0.01s Real=0.00s
[2023-04-08T10:00:04.829+0530][gc,marking    ] GC(2) Concurrent Rebuild Remembered Sets
[2023-04-08T10:00:04.834+0530][gc,marking    ] GC(2) Concurrent Rebuild Remembered Sets 5.640ms
[2023-04-08T10:00:04.835+0530][gc,start      ] GC(2) Pause Cleanup
[2023-04-08T10:00:04.835+0530][gc            ] GC(2) Pause Cleanup 9M->9M(1024M) 0.312ms
[2023-04-08T10:00:04.835+0530][gc,cpu        ] GC(2) User=0.00s Sys=0.00s Real=0.00s
[2023-04-08T10:00:04.836+0530][gc,marking    ] GC(2) Concurrent Cleanup for Next Mark
[2023-04-08T10:00:04.845+0530][gc,marking    ] GC(2) Concurrent Cleanup for Next Mark 8.881ms
[2023-04-08T10:00:04.845+0530][gc            ] GC(2) Concurrent Cycle 33.695ms
[2023-04-08T10:00:05.736+0530][gc,start      ] GC(3) Pause Young (Normal) (G1 Evacuation Pause)
[2023-04-08T10:00:05.736+0530][gc,task       ] GC(3) Using 4 workers of 4 for evacuation
[2023-04-08T10:00:05.743+0530][gc,phases     ] GC(3)   Pre Evacuate Collection Set: 0.0ms
[2023-04-08T10:00:05.743+0530][gc,phases     ] GC(3)   Evacuate Collection Set: 6.5ms
[2023-04-08T10:00:05.743+0530][gc,phases     ] GC(3)   Post Evacuate Collection Set: 0.7ms
[2023-04-08T10:00:05.743+0530][gc,phases     ] GC(3)   Other: 0.2ms
[2023-04-08T10:00:05.743+0530][gc,heap       ] GC(3) Eden regions: 49->0(46)
[2023-04-08T10:00:05.743+0530][gc,heap       ] GC(3) Survivor regions: 2->5(7)
[2023-04-08T10:00:05.743+0530][gc,heap       ] GC(3) Old regions: 9->9
[2023-04-08T10:00:05.743+0530][gc,heap       ] GC(3) Humongous regions: 129->129
[2023-04-08T10:00:05.743+0530][gc,metaspace  ] GC(3) Metaspace: 28860K(29952K)->28860K(29952K) NonClass: 25499K(26112K)->25499K(26112K) Class: 3360K(3840K)->3360K(3840K)
[2023-04-08T10:00:05.743+0530][gc            ] GC(3) Pause Young (Normal) (G1 Evacuation Pause) 186M->140M(1024M) 7.613ms
[2023-04-08T10:00:05.743+0530][gc,cpu        ] GC(3) User=0.02s Sys=0.01s Real=0.01s
[2023-04-08T10:00:06.709+0530][gc,start      ] GC(4) Pause Young (Concurrent Start) (Metadata GC Threshold)
[2023-04-08T10:00:06.709+0530][gc,task       ] GC(4) Using 4 workers of 4 for evacuation
[2023-04-08T10:00:06.727+0530][gc,phases     ] GC(4)   Pre Evacuate Collection Set: 0.1ms
[2023-04-08T10:00:06.727+0530][gc,phases     ] GC(4)   Evacuate Collection Set: 16.8ms
[2023-04-08T10:00:06.727+0530][gc,phases     ] GC(4)   Post Evacuate Collection Set: 0.4ms
[2023-04-08T10:00:06.727+0530][gc,phases     ] GC(4)   Other: 0.3ms
[2023-04-08T10:00:06.727+0530][gc,heap       ] GC(4) Eden regions: 29->0(49)
[2023-04-08T10:00:06.727+0530][gc,heap       ] GC(4) Survivor regions: 5->2(7)
[2023-04-08T10:00:06.727+0530][gc,heap       ] GC(4) Old regions: 9->14
[2023-04-08T10:00:06.727+0530][gc,heap       ] GC(4) Humongous regions: 129->129
[2023-04-08T10:00:06.727+0530][gc,metaspace  ] GC(4) Metaspace: 34441K(35840K)->34441K(35840K) NonClass: 30395K(31104K)->30395K(31104K) Class: 4046K(4736K)->4046K(4736K)
[2023-04-08T10:00:06.727+0530][gc            ] GC(4) Pause Young (Concurrent Start) (Metadata GC Threshold) 169M->142M(1024M) 17.765ms
[2023-04-08T10:00:06.727+0530][gc,cpu        ] GC(4) User=0.03s Sys=0.01s Real=0.02s
[2023-04-08T10:00:06.728+0530][gc            ] GC(5) Concurrent Cycle
[2023-04-08T10:00:06.728+0530][gc,marking    ] GC(5) Concurrent Clear Claimed Marks
[2023-04-08T10:00:06.728+0530][gc,marking    ] GC(5) Concurrent Clear Claimed Marks 0.143ms
[2023-04-08T10:00:06.728+0530][gc,marking    ] GC(5) Concurrent Scan Root Regions
[2023-04-08T10:00:06.730+0530][gc,marking    ] GC(5) Concurrent Scan Root Regions 1.785ms
[2023-04-08T10:00:06.730+0530][gc,marking    ] GC(5) Concurrent Mark (3.589s)
[2023-04-08T10:00:06.730+0530][gc,marking    ] GC(5) Concurrent Mark From Roots
[2023-04-08T10:00:06.730+0530][gc,task       ] GC(5) Using 1 workers of 1 for marking
[2023-04-08T10:00:06.743+0530][gc,marking    ] GC(5) Concurrent Mark From Roots 13.751ms
[2023-04-08T10:00:06.743+0530][gc,marking    ] GC(5) Concurrent Preclean
[2023-04-08T10:00:06.744+0530][gc,marking    ] GC(5) Concurrent Preclean 0.142ms
[2023-04-08T10:00:06.744+0530][gc,marking    ] GC(5) Concurrent Mark (3.589s, 3.603s) 13.952ms
[2023-04-08T10:00:06.745+0530][gc,start      ] GC(5) Pause Remark
[2023-04-08T10:00:06.756+0530][gc,stringtable] GC(5) Cleaned string and symbol table, strings: 10956 processed, 12 removed, symbols: 84744 processed, 14 removed
[2023-04-08T10:00:06.757+0530][gc            ] GC(5) Pause Remark 143M->143M(1024M) 11.600ms
[2023-04-08T10:00:06.757+0530][gc,cpu        ] GC(5) User=0.03s Sys=0.00s Real=0.01s
[2023-04-08T10:00:06.757+0530][gc,marking    ] GC(5) Concurrent Rebuild Remembered Sets
[2023-04-08T10:00:06.766+0530][gc,marking    ] GC(5) Concurrent Rebuild Remembered Sets 8.595ms
[2023-04-08T10:00:06.767+0530][gc,start      ] GC(5) Pause Cleanup
[2023-04-08T10:00:06.767+0530][gc            ] GC(5) Pause Cleanup 144M->144M(1024M) 0.252ms
[2023-04-08T10:00:06.767+0530][gc,cpu        ] GC(5) User=0.00s Sys=0.00s Real=0.00s
[2023-04-08T10:00:06.768+0530][gc,marking    ] GC(5) Concurrent Cleanup for Next Mark
[2023-04-08T10:00:06.954+0530][gc,marking    ] GC(5) Concurrent Cleanup for Next Mark 186.770ms
[2023-04-08T10:00:06.954+0530][gc            ] GC(5) Concurrent Cycle 226.849ms
[2023-04-08T11:40:50.869+0530][gc,start      ] GC(6) Pause Young (Normal) (G1 Evacuation Pause)
[2023-04-08T11:40:50.869+0530][gc,task       ] GC(6) Using 4 workers of 4 for evacuation
[2023-04-08T11:40:50.889+0530][gc,mmu        ] GC(6) MMU target violated: 20.1ms (20.0ms/21.0ms)
[2023-04-08T11:40:50.889+0530][gc,phases     ] GC(6)   Pre Evacuate Collection Set: 3.1ms
[2023-04-08T11:40:50.889+0530][gc,phases     ] GC(6)   Evacuate Collection Set: 15.2ms
[2023-04-08T11:40:50.889+0530][gc,phases     ] GC(6)   Post Evacuate Collection Set: 1.3ms
[2023-04-08T11:40:50.889+0530][gc,phases     ] GC(6)   Other: 1.1ms
[2023-04-08T11:40:50.889+0530][gc,heap       ] GC(6) Eden regions: 49->0(48)
[2023-04-08T11:40:50.889+0530][gc,heap       ] GC(6) Survivor regions: 2->3(7)
[2023-04-08T11:40:50.889+0530][gc,heap       ] GC(6) Old regions: 14->14
[2023-04-08T11:40:50.889+0530][gc,heap       ] GC(6) Humongous regions: 129->129
[2023-04-08T11:40:50.889+0530][gc,metaspace  ] GC(6) Metaspace: 36808K(38400K)->36808K(38400K) NonClass: 32461K(33280K)->32461K(33280K) Class: 4346K(5120K)->4346K(5120K)
[2023-04-08T11:40:50.889+0530][gc            ] GC(6) Pause Young (Normal) (G1 Evacuation Pause) 191M->142M(1024M) 20.497ms
[2023-04-08T11:40:50.889+0530][gc,cpu        ] GC(6) User=0.04s Sys=0.01s Real=0.02s
[2023-04-08T13:47:59.184+0530][gc,start      ] GC(7) Pause Young (Normal) (G1 Evacuation Pause)
[2023-04-08T13:47:59.187+0530][gc,task       ] GC(7) Using 4 workers of 4 for evacuation
[2023-04-08T13:47:59.253+0530][gc,mmu        ] GC(7) MMU target violated: 21.0ms (20.0ms/21.0ms)
[2023-04-08T13:47:59.254+0530][gc,phases     ] GC(7)   Pre Evacuate Collection Set: 43.3ms
[2023-04-08T13:47:59.254+0530][gc,phases     ] GC(7)   Evacuate Collection Set: 20.1ms
[2023-04-08T13:47:59.254+0530][gc,phases     ] GC(7)   Post Evacuate Collection Set: 2.0ms
[2023-04-08T13:47:59.254+0530][gc,phases     ] GC(7)   Other: 6.1ms
[2023-04-08T13:47:59.254+0530][gc,heap       ] GC(7) Eden regions: 48->0(49)
[2023-04-08T13:47:59.254+0530][gc,heap       ] GC(7) Survivor regions: 3->2(7)
[2023-04-08T13:47:59.254+0530][gc,heap       ] GC(7) Old regions: 14->14
[2023-04-08T13:47:59.254+0530][gc,heap       ] GC(7) Humongous regions: 129->129
[2023-04-08T13:47:59.254+0530][gc,metaspace  ] GC(7) Metaspace: 36952K(38656K)->36952K(38656K) NonClass: 32605K(33536K)->32605K(33536K) Class: 4346K(5120K)->4346K(5120K)
[2023-04-08T13:47:59.254+0530][gc            ] GC(7) Pause Young (Normal) (G1 Evacuation Pause) 190M->142M(1024M) 69.638ms
[2023-04-08T13:47:59.254+0530][gc,cpu        ] GC(7) User=0.11s Sys=0.00s Real=0.07s
