[2023-04-08T14:12:56.924+0530][gc,heap] Heap region size: 1M
[2023-04-08T14:12:56.932+0530][gc     ] Using G1
[2023-04-08T14:12:56.932+0530][gc,heap,coops] Heap address: 0x00000000c0000000, size: 1024 MB, Compressed Oops mode: 32-bit
[2023-04-08T14:12:56.932+0530][gc,cds       ] Mark closed archive regions in map: [0x00000000fff00000, 0x00000000fff6aff8]
[2023-04-08T14:12:56.932+0530][gc,cds       ] Mark open archive regions in map: [0x00000000ffe00000, 0x00000000ffe47ff8]
[2023-04-08T14:12:58.242+0530][gc,start     ] GC(0) Pause Young (Normal) (G1 Evacuation Pause)
[2023-04-08T14:12:58.283+0530][gc,task      ] GC(0) Using 4 workers of 4 for evacuation
[2023-04-08T14:12:58.328+0530][gc,mmu       ] GC(0) MMU target violated: 21.0ms (20.0ms/21.0ms)
[2023-04-08T14:12:58.328+0530][gc,phases    ] GC(0)   Pre Evacuate Collection Set: 0.0ms
[2023-04-08T14:12:58.328+0530][gc,phases    ] GC(0)   Evacuate Collection Set: 43.9ms
[2023-04-08T14:12:58.328+0530][gc,phases    ] GC(0)   Post Evacuate Collection Set: 0.9ms
[2023-04-08T14:12:58.328+0530][gc,phases    ] GC(0)   Other: 40.7ms
[2023-04-08T14:12:58.328+0530][gc,heap      ] GC(0) Eden regions: 51->0(44)
[2023-04-08T14:12:58.328+0530][gc,heap      ] GC(0) Survivor regions: 0->7(7)
[2023-04-08T14:12:58.328+0530][gc,heap      ] GC(0) Old regions: 2->2
[2023-04-08T14:12:58.328+0530][gc,heap      ] GC(0) Humongous regions: 0->0
[2023-04-08T14:12:58.328+0530][gc,metaspace ] GC(0) Metaspace: 14036K(14848K)->14036K(14848K) NonClass: 12317K(12800K)->12317K(12800K) Class: 1718K(2048K)->1718K(2048K)
[2023-04-08T14:12:58.328+0530][gc           ] GC(0) Pause Young (Normal) (G1 Evacuation Pause) 51M->7M(1024M) 85.546ms
[2023-04-08T14:12:58.328+0530][gc,cpu       ] GC(0) User=0.01s Sys=0.09s Real=0.08s
[2023-04-08T14:12:59.145+0530][gc,start     ] GC(1) Pause Young (Concurrent Start) (Metadata GC Threshold)
[2023-04-08T14:12:59.145+0530][gc,task      ] GC(1) Using 4 workers of 4 for evacuation
[2023-04-08T14:12:59.207+0530][gc,mmu       ] GC(1) MMU target violated: 21.0ms (20.0ms/21.0ms)
[2023-04-08T14:12:59.207+0530][gc,phases    ] GC(1)   Pre Evacuate Collection Set: 0.2ms
[2023-04-08T14:12:59.207+0530][gc,phases    ] GC(1)   Evacuate Collection Set: 60.6ms
[2023-04-08T14:12:59.207+0530][gc,phases    ] GC(1)   Post Evacuate Collection Set: 0.4ms
[2023-04-08T14:12:59.207+0530][gc,phases    ] GC(1)   Other: 0.5ms
[2023-04-08T14:12:59.207+0530][gc,heap      ] GC(1) Eden regions: 31->0(50)
[2023-04-08T14:12:59.207+0530][gc,heap      ] GC(1) Survivor regions: 7->1(7)
[2023-04-08T14:12:59.207+0530][gc,heap      ] GC(1) Old regions: 2->9
[2023-04-08T14:12:59.207+0530][gc,heap      ] GC(1) Humongous regions: 0->0
[2023-04-08T14:12:59.207+0530][gc,metaspace ] GC(1) Metaspace: 20599K(21248K)->20599K(21248K) NonClass: 18112K(18432K)->18112K(18432K) Class: 2486K(2816K)->2486K(2816K)
[2023-04-08T14:12:59.207+0530][gc           ] GC(1) Pause Young (Concurrent Start) (Metadata GC Threshold) 38M->8M(1024M) 61.679ms
[2023-04-08T14:12:59.207+0530][gc,cpu       ] GC(1) User=0.04s Sys=0.06s Real=0.06s
[2023-04-08T14:12:59.207+0530][gc           ] GC(2) Concurrent Cycle
[2023-04-08T14:12:59.207+0530][gc,marking   ] GC(2) Concurrent Clear Claimed Marks
[2023-04-08T14:12:59.208+0530][gc,marking   ] GC(2) Concurrent Clear Claimed Marks 0.211ms
[2023-04-08T14:12:59.208+0530][gc,marking   ] GC(2) Concurrent Scan Root Regions
[2023-04-08T14:12:59.209+0530][gc,marking   ] GC(2) Concurrent Scan Root Regions 1.292ms
[2023-04-08T14:12:59.209+0530][gc,marking   ] GC(2) Concurrent Mark (2.291s)
[2023-04-08T14:12:59.209+0530][gc,marking   ] GC(2) Concurrent Mark From Roots
[2023-04-08T14:12:59.209+0530][gc,task      ] GC(2) Using 1 workers of 1 for marking
[2023-04-08T14:12:59.229+0530][gc,marking   ] GC(2) Concurrent Mark From Roots 19.961ms
[2023-04-08T14:12:59.229+0530][gc,marking   ] GC(2) Concurrent Preclean
[2023-04-08T14:12:59.229+0530][gc,marking   ] GC(2) Concurrent Preclean 0.093ms
[2023-04-08T14:12:59.229+0530][gc,marking   ] GC(2) Concurrent Mark (2.291s, 2.311s) 20.104ms
[2023-04-08T14:12:59.229+0530][gc,start     ] GC(2) Pause Remark
[2023-04-08T14:12:59.232+0530][gc,stringtable] GC(2) Cleaned string and symbol table, strings: 5186 processed, 0 removed, symbols: 52902 processed, 43 removed
[2023-04-08T14:12:59.233+0530][gc            ] GC(2) Pause Remark 9M->9M(1024M) 3.476ms
[2023-04-08T14:12:59.233+0530][gc,cpu        ] GC(2) User=0.00s Sys=0.01s Real=0.01s
[2023-04-08T14:12:59.233+0530][gc,marking    ] GC(2) Concurrent Rebuild Remembered Sets
[2023-04-08T14:12:59.237+0530][gc,marking    ] GC(2) Concurrent Rebuild Remembered Sets 4.257ms
[2023-04-08T14:12:59.238+0530][gc,start      ] GC(2) Pause Cleanup
[2023-04-08T14:12:59.238+0530][gc            ] GC(2) Pause Cleanup 9M->9M(1024M) 0.255ms
[2023-04-08T14:12:59.238+0530][gc,cpu        ] GC(2) User=0.00s Sys=0.00s Real=0.00s
[2023-04-08T14:12:59.238+0530][gc,marking    ] GC(2) Concurrent Cleanup for Next Mark
[2023-04-08T14:12:59.356+0530][gc,marking    ] GC(2) Concurrent Cleanup for Next Mark 118.277ms
[2023-04-08T14:12:59.356+0530][gc            ] GC(2) Concurrent Cycle 149.210ms
[2023-04-08T14:13:01.371+0530][gc,start      ] GC(3) Pause Young (Normal) (G1 Evacuation Pause)
[2023-04-08T14:13:01.371+0530][gc,task       ] GC(3) Using 4 workers of 4 for evacuation
[2023-04-08T14:13:01.380+0530][gc,phases     ] GC(3)   Pre Evacuate Collection Set: 0.0ms
[2023-04-08T14:13:01.380+0530][gc,phases     ] GC(3)   Evacuate Collection Set: 8.1ms
[2023-04-08T14:13:01.380+0530][gc,phases     ] GC(3)   Post Evacuate Collection Set: 1.0ms
[2023-04-08T14:13:01.381+0530][gc,phases     ] GC(3)   Other: 0.2ms
[2023-04-08T14:13:01.381+0530][gc,heap       ] GC(3) Eden regions: 50->0(46)
[2023-04-08T14:13:01.381+0530][gc,heap       ] GC(3) Survivor regions: 1->5(7)
[2023-04-08T14:13:01.381+0530][gc,heap       ] GC(3) Old regions: 9->9
[2023-04-08T14:13:01.381+0530][gc,heap       ] GC(3) Humongous regions: 129->129
[2023-04-08T14:13:01.381+0530][gc,metaspace  ] GC(3) Metaspace: 28762K(29952K)->28762K(29952K) NonClass: 25404K(26112K)->25404K(26112K) Class: 3358K(3840K)->3358K(3840K)
[2023-04-08T14:13:01.381+0530][gc            ] GC(3) Pause Young (Normal) (G1 Evacuation Pause) 187M->141M(1024M) 9.486ms
[2023-04-08T14:13:01.381+0530][gc,cpu        ] GC(3) User=0.00s Sys=0.01s Real=0.00s
[2023-04-08T14:13:01.944+0530][gc,start      ] GC(4) Pause Young (Concurrent Start) (Metadata GC Threshold)
[2023-04-08T14:13:01.944+0530][gc,task       ] GC(4) Using 4 workers of 4 for evacuation
[2023-04-08T14:13:01.952+0530][gc,phases     ] GC(4)   Pre Evacuate Collection Set: 0.1ms
[2023-04-08T14:13:01.952+0530][gc,phases     ] GC(4)   Evacuate Collection Set: 7.3ms
[2023-04-08T14:13:01.952+0530][gc,phases     ] GC(4)   Post Evacuate Collection Set: 0.3ms
[2023-04-08T14:13:01.952+0530][gc,phases     ] GC(4)   Other: 0.2ms
[2023-04-08T14:13:01.952+0530][gc,heap       ] GC(4) Eden regions: 32->0(49)
[2023-04-08T14:13:01.952+0530][gc,heap       ] GC(4) Survivor regions: 5->2(7)
[2023-04-08T14:13:01.952+0530][gc,heap       ] GC(4) Old regions: 9->14
[2023-04-08T14:13:01.952+0530][gc,heap       ] GC(4) Humongous regions: 129->129
[2023-04-08T14:13:01.952+0530][gc,metaspace  ] GC(4) Metaspace: 34567K(35840K)->34567K(35840K) NonClass: 30563K(31232K)->30563K(31232K) Class: 4003K(4608K)->4003K(4608K)
[2023-04-08T14:13:01.952+0530][gc            ] GC(4) Pause Young (Concurrent Start) (Metadata GC Threshold) 172M->142M(1024M) 7.957ms
[2023-04-08T14:13:01.952+0530][gc,cpu        ] GC(4) User=0.01s Sys=0.01s Real=0.00s
[2023-04-08T14:13:01.952+0530][gc            ] GC(5) Concurrent Cycle
[2023-04-08T14:13:01.952+0530][gc,marking    ] GC(5) Concurrent Clear Claimed Marks
[2023-04-08T14:13:01.952+0530][gc,marking    ] GC(5) Concurrent Clear Claimed Marks 0.103ms
[2023-04-08T14:13:01.952+0530][gc,marking    ] GC(5) Concurrent Scan Root Regions
[2023-04-08T14:13:01.953+0530][gc,marking    ] GC(5) Concurrent Scan Root Regions 1.316ms
[2023-04-08T14:13:01.953+0530][gc,marking    ] GC(5) Concurrent Mark (5.036s)
[2023-04-08T14:13:01.953+0530][gc,marking    ] GC(5) Concurrent Mark From Roots
[2023-04-08T14:13:01.953+0530][gc,task       ] GC(5) Using 1 workers of 1 for marking
[2023-04-08T14:13:01.964+0530][gc,marking    ] GC(5) Concurrent Mark From Roots 10.635ms
[2023-04-08T14:13:01.964+0530][gc,marking    ] GC(5) Concurrent Preclean
[2023-04-08T14:13:01.964+0530][gc,marking    ] GC(5) Concurrent Preclean 0.066ms
[2023-04-08T14:13:01.964+0530][gc,marking    ] GC(5) Concurrent Mark (5.036s, 5.047s) 10.765ms
[2023-04-08T14:13:01.964+0530][gc,start      ] GC(5) Pause Remark
[2023-04-08T14:13:01.985+0530][gc,stringtable] GC(5) Cleaned string and symbol table, strings: 10919 processed, 12 removed, symbols: 85343 processed, 14 removed
[2023-04-08T14:13:01.985+0530][gc,mmu        ] GC(5) MMU target violated: 21.0ms (20.0ms/21.0ms)
[2023-04-08T14:13:01.986+0530][gc            ] GC(5) Pause Remark 142M->142M(1024M) 21.048ms
[2023-04-08T14:13:01.986+0530][gc,cpu        ] GC(5) User=0.03s Sys=0.01s Real=0.02s
[2023-04-08T14:13:01.986+0530][gc,marking    ] GC(5) Concurrent Rebuild Remembered Sets
[2023-04-08T14:13:01.992+0530][gc,marking    ] GC(5) Concurrent Rebuild Remembered Sets 6.135ms
[2023-04-08T14:13:01.992+0530][gc,start      ] GC(5) Pause Cleanup
[2023-04-08T14:13:01.992+0530][gc            ] GC(5) Pause Cleanup 142M->142M(1024M) 0.125ms
[2023-04-08T14:13:01.992+0530][gc,cpu        ] GC(5) User=0.00s Sys=0.00s Real=0.00s
[2023-04-08T14:13:01.992+0530][gc,marking    ] GC(5) Concurrent Cleanup for Next Mark
[2023-04-08T14:13:02.001+0530][gc,marking    ] GC(5) Concurrent Cleanup for Next Mark 8.481ms
[2023-04-08T14:13:02.001+0530][gc            ] GC(5) Concurrent Cycle 48.737ms
[2023-04-08T14:20:00.357+0530][gc,heap,exit  ] Heap
[2023-04-08T14:20:00.357+0530][gc,heap,exit  ]  garbage-first heap   total 1048576K, used 159168K [0x00000000c0000000, 0x0000000100000000)
[2023-04-08T14:20:00.357+0530][gc,heap,exit  ]   region size 1024K, 17 young (17408K), 2 survivors (2048K)
[2023-04-08T14:20:00.357+0530][gc,heap,exit  ]  Metaspace       used 36023K, capacity 37514K, committed 37760K, reserved 1081344K
[2023-04-08T14:20:00.357+0530][gc,heap,exit  ]   class space    used 4260K, capacity 4971K, committed 4992K, reserved 1048576K
