[2023-04-08T14:24:51.112+0530][gc,heap] Heap region size: 1M
[2023-04-08T14:24:51.120+0530][gc     ] Using G1
[2023-04-08T14:24:51.120+0530][gc,heap,coops] Heap address: 0x00000000c0000000, size: 1024 MB, Compressed Oops mode: 32-bit
[2023-04-08T14:24:51.120+0530][gc,cds       ] Mark closed archive regions in map: [0x00000000fff00000, 0x00000000fff6aff8]
[2023-04-08T14:24:51.120+0530][gc,cds       ] Mark open archive regions in map: [0x00000000ffe00000, 0x00000000ffe47ff8]
[2023-04-08T14:24:51.944+0530][gc,start     ] GC(0) Pause Young (Normal) (G1 Evacuation Pause)
[2023-04-08T14:24:51.945+0530][gc,task      ] GC(0) Using 4 workers of 4 for evacuation
[2023-04-08T14:24:51.960+0530][gc,phases    ] GC(0)   Pre Evacuate Collection Set: 0.0ms
[2023-04-08T14:24:51.960+0530][gc,phases    ] GC(0)   Evacuate Collection Set: 13.9ms
[2023-04-08T14:24:51.960+0530][gc,phases    ] GC(0)   Post Evacuate Collection Set: 0.9ms
[2023-04-08T14:24:51.960+0530][gc,phases    ] GC(0)   Other: 1.7ms
[2023-04-08T14:24:51.960+0530][gc,heap      ] GC(0) Eden regions: 51->0(44)
[2023-04-08T14:24:51.960+0530][gc,heap      ] GC(0) Survivor regions: 0->7(7)
[2023-04-08T14:24:51.960+0530][gc,heap      ] GC(0) Old regions: 2->2
[2023-04-08T14:24:51.960+0530][gc,heap      ] GC(0) Humongous regions: 0->0
[2023-04-08T14:24:51.960+0530][gc,metaspace ] GC(0) Metaspace: 14230K(15104K)->14230K(15104K) NonClass: 12483K(13056K)->12483K(13056K) Class: 1747K(2048K)->1747K(2048K)
[2023-04-08T14:24:51.960+0530][gc           ] GC(0) Pause Young (Normal) (G1 Evacuation Pause) 51M->7M(1024M) 16.590ms
[2023-04-08T14:24:51.960+0530][gc,cpu       ] GC(0) User=0.01s Sys=0.01s Real=0.02s
[2023-04-08T14:24:52.429+0530][gc,start     ] GC(1) Pause Young (Concurrent Start) (Metadata GC Threshold)
[2023-04-08T14:24:52.429+0530][gc,task      ] GC(1) Using 4 workers of 4 for evacuation
[2023-04-08T14:24:52.446+0530][gc,phases    ] GC(1)   Pre Evacuate Collection Set: 0.1ms
[2023-04-08T14:24:52.446+0530][gc,phases    ] GC(1)   Evacuate Collection Set: 11.1ms
[2023-04-08T14:24:52.446+0530][gc,phases    ] GC(1)   Post Evacuate Collection Set: 5.4ms
[2023-04-08T14:24:52.446+0530][gc,phases    ] GC(1)   Other: 0.3ms
[2023-04-08T14:24:52.446+0530][gc,heap      ] GC(1) Eden regions: 29->0(49)
[2023-04-08T14:24:52.446+0530][gc,heap      ] GC(1) Survivor regions: 7->2(7)
[2023-04-08T14:24:52.446+0530][gc,heap      ] GC(1) Old regions: 2->9
[2023-04-08T14:24:52.446+0530][gc,heap      ] GC(1) Humongous regions: 0->0
[2023-04-08T14:24:52.446+0530][gc,metaspace ] GC(1) Metaspace: 20549K(21248K)->20549K(21248K) NonClass: 18068K(18432K)->18068K(18432K) Class: 2480K(2816K)->2480K(2816K)
[2023-04-08T14:24:52.446+0530][gc           ] GC(1) Pause Young (Concurrent Start) (Metadata GC Threshold) 36M->8M(1024M) 16.914ms
[2023-04-08T14:24:52.446+0530][gc,cpu       ] GC(1) User=0.02s Sys=0.01s Real=0.02s
[2023-04-08T14:24:52.446+0530][gc           ] GC(2) Concurrent Cycle
[2023-04-08T14:24:52.446+0530][gc,marking   ] GC(2) Concurrent Clear Claimed Marks
[2023-04-08T14:24:52.446+0530][gc,marking   ] GC(2) Concurrent Clear Claimed Marks 0.204ms
[2023-04-08T14:24:52.446+0530][gc,marking   ] GC(2) Concurrent Scan Root Regions
[2023-04-08T14:24:52.448+0530][gc,marking   ] GC(2) Concurrent Scan Root Regions 1.381ms
[2023-04-08T14:24:52.448+0530][gc,marking   ] GC(2) Concurrent Mark (1.342s)
[2023-04-08T14:24:52.448+0530][gc,marking   ] GC(2) Concurrent Mark From Roots
[2023-04-08T14:24:52.448+0530][gc,task      ] GC(2) Using 1 workers of 1 for marking
[2023-04-08T14:24:52.455+0530][gc,marking   ] GC(2) Concurrent Mark From Roots 7.213ms
[2023-04-08T14:24:52.455+0530][gc,marking   ] GC(2) Concurrent Preclean
[2023-04-08T14:24:52.455+0530][gc,marking   ] GC(2) Concurrent Preclean 0.071ms
[2023-04-08T14:24:52.455+0530][gc,marking   ] GC(2) Concurrent Mark (1.342s, 1.349s) 7.331ms
[2023-04-08T14:24:52.455+0530][gc,start     ] GC(2) Pause Remark
[2023-04-08T14:24:52.462+0530][gc,stringtable] GC(2) Cleaned string and symbol table, strings: 5165 processed, 0 removed, symbols: 52740 processed, 43 removed
[2023-04-08T14:24:52.462+0530][gc            ] GC(2) Pause Remark 8M->8M(1024M) 6.544ms
[2023-04-08T14:24:52.462+0530][gc,cpu        ] GC(2) User=0.01s Sys=0.00s Real=0.01s
[2023-04-08T14:24:52.462+0530][gc,marking    ] GC(2) Concurrent Rebuild Remembered Sets
[2023-04-08T14:24:52.466+0530][gc,marking    ] GC(2) Concurrent Rebuild Remembered Sets 3.599ms
[2023-04-08T14:24:52.466+0530][gc,start      ] GC(2) Pause Cleanup
[2023-04-08T14:24:52.467+0530][gc            ] GC(2) Pause Cleanup 9M->9M(1024M) 0.281ms
[2023-04-08T14:24:52.467+0530][gc,cpu        ] GC(2) User=0.00s Sys=0.00s Real=0.00s
[2023-04-08T14:24:52.467+0530][gc,marking    ] GC(2) Concurrent Cleanup for Next Mark
[2023-04-08T14:24:52.479+0530][gc,marking    ] GC(2) Concurrent Cleanup for Next Mark 11.848ms
[2023-04-08T14:24:52.479+0530][gc            ] GC(2) Concurrent Cycle 32.752ms
[2023-04-08T14:24:53.071+0530][gc,start      ] GC(3) Pause Young (Normal) (G1 Evacuation Pause)
[2023-04-08T14:24:53.071+0530][gc,task       ] GC(3) Using 4 workers of 4 for evacuation
[2023-04-08T14:24:53.078+0530][gc,phases     ] GC(3)   Pre Evacuate Collection Set: 0.0ms
[2023-04-08T14:24:53.078+0530][gc,phases     ] GC(3)   Evacuate Collection Set: 5.6ms
[2023-04-08T14:24:53.078+0530][gc,phases     ] GC(3)   Post Evacuate Collection Set: 0.6ms
[2023-04-08T14:24:53.078+0530][gc,phases     ] GC(3)   Other: 0.2ms
[2023-04-08T14:24:53.078+0530][gc,heap       ] GC(3) Eden regions: 49->0(46)
[2023-04-08T14:24:53.078+0530][gc,heap       ] GC(3) Survivor regions: 2->5(7)
[2023-04-08T14:24:53.078+0530][gc,heap       ] GC(3) Old regions: 9->9
[2023-04-08T14:24:53.078+0530][gc,heap       ] GC(3) Humongous regions: 129->129
[2023-04-08T14:24:53.078+0530][gc,metaspace  ] GC(3) Metaspace: 28758K(29952K)->28758K(29952K) NonClass: 25410K(26112K)->25410K(26112K) Class: 3347K(3840K)->3347K(3840K)
[2023-04-08T14:24:53.078+0530][gc            ] GC(3) Pause Young (Normal) (G1 Evacuation Pause) 186M->140M(1024M) 6.410ms
[2023-04-08T14:24:53.078+0530][gc,cpu        ] GC(3) User=0.02s Sys=0.00s Real=0.00s
[2023-04-08T14:24:53.595+0530][gc,start      ] GC(4) Pause Young (Concurrent Start) (Metadata GC Threshold)
[2023-04-08T14:24:53.595+0530][gc,task       ] GC(4) Using 4 workers of 4 for evacuation
[2023-04-08T14:24:53.605+0530][gc,phases     ] GC(4)   Pre Evacuate Collection Set: 0.1ms
[2023-04-08T14:24:53.605+0530][gc,phases     ] GC(4)   Evacuate Collection Set: 8.3ms
[2023-04-08T14:24:53.605+0530][gc,phases     ] GC(4)   Post Evacuate Collection Set: 1.0ms
[2023-04-08T14:24:53.605+0530][gc,phases     ] GC(4)   Other: 0.2ms
[2023-04-08T14:24:53.605+0530][gc,heap       ] GC(4) Eden regions: 31->0(49)
[2023-04-08T14:24:53.605+0530][gc,heap       ] GC(4) Survivor regions: 5->2(7)
[2023-04-08T14:24:53.605+0530][gc,heap       ] GC(4) Old regions: 9->13
[2023-04-08T14:24:53.605+0530][gc,heap       ] GC(4) Humongous regions: 129->129
[2023-04-08T14:24:53.605+0530][gc,metaspace  ] GC(4) Metaspace: 34589K(35840K)->34589K(35840K) NonClass: 30587K(31232K)->30587K(31232K) Class: 4002K(4608K)->4002K(4608K)
[2023-04-08T14:24:53.605+0530][gc            ] GC(4) Pause Young (Concurrent Start) (Metadata GC Threshold) 171M->142M(1024M) 9.770ms
[2023-04-08T14:24:53.605+0530][gc,cpu        ] GC(4) User=0.01s Sys=0.01s Real=0.01s
[2023-04-08T14:24:53.605+0530][gc            ] GC(5) Concurrent Cycle
[2023-04-08T14:24:53.605+0530][gc,marking    ] GC(5) Concurrent Clear Claimed Marks
[2023-04-08T14:24:53.605+0530][gc,marking    ] GC(5) Concurrent Clear Claimed Marks 0.074ms
[2023-04-08T14:24:53.605+0530][gc,marking    ] GC(5) Concurrent Scan Root Regions
[2023-04-08T14:24:53.606+0530][gc,marking    ] GC(5) Concurrent Scan Root Regions 1.421ms
[2023-04-08T14:24:53.607+0530][gc,marking    ] GC(5) Concurrent Mark (2.500s)
[2023-04-08T14:24:53.607+0530][gc,marking    ] GC(5) Concurrent Mark From Roots
[2023-04-08T14:24:53.607+0530][gc,task       ] GC(5) Using 1 workers of 1 for marking
[2023-04-08T14:24:53.624+0530][gc,marking    ] GC(5) Concurrent Mark From Roots 17.410ms
[2023-04-08T14:24:53.624+0530][gc,marking    ] GC(5) Concurrent Preclean
[2023-04-08T14:24:53.624+0530][gc,marking    ] GC(5) Concurrent Preclean 0.060ms
[2023-04-08T14:24:53.624+0530][gc,marking    ] GC(5) Concurrent Mark (2.500s, 2.518s) 17.529ms
[2023-04-08T14:24:53.625+0530][gc,start      ] GC(5) Pause Remark
[2023-04-08T14:24:53.629+0530][gc,stringtable] GC(5) Cleaned string and symbol table, strings: 10930 processed, 12 removed, symbols: 85328 processed, 15 removed
[2023-04-08T14:24:53.629+0530][gc            ] GC(5) Pause Remark 142M->142M(1024M) 4.587ms
[2023-04-08T14:24:53.629+0530][gc,cpu        ] GC(5) User=0.01s Sys=0.00s Real=0.00s
[2023-04-08T14:24:53.630+0530][gc,marking    ] GC(5) Concurrent Rebuild Remembered Sets
[2023-04-08T14:24:53.636+0530][gc,marking    ] GC(5) Concurrent Rebuild Remembered Sets 6.869ms
[2023-04-08T14:24:53.637+0530][gc,start      ] GC(5) Pause Cleanup
[2023-04-08T14:24:53.637+0530][gc            ] GC(5) Pause Cleanup 142M->142M(1024M) 0.430ms
[2023-04-08T14:24:53.637+0530][gc,cpu        ] GC(5) User=0.00s Sys=0.00s Real=0.00s
[2023-04-08T14:24:53.638+0530][gc,marking    ] GC(5) Concurrent Cleanup for Next Mark
[2023-04-08T14:24:53.645+0530][gc,marking    ] GC(5) Concurrent Cleanup for Next Mark 7.231ms
[2023-04-08T14:24:53.645+0530][gc            ] GC(5) Concurrent Cycle 39.913ms
[2023-04-08T14:35:15.738+0530][gc,heap,exit  ] Heap
[2023-04-08T14:35:15.738+0530][gc,heap,exit  ]  garbage-first heap   total 1048576K, used 162285K [0x00000000c0000000, 0x0000000100000000)
[2023-04-08T14:35:15.738+0530][gc,heap,exit  ]   region size 1024K, 19 young (19456K), 2 survivors (2048K)
[2023-04-08T14:35:15.738+0530][gc,heap,exit  ]  Metaspace       used 36012K, capacity 37459K, committed 37760K, reserved 1081344K
[2023-04-08T14:35:15.738+0530][gc,heap,exit  ]   class space    used 4249K, capacity 4932K, committed 4992K, reserved 1048576K
