[2023-04-08T14:22:57.157+0530][gc,heap] Heap region size: 1M
[2023-04-08T14:22:57.165+0530][gc     ] Using G1
[2023-04-08T14:22:57.165+0530][gc,heap,coops] Heap address: 0x00000000c0000000, size: 1024 MB, Compressed Oops mode: 32-bit
[2023-04-08T14:22:57.166+0530][gc,cds       ] Mark closed archive regions in map: [0x00000000fff00000, 0x00000000fff6aff8]
[2023-04-08T14:22:57.166+0530][gc,cds       ] Mark open archive regions in map: [0x00000000ffe00000, 0x00000000ffe47ff8]
[2023-04-08T14:22:57.961+0530][gc,start     ] GC(0) Pause Young (Normal) (G1 Evacuation Pause)
[2023-04-08T14:22:57.972+0530][gc,task      ] GC(0) Using 4 workers of 4 for evacuation
[2023-04-08T14:22:57.979+0530][gc,phases    ] GC(0)   Pre Evacuate Collection Set: 0.2ms
[2023-04-08T14:22:57.979+0530][gc,phases    ] GC(0)   Evacuate Collection Set: 6.4ms
[2023-04-08T14:22:57.979+0530][gc,phases    ] GC(0)   Post Evacuate Collection Set: 0.6ms
[2023-04-08T14:22:57.979+0530][gc,phases    ] GC(0)   Other: 11.0ms
[2023-04-08T14:22:57.979+0530][gc,heap      ] GC(0) Eden regions: 51->0(44)
[2023-04-08T14:22:57.979+0530][gc,heap      ] GC(0) Survivor regions: 0->7(7)
[2023-04-08T14:22:57.979+0530][gc,heap      ] GC(0) Old regions: 2->2
[2023-04-08T14:22:57.979+0530][gc,heap      ] GC(0) Humongous regions: 0->0
[2023-04-08T14:22:57.979+0530][gc,metaspace ] GC(0) Metaspace: 14220K(15104K)->14220K(15104K) NonClass: 12473K(13056K)->12473K(13056K) Class: 1747K(2048K)->1747K(2048K)
[2023-04-08T14:22:57.979+0530][gc           ] GC(0) Pause Young (Normal) (G1 Evacuation Pause) 51M->7M(1024M) 18.172ms
[2023-04-08T14:22:57.979+0530][gc,cpu       ] GC(0) User=0.02s Sys=0.01s Real=0.02s
[2023-04-08T14:22:58.454+0530][gc,heap,exit ] Heap
[2023-04-08T14:22:58.454+0530][gc,heap,exit ]  garbage-first heap   total 1048576K, used 29844K [0x00000000c0000000, 0x0000000100000000)
[2023-04-08T14:22:58.454+0530][gc,heap,exit ]   region size 1024K, 30 young (30720K), 7 survivors (7168K)
[2023-04-08T14:22:58.454+0530][gc,heap,exit ]  Metaspace       used 19417K, capacity 19908K, committed 20352K, reserved 1067008K
[2023-04-08T14:22:58.454+0530][gc,heap,exit ]   class space    used 2335K, capacity 2563K, committed 2688K, reserved 1048576K
