[2023-04-08T14:24:58.822+0530][gc,heap] Heap region size: 1M
[2023-04-08T14:24:58.830+0530][gc     ] Using G1
[2023-04-08T14:24:58.830+0530][gc,heap,coops] Heap address: 0x00000000c0000000, size: 1024 MB, Compressed Oops mode: 32-bit
[2023-04-08T14:24:58.830+0530][gc,cds       ] Mark closed archive regions in map: [0x00000000fff00000, 0x00000000fff6aff8]
[2023-04-08T14:24:58.830+0530][gc,cds       ] Mark open archive regions in map: [0x00000000ffe00000, 0x00000000ffe47ff8]
[2023-04-08T14:24:59.642+0530][gc,start     ] GC(0) Pause Young (Normal) (G1 Evacuation Pause)
[2023-04-08T14:24:59.649+0530][gc,task      ] GC(0) Using 4 workers of 4 for evacuation
[2023-04-08T14:24:59.661+0530][gc,phases    ] GC(0)   Pre Evacuate Collection Set: 0.0ms
[2023-04-08T14:24:59.661+0530][gc,phases    ] GC(0)   Evacuate Collection Set: 10.3ms
[2023-04-08T14:24:59.661+0530][gc,phases    ] GC(0)   Post Evacuate Collection Set: 1.4ms
[2023-04-08T14:24:59.661+0530][gc,phases    ] GC(0)   Other: 7.5ms
[2023-04-08T14:24:59.661+0530][gc,heap      ] GC(0) Eden regions: 51->0(44)
[2023-04-08T14:24:59.661+0530][gc,heap      ] GC(0) Survivor regions: 0->7(7)
[2023-04-08T14:24:59.661+0530][gc,heap      ] GC(0) Old regions: 2->2
[2023-04-08T14:24:59.661+0530][gc,heap      ] GC(0) Humongous regions: 0->0
[2023-04-08T14:24:59.661+0530][gc,metaspace ] GC(0) Metaspace: 14219K(15104K)->14219K(15104K) NonClass: 12472K(13056K)->12472K(13056K) Class: 1747K(2048K)->1747K(2048K)
[2023-04-08T14:24:59.661+0530][gc           ] GC(0) Pause Young (Normal) (G1 Evacuation Pause) 51M->7M(1024M) 19.275ms
[2023-04-08T14:24:59.661+0530][gc,cpu       ] GC(0) User=0.02s Sys=0.01s Real=0.02s
[2023-04-08T14:25:00.152+0530][gc,start     ] GC(1) Pause Young (Concurrent Start) (Metadata GC Threshold)
[2023-04-08T14:25:00.152+0530][gc,task      ] GC(1) Using 4 workers of 4 for evacuation
[2023-04-08T14:25:00.163+0530][gc,phases    ] GC(1)   Pre Evacuate Collection Set: 0.1ms
[2023-04-08T14:25:00.163+0530][gc,phases    ] GC(1)   Evacuate Collection Set: 9.9ms
[2023-04-08T14:25:00.163+0530][gc,phases    ] GC(1)   Post Evacuate Collection Set: 0.8ms
[2023-04-08T14:25:00.163+0530][gc,phases    ] GC(1)   Other: 0.2ms
[2023-04-08T14:25:00.163+0530][gc,heap      ] GC(1) Eden regions: 29->0(49)
[2023-04-08T14:25:00.163+0530][gc,heap      ] GC(1) Survivor regions: 7->2(7)
[2023-04-08T14:25:00.163+0530][gc,heap      ] GC(1) Old regions: 2->9
[2023-04-08T14:25:00.163+0530][gc,heap      ] GC(1) Humongous regions: 0->0
[2023-04-08T14:25:00.163+0530][gc,metaspace ] GC(1) Metaspace: 20514K(21248K)->20514K(21248K) NonClass: 18034K(18432K)->18034K(18432K) Class: 2479K(2816K)->2479K(2816K)
[2023-04-08T14:25:00.163+0530][gc           ] GC(1) Pause Young (Concurrent Start) (Metadata GC Threshold) 36M->8M(1024M) 11.123ms
[2023-04-08T14:25:00.163+0530][gc,cpu       ] GC(1) User=0.02s Sys=0.01s Real=0.01s
[2023-04-08T14:25:00.163+0530][gc           ] GC(2) Concurrent Cycle
[2023-04-08T14:25:00.163+0530][gc,marking   ] GC(2) Concurrent Clear Claimed Marks
[2023-04-08T14:25:00.163+0530][gc,marking   ] GC(2) Concurrent Clear Claimed Marks 0.053ms
[2023-04-08T14:25:00.163+0530][gc,marking   ] GC(2) Concurrent Scan Root Regions
[2023-04-08T14:25:00.165+0530][gc,marking   ] GC(2) Concurrent Scan Root Regions 1.029ms
[2023-04-08T14:25:00.165+0530][gc,marking   ] GC(2) Concurrent Mark (1.348s)
[2023-04-08T14:25:00.165+0530][gc,marking   ] GC(2) Concurrent Mark From Roots
[2023-04-08T14:25:00.165+0530][gc,task      ] GC(2) Using 1 workers of 1 for marking
[2023-04-08T14:25:00.181+0530][gc,marking   ] GC(2) Concurrent Mark From Roots 16.440ms
[2023-04-08T14:25:00.181+0530][gc,marking   ] GC(2) Concurrent Preclean
[2023-04-08T14:25:00.181+0530][gc,marking   ] GC(2) Concurrent Preclean 0.074ms
[2023-04-08T14:25:00.181+0530][gc,marking   ] GC(2) Concurrent Mark (1.348s, 1.365s) 16.561ms
[2023-04-08T14:25:00.182+0530][gc,start     ] GC(2) Pause Remark
[2023-04-08T14:25:00.191+0530][gc,stringtable] GC(2) Cleaned string and symbol table, strings: 5186 processed, 0 removed, symbols: 52902 processed, 43 removed
[2023-04-08T14:25:00.192+0530][gc            ] GC(2) Pause Remark 9M->9M(1024M) 10.077ms
[2023-04-08T14:25:00.192+0530][gc,cpu        ] GC(2) User=0.01s Sys=0.01s Real=0.01s
[2023-04-08T14:25:00.192+0530][gc,marking    ] GC(2) Concurrent Rebuild Remembered Sets
[2023-04-08T14:25:00.196+0530][gc,marking    ] GC(2) Concurrent Rebuild Remembered Sets 3.700ms
[2023-04-08T14:25:00.196+0530][gc,start      ] GC(2) Pause Cleanup
[2023-04-08T14:25:00.196+0530][gc            ] GC(2) Pause Cleanup 9M->9M(1024M) 0.184ms
[2023-04-08T14:25:00.196+0530][gc,cpu        ] GC(2) User=0.00s Sys=0.00s Real=0.00s
[2023-04-08T14:25:00.196+0530][gc,marking    ] GC(2) Concurrent Cleanup for Next Mark
[2023-04-08T14:25:00.216+0530][gc,marking    ] GC(2) Concurrent Cleanup for Next Mark 19.999ms
[2023-04-08T14:25:00.216+0530][gc            ] GC(2) Concurrent Cycle 53.116ms
[2023-04-08T14:25:00.769+0530][gc,start      ] GC(3) Pause Young (Normal) (G1 Evacuation Pause)
[2023-04-08T14:25:00.769+0530][gc,task       ] GC(3) Using 4 workers of 4 for evacuation
[2023-04-08T14:25:00.776+0530][gc,phases     ] GC(3)   Pre Evacuate Collection Set: 0.0ms
[2023-04-08T14:25:00.776+0530][gc,phases     ] GC(3)   Evacuate Collection Set: 6.5ms
[2023-04-08T14:25:00.776+0530][gc,phases     ] GC(3)   Post Evacuate Collection Set: 0.3ms
[2023-04-08T14:25:00.776+0530][gc,phases     ] GC(3)   Other: 0.2ms
[2023-04-08T14:25:00.776+0530][gc,heap       ] GC(3) Eden regions: 49->0(46)
[2023-04-08T14:25:00.776+0530][gc,heap       ] GC(3) Survivor regions: 2->5(7)
[2023-04-08T14:25:00.776+0530][gc,heap       ] GC(3) Old regions: 9->9
[2023-04-08T14:25:00.776+0530][gc,heap       ] GC(3) Humongous regions: 129->129
[2023-04-08T14:25:00.776+0530][gc,metaspace  ] GC(3) Metaspace: 28708K(29696K)->28708K(29696K) NonClass: 25364K(25856K)->25364K(25856K) Class: 3344K(3840K)->3344K(3840K)
[2023-04-08T14:25:00.776+0530][gc            ] GC(3) Pause Young (Normal) (G1 Evacuation Pause) 186M->140M(1024M) 7.097ms
[2023-04-08T14:25:00.776+0530][gc,cpu        ] GC(3) User=0.02s Sys=0.00s Real=0.01s
[2023-04-08T14:25:01.254+0530][gc,start      ] GC(4) Pause Young (Concurrent Start) (Metadata GC Threshold)
[2023-04-08T14:25:01.254+0530][gc,task       ] GC(4) Using 4 workers of 4 for evacuation
[2023-04-08T14:25:01.270+0530][gc,phases     ] GC(4)   Pre Evacuate Collection Set: 0.1ms
[2023-04-08T14:25:01.270+0530][gc,phases     ] GC(4)   Evacuate Collection Set: 12.0ms
[2023-04-08T14:25:01.270+0530][gc,phases     ] GC(4)   Post Evacuate Collection Set: 3.6ms
[2023-04-08T14:25:01.270+0530][gc,phases     ] GC(4)   Other: 0.2ms
[2023-04-08T14:25:01.270+0530][gc,heap       ] GC(4) Eden regions: 33->0(49)
[2023-04-08T14:25:01.270+0530][gc,heap       ] GC(4) Survivor regions: 5->2(7)
[2023-04-08T14:25:01.270+0530][gc,heap       ] GC(4) Old regions: 9->14
[2023-04-08T14:25:01.270+0530][gc,heap       ] GC(4) Humongous regions: 129->129
[2023-04-08T14:25:01.270+0530][gc,metaspace  ] GC(4) Metaspace: 34586K(35840K)->34586K(35840K) NonClass: 30577K(31232K)->30577K(31232K) Class: 4009K(4608K)->4009K(4608K)
[2023-04-08T14:25:01.270+0530][gc            ] GC(4) Pause Young (Concurrent Start) (Metadata GC Threshold) 173M->142M(1024M) 16.018ms
[2023-04-08T14:25:01.270+0530][gc,cpu        ] GC(4) User=0.02s Sys=0.00s Real=0.01s
[2023-04-08T14:25:01.270+0530][gc            ] GC(5) Concurrent Cycle
[2023-04-08T14:25:01.270+0530][gc,marking    ] GC(5) Concurrent Clear Claimed Marks
[2023-04-08T14:25:01.270+0530][gc,marking    ] GC(5) Concurrent Clear Claimed Marks 0.118ms
[2023-04-08T14:25:01.270+0530][gc,marking    ] GC(5) Concurrent Scan Root Regions
[2023-04-08T14:25:01.275+0530][gc,marking    ] GC(5) Concurrent Scan Root Regions 4.538ms
[2023-04-08T14:25:01.275+0530][gc,marking    ] GC(5) Concurrent Mark (2.459s)
[2023-04-08T14:25:01.275+0530][gc,marking    ] GC(5) Concurrent Mark From Roots
[2023-04-08T14:25:01.275+0530][gc,task       ] GC(5) Using 1 workers of 1 for marking
[2023-04-08T14:25:01.306+0530][gc,marking    ] GC(5) Concurrent Mark From Roots 30.709ms
[2023-04-08T14:25:01.306+0530][gc,marking    ] GC(5) Concurrent Preclean
[2023-04-08T14:25:01.306+0530][gc,marking    ] GC(5) Concurrent Preclean 0.148ms
[2023-04-08T14:25:01.306+0530][gc,marking    ] GC(5) Concurrent Mark (2.459s, 2.490s) 31.131ms
[2023-04-08T14:25:01.308+0530][gc,start      ] GC(5) Pause Remark
[2023-04-08T14:25:01.318+0530][gc,stringtable] GC(5) Cleaned string and symbol table, strings: 10908 processed, 12 removed, symbols: 85344 processed, 14 removed
[2023-04-08T14:25:01.320+0530][gc            ] GC(5) Pause Remark 142M->142M(1024M) 11.805ms
[2023-04-08T14:25:01.320+0530][gc,cpu        ] GC(5) User=0.01s Sys=0.02s Real=0.02s
[2023-04-08T14:25:01.320+0530][gc,marking    ] GC(5) Concurrent Rebuild Remembered Sets
[2023-04-08T14:25:01.329+0530][gc,marking    ] GC(5) Concurrent Rebuild Remembered Sets 8.335ms
[2023-04-08T14:25:01.329+0530][gc,start      ] GC(5) Pause Cleanup
[2023-04-08T14:25:01.329+0530][gc            ] GC(5) Pause Cleanup 142M->142M(1024M) 0.235ms
[2023-04-08T14:25:01.329+0530][gc,cpu        ] GC(5) User=0.00s Sys=0.00s Real=0.00s
[2023-04-08T14:25:01.330+0530][gc,marking    ] GC(5) Concurrent Cleanup for Next Mark
[2023-04-08T14:25:01.384+0530][gc,marking    ] GC(5) Concurrent Cleanup for Next Mark 54.447ms
[2023-04-08T14:25:01.384+0530][gc            ] GC(5) Concurrent Cycle 113.901ms
[2023-04-08T14:27:16.868+0530][gc,heap,exit  ] Heap
[2023-04-08T14:27:16.868+0530][gc,heap,exit  ]  garbage-first heap   total 1048576K, used 158300K [0x00000000c0000000, 0x0000000100000000)
[2023-04-08T14:27:16.868+0530][gc,heap,exit  ]   region size 1024K, 16 young (16384K), 2 survivors (2048K)
[2023-04-08T14:27:16.868+0530][gc,heap,exit  ]  Metaspace       used 35926K, capacity 37347K, committed 37504K, reserved 1081344K
[2023-04-08T14:27:16.868+0530][gc,heap,exit  ]   class space    used 4257K, capacity 4943K, committed 4992K, reserved 1048576K
