[2023-04-08T14:37:19.357+0530][gc,heap] Heap region size: 1M
[2023-04-08T14:37:19.365+0530][gc     ] Using G1
[2023-04-08T14:37:19.365+0530][gc,heap,coops] Heap address: 0x00000000c0000000, size: 1024 MB, Compressed Oops mode: 32-bit
[2023-04-08T14:37:19.366+0530][gc,cds       ] Mark closed archive regions in map: [0x00000000fff00000, 0x00000000fff6aff8]
[2023-04-08T14:37:19.366+0530][gc,cds       ] Mark open archive regions in map: [0x00000000ffe00000, 0x00000000ffe47ff8]
[2023-04-08T14:37:20.265+0530][gc,start     ] GC(0) Pause Young (Normal) (G1 Evacuation Pause)
[2023-04-08T14:37:20.267+0530][gc,task      ] GC(0) Using 4 workers of 4 for evacuation
[2023-04-08T14:37:20.275+0530][gc,phases    ] GC(0)   Pre Evacuate Collection Set: 0.0ms
[2023-04-08T14:37:20.275+0530][gc,phases    ] GC(0)   Evacuate Collection Set: 7.0ms
[2023-04-08T14:37:20.275+0530][gc,phases    ] GC(0)   Post Evacuate Collection Set: 1.0ms
[2023-04-08T14:37:20.275+0530][gc,phases    ] GC(0)   Other: 2.0ms
[2023-04-08T14:37:20.275+0530][gc,heap      ] GC(0) Eden regions: 51->0(44)
[2023-04-08T14:37:20.275+0530][gc,heap      ] GC(0) Survivor regions: 0->7(7)
[2023-04-08T14:37:20.275+0530][gc,heap      ] GC(0) Old regions: 2->2
[2023-04-08T14:37:20.275+0530][gc,heap      ] GC(0) Humongous regions: 0->0
[2023-04-08T14:37:20.275+0530][gc,metaspace ] GC(0) Metaspace: 14212K(14848K)->14212K(14848K) NonClass: 12463K(12800K)->12463K(12800K) Class: 1749K(2048K)->1749K(2048K)
[2023-04-08T14:37:20.275+0530][gc           ] GC(0) Pause Young (Normal) (G1 Evacuation Pause) 51M->7M(1024M) 10.141ms
[2023-04-08T14:37:20.275+0530][gc,cpu       ] GC(0) User=0.02s Sys=0.01s Real=0.01s
[2023-04-08T14:37:20.788+0530][gc,start     ] GC(1) Pause Young (Concurrent Start) (Metadata GC Threshold)
[2023-04-08T14:37:20.788+0530][gc,task      ] GC(1) Using 4 workers of 4 for evacuation
[2023-04-08T14:37:20.814+0530][gc,mmu       ] GC(1) MMU target violated: 21.0ms (20.0ms/21.0ms)
[2023-04-08T14:37:20.814+0530][gc,phases    ] GC(1)   Pre Evacuate Collection Set: 0.1ms
[2023-04-08T14:37:20.814+0530][gc,phases    ] GC(1)   Evacuate Collection Set: 24.2ms
[2023-04-08T14:37:20.814+0530][gc,phases    ] GC(1)   Post Evacuate Collection Set: 1.1ms
[2023-04-08T14:37:20.814+0530][gc,phases    ] GC(1)   Other: 0.3ms
[2023-04-08T14:37:20.814+0530][gc,heap      ] GC(1) Eden regions: 29->0(50)
[2023-04-08T14:37:20.814+0530][gc,heap      ] GC(1) Survivor regions: 7->1(7)
[2023-04-08T14:37:20.814+0530][gc,heap      ] GC(1) Old regions: 2->9
[2023-04-08T14:37:20.814+0530][gc,heap      ] GC(1) Humongous regions: 0->0
[2023-04-08T14:37:20.814+0530][gc,metaspace ] GC(1) Metaspace: 20547K(21248K)->20547K(21248K) NonClass: 18044K(18432K)->18044K(18432K) Class: 2502K(2816K)->2502K(2816K)
[2023-04-08T14:37:20.814+0530][gc           ] GC(1) Pause Young (Concurrent Start) (Metadata GC Threshold) 35M->8M(1024M) 25.692ms
[2023-04-08T14:37:20.814+0530][gc,cpu       ] GC(1) User=0.04s Sys=0.00s Real=0.03s
[2023-04-08T14:37:20.814+0530][gc           ] GC(2) Concurrent Cycle
[2023-04-08T14:37:20.815+0530][gc,marking   ] GC(2) Concurrent Clear Claimed Marks
[2023-04-08T14:37:20.815+0530][gc,marking   ] GC(2) Concurrent Clear Claimed Marks 0.099ms
[2023-04-08T14:37:20.815+0530][gc,marking   ] GC(2) Concurrent Scan Root Regions
[2023-04-08T14:37:20.816+0530][gc,marking   ] GC(2) Concurrent Scan Root Regions 1.814ms
[2023-04-08T14:37:20.816+0530][gc,marking   ] GC(2) Concurrent Mark (1.466s)
[2023-04-08T14:37:20.816+0530][gc,marking   ] GC(2) Concurrent Mark From Roots
[2023-04-08T14:37:20.816+0530][gc,task      ] GC(2) Using 1 workers of 1 for marking
[2023-04-08T14:37:20.824+0530][gc,marking   ] GC(2) Concurrent Mark From Roots 7.111ms
[2023-04-08T14:37:20.824+0530][gc,marking   ] GC(2) Concurrent Preclean
[2023-04-08T14:37:20.824+0530][gc,marking   ] GC(2) Concurrent Preclean 0.061ms
[2023-04-08T14:37:20.824+0530][gc,marking   ] GC(2) Concurrent Mark (1.466s, 1.473s) 7.223ms
[2023-04-08T14:37:20.824+0530][gc,start     ] GC(2) Pause Remark
[2023-04-08T14:37:20.827+0530][gc,stringtable] GC(2) Cleaned string and symbol table, strings: 5282 processed, 0 removed, symbols: 52947 processed, 46 removed
[2023-04-08T14:37:20.827+0530][gc            ] GC(2) Pause Remark 9M->9M(1024M) 3.184ms
[2023-04-08T14:37:20.827+0530][gc,cpu        ] GC(2) User=0.00s Sys=0.01s Real=0.00s
[2023-04-08T14:37:20.828+0530][gc,marking    ] GC(2) Concurrent Rebuild Remembered Sets
[2023-04-08T14:37:20.832+0530][gc,marking    ] GC(2) Concurrent Rebuild Remembered Sets 3.962ms
[2023-04-08T14:37:20.835+0530][gc,start      ] GC(2) Pause Cleanup
[2023-04-08T14:37:20.835+0530][gc            ] GC(2) Pause Cleanup 9M->9M(1024M) 0.359ms
[2023-04-08T14:37:20.835+0530][gc,cpu        ] GC(2) User=0.00s Sys=0.00s Real=0.00s
[2023-04-08T14:37:20.835+0530][gc,marking    ] GC(2) Concurrent Cleanup for Next Mark
[2023-04-08T14:37:20.848+0530][gc,marking    ] GC(2) Concurrent Cleanup for Next Mark 12.751ms
[2023-04-08T14:37:20.848+0530][gc            ] GC(2) Concurrent Cycle 34.333ms
[2023-04-08T14:37:21.536+0530][gc,start      ] GC(3) Pause Young (Normal) (G1 Evacuation Pause)
[2023-04-08T14:37:21.536+0530][gc,task       ] GC(3) Using 4 workers of 4 for evacuation
[2023-04-08T14:37:21.543+0530][gc,phases     ] GC(3)   Pre Evacuate Collection Set: 0.1ms
[2023-04-08T14:37:21.543+0530][gc,phases     ] GC(3)   Evacuate Collection Set: 5.6ms
[2023-04-08T14:37:21.543+0530][gc,phases     ] GC(3)   Post Evacuate Collection Set: 1.1ms
[2023-04-08T14:37:21.543+0530][gc,phases     ] GC(3)   Other: 0.3ms
[2023-04-08T14:37:21.543+0530][gc,heap       ] GC(3) Eden regions: 50->0(46)
[2023-04-08T14:37:21.543+0530][gc,heap       ] GC(3) Survivor regions: 1->5(7)
[2023-04-08T14:37:21.543+0530][gc,heap       ] GC(3) Old regions: 9->9
[2023-04-08T14:37:21.543+0530][gc,heap       ] GC(3) Humongous regions: 129->129
[2023-04-08T14:37:21.543+0530][gc,metaspace  ] GC(3) Metaspace: 29022K(30336K)->29022K(30336K) NonClass: 25631K(26368K)->25631K(26368K) Class: 3390K(3968K)->3390K(3968K)
[2023-04-08T14:37:21.543+0530][gc            ] GC(3) Pause Young (Normal) (G1 Evacuation Pause) 187M->140M(1024M) 7.096ms
[2023-04-08T14:37:21.543+0530][gc,cpu        ] GC(3) User=0.01s Sys=0.01s Real=0.01s
[2023-04-08T14:37:22.048+0530][gc,start      ] GC(4) Pause Young (Concurrent Start) (Metadata GC Threshold)
[2023-04-08T14:37:22.048+0530][gc,task       ] GC(4) Using 4 workers of 4 for evacuation
[2023-04-08T14:37:22.057+0530][gc,phases     ] GC(4)   Pre Evacuate Collection Set: 0.1ms
[2023-04-08T14:37:22.057+0530][gc,phases     ] GC(4)   Evacuate Collection Set: 9.0ms
[2023-04-08T14:37:22.057+0530][gc,phases     ] GC(4)   Post Evacuate Collection Set: 0.4ms
[2023-04-08T14:37:22.057+0530][gc,phases     ] GC(4)   Other: 0.2ms
[2023-04-08T14:37:22.057+0530][gc,heap       ] GC(4) Eden regions: 30->0(49)
[2023-04-08T14:37:22.057+0530][gc,heap       ] GC(4) Survivor regions: 5->2(7)
[2023-04-08T14:37:22.057+0530][gc,heap       ] GC(4) Old regions: 9->13
[2023-04-08T14:37:22.057+0530][gc,heap       ] GC(4) Humongous regions: 129->129
[2023-04-08T14:37:22.057+0530][gc,metaspace  ] GC(4) Metaspace: 34542K(35840K)->34542K(35840K) NonClass: 30553K(31232K)->30553K(31232K) Class: 3989K(4608K)->3989K(4608K)
[2023-04-08T14:37:22.057+0530][gc            ] GC(4) Pause Young (Concurrent Start) (Metadata GC Threshold) 170M->142M(1024M) 9.872ms
[2023-04-08T14:37:22.057+0530][gc,cpu        ] GC(4) User=0.02s Sys=0.01s Real=0.01s
[2023-04-08T14:37:22.058+0530][gc            ] GC(5) Concurrent Cycle
[2023-04-08T14:37:22.058+0530][gc,marking    ] GC(5) Concurrent Clear Claimed Marks
[2023-04-08T14:37:22.058+0530][gc,marking    ] GC(5) Concurrent Clear Claimed Marks 0.081ms
[2023-04-08T14:37:22.058+0530][gc,marking    ] GC(5) Concurrent Scan Root Regions
[2023-04-08T14:37:22.059+0530][gc,marking    ] GC(5) Concurrent Scan Root Regions 1.795ms
[2023-04-08T14:37:22.060+0530][gc,marking    ] GC(5) Concurrent Mark (2.709s)
[2023-04-08T14:37:22.060+0530][gc,marking    ] GC(5) Concurrent Mark From Roots
[2023-04-08T14:37:22.060+0530][gc,task       ] GC(5) Using 1 workers of 1 for marking
[2023-04-08T14:37:22.072+0530][gc,marking    ] GC(5) Concurrent Mark From Roots 12.902ms
[2023-04-08T14:37:22.072+0530][gc,marking    ] GC(5) Concurrent Preclean
[2023-04-08T14:37:22.073+0530][gc,marking    ] GC(5) Concurrent Preclean 0.064ms
[2023-04-08T14:37:22.073+0530][gc,marking    ] GC(5) Concurrent Mark (2.709s, 2.722s) 13.032ms
[2023-04-08T14:37:22.075+0530][gc,start      ] GC(5) Pause Remark
[2023-04-08T14:37:22.078+0530][gc,stringtable] GC(5) Cleaned string and symbol table, strings: 11065 processed, 12 removed, symbols: 85561 processed, 14 removed
[2023-04-08T14:37:22.079+0530][gc            ] GC(5) Pause Remark 143M->143M(1024M) 4.620ms
[2023-04-08T14:37:22.079+0530][gc,cpu        ] GC(5) User=0.00s Sys=0.00s Real=0.01s
[2023-04-08T14:37:22.080+0530][gc,marking    ] GC(5) Concurrent Rebuild Remembered Sets
[2023-04-08T14:37:22.091+0530][gc,marking    ] GC(5) Concurrent Rebuild Remembered Sets 11.787ms
[2023-04-08T14:37:22.092+0530][gc,start      ] GC(5) Pause Cleanup
[2023-04-08T14:37:22.093+0530][gc            ] GC(5) Pause Cleanup 143M->143M(1024M) 0.435ms
[2023-04-08T14:37:22.093+0530][gc,cpu        ] GC(5) User=0.00s Sys=0.00s Real=0.00s
[2023-04-08T14:37:22.093+0530][gc,marking    ] GC(5) Concurrent Cleanup for Next Mark
[2023-04-08T14:37:22.138+0530][gc,marking    ] GC(5) Concurrent Cleanup for Next Mark 44.906ms
[2023-04-08T14:37:22.138+0530][gc            ] GC(5) Concurrent Cycle 80.102ms
[2023-04-08T14:45:12.564+0530][gc,start      ] GC(6) Pause Young (Normal) (G1 Evacuation Pause)
[2023-04-08T14:45:12.564+0530][gc,task       ] GC(6) Using 4 workers of 4 for evacuation
[2023-04-08T14:45:12.574+0530][gc,phases     ] GC(6)   Pre Evacuate Collection Set: 0.5ms
[2023-04-08T14:45:12.575+0530][gc,phases     ] GC(6)   Evacuate Collection Set: 7.3ms
[2023-04-08T14:45:12.575+0530][gc,phases     ] GC(6)   Post Evacuate Collection Set: 2.3ms
[2023-04-08T14:45:12.575+0530][gc,phases     ] GC(6)   Other: 0.2ms
[2023-04-08T14:45:12.575+0530][gc,heap       ] GC(6) Eden regions: 49->0(46)
[2023-04-08T14:45:12.575+0530][gc,heap       ] GC(6) Survivor regions: 2->5(7)
[2023-04-08T14:45:12.575+0530][gc,heap       ] GC(6) Old regions: 13->13
[2023-04-08T14:45:12.575+0530][gc,heap       ] GC(6) Humongous regions: 129->129
[2023-04-08T14:45:12.575+0530][gc,metaspace  ] GC(6) Metaspace: 40708K(42828K)->40708K(42828K) NonClass: 35768K(36864K)->35768K(36864K) Class: 4940K(5964K)->4940K(5964K)
[2023-04-08T14:45:12.575+0530][gc            ] GC(6) Pause Young (Normal) (G1 Evacuation Pause) 191M->145M(1024M) 10.272ms
[2023-04-08T14:45:12.575+0530][gc,cpu        ] GC(6) User=0.02s Sys=0.00s Real=0.01s
[2023-04-08T14:51:28.539+0530][gc,start      ] GC(7) Pause Young (Normal) (G1 Evacuation Pause)
[2023-04-08T14:51:28.539+0530][gc,task       ] GC(7) Using 4 workers of 4 for evacuation
[2023-04-08T14:51:28.549+0530][gc,phases     ] GC(7)   Pre Evacuate Collection Set: 0.2ms
[2023-04-08T14:51:28.549+0530][gc,phases     ] GC(7)   Evacuate Collection Set: 7.6ms
[2023-04-08T14:51:28.549+0530][gc,phases     ] GC(7)   Post Evacuate Collection Set: 1.1ms
[2023-04-08T14:51:28.549+0530][gc,phases     ] GC(7)   Other: 0.3ms
[2023-04-08T14:51:28.549+0530][gc,heap       ] GC(7) Eden regions: 46->0(47)
[2023-04-08T14:51:28.549+0530][gc,heap       ] GC(7) Survivor regions: 5->4(7)
[2023-04-08T14:51:28.549+0530][gc,heap       ] GC(7) Old regions: 13->15
[2023-04-08T14:51:28.549+0530][gc,heap       ] GC(7) Humongous regions: 129->129
[2023-04-08T14:51:28.549+0530][gc,metaspace  ] GC(7) Metaspace: 41560K(43852K)->41560K(43852K) NonClass: 36607K(37888K)->36607K(37888K) Class: 4953K(5964K)->4953K(5964K)
[2023-04-08T14:51:28.549+0530][gc            ] GC(7) Pause Young (Normal) (G1 Evacuation Pause) 191M->145M(1024M) 9.347ms
[2023-04-08T14:51:28.549+0530][gc,cpu        ] GC(7) User=0.01s Sys=0.00s Real=0.00s
[2023-04-08T15:09:56.617+0530][gc,start      ] GC(8) Pause Young (Normal) (G1 Evacuation Pause)
[2023-04-08T15:09:56.617+0530][gc,task       ] GC(8) Using 4 workers of 4 for evacuation
[2023-04-08T15:09:56.845+0530][gc,mmu        ] GC(8) MMU target violated: 21.0ms (20.0ms/21.0ms)
[2023-04-08T15:09:56.846+0530][gc,phases     ] GC(8)   Pre Evacuate Collection Set: 0.6ms
[2023-04-08T15:09:56.846+0530][gc,phases     ] GC(8)   Evacuate Collection Set: 225.5ms
[2023-04-08T15:09:56.846+0530][gc,phases     ] GC(8)   Post Evacuate Collection Set: 2.0ms
[2023-04-08T15:09:56.846+0530][gc,phases     ] GC(8)   Other: 0.8ms
[2023-04-08T15:09:56.846+0530][gc,heap       ] GC(8) Eden regions: 47->0(44)
[2023-04-08T15:09:56.846+0530][gc,heap       ] GC(8) Survivor regions: 4->7(7)
[2023-04-08T15:09:56.846+0530][gc,heap       ] GC(8) Old regions: 15->15
[2023-04-08T15:09:56.846+0530][gc,heap       ] GC(8) Humongous regions: 129->129
[2023-04-08T15:09:56.846+0530][gc,metaspace  ] GC(8) Metaspace: 42721K(45260K)->42721K(45260K) NonClass: 37517K(38912K)->37517K(38912K) Class: 5204K(6348K)->5204K(6348K)
[2023-04-08T15:09:56.846+0530][gc            ] GC(8) Pause Young (Normal) (G1 Evacuation Pause) 192M->148M(1024M) 229.005ms
[2023-04-08T15:09:56.846+0530][gc,cpu        ] GC(8) User=0.13s Sys=0.00s Real=0.23s
[2023-04-08T15:14:24.585+0530][gc,start      ] GC(9) Pause Young (Normal) (G1 Evacuation Pause)
[2023-04-08T15:14:24.585+0530][gc,task       ] GC(9) Using 4 workers of 4 for evacuation
[2023-04-08T15:14:24.599+0530][gc,phases     ] GC(9)   Pre Evacuate Collection Set: 0.2ms
[2023-04-08T15:14:24.599+0530][gc,phases     ] GC(9)   Evacuate Collection Set: 8.6ms
[2023-04-08T15:14:24.599+0530][gc,phases     ] GC(9)   Post Evacuate Collection Set: 3.1ms
[2023-04-08T15:14:24.599+0530][gc,phases     ] GC(9)   Other: 1.5ms
[2023-04-08T15:14:24.599+0530][gc,heap       ] GC(9) Eden regions: 44->0(48)
[2023-04-08T15:14:24.599+0530][gc,heap       ] GC(9) Survivor regions: 7->3(7)
[2023-04-08T15:14:24.599+0530][gc,heap       ] GC(9) Old regions: 15->17
[2023-04-08T15:14:24.599+0530][gc,heap       ] GC(9) Humongous regions: 129->129
[2023-04-08T15:14:24.599+0530][gc,metaspace  ] GC(9) Metaspace: 43367K(46028K)->43367K(46028K) NonClass: 38022K(39424K)->38022K(39424K) Class: 5345K(6604K)->5345K(6604K)
[2023-04-08T15:14:24.599+0530][gc            ] GC(9) Pause Young (Normal) (G1 Evacuation Pause) 192M->146M(1024M) 13.376ms
[2023-04-08T15:14:24.599+0530][gc,cpu        ] GC(9) User=0.02s Sys=0.02s Real=0.02s
