[2023-04-08T14:14:58.759+0530][gc,heap] Heap region size: 1M
[2023-04-08T14:14:58.768+0530][gc     ] Using G1
[2023-04-08T14:14:58.768+0530][gc,heap,coops] Heap address: 0x00000000c0000000, size: 1024 MB, Compressed Oops mode: 32-bit
[2023-04-08T14:14:58.768+0530][gc,cds       ] Mark closed archive regions in map: [0x00000000fff00000, 0x00000000fff6aff8]
[2023-04-08T14:14:58.768+0530][gc,cds       ] Mark open archive regions in map: [0x00000000ffe00000, 0x00000000ffe47ff8]
[2023-04-08T14:14:59.639+0530][gc,start     ] GC(0) Pause Young (Normal) (G1 Evacuation Pause)
[2023-04-08T14:14:59.641+0530][gc,task      ] GC(0) Using 4 workers of 4 for evacuation
[2023-04-08T14:14:59.660+0530][gc,phases    ] GC(0)   Pre Evacuate Collection Set: 0.0ms
[2023-04-08T14:14:59.660+0530][gc,phases    ] GC(0)   Evacuate Collection Set: 17.5ms
[2023-04-08T14:14:59.660+0530][gc,phases    ] GC(0)   Post Evacuate Collection Set: 1.5ms
[2023-04-08T14:14:59.660+0530][gc,phases    ] GC(0)   Other: 1.9ms
[2023-04-08T14:14:59.660+0530][gc,heap      ] GC(0) Eden regions: 51->0(44)
[2023-04-08T14:14:59.660+0530][gc,heap      ] GC(0) Survivor regions: 0->7(7)
[2023-04-08T14:14:59.660+0530][gc,heap      ] GC(0) Old regions: 2->2
[2023-04-08T14:14:59.660+0530][gc,heap      ] GC(0) Humongous regions: 0->0
[2023-04-08T14:14:59.660+0530][gc,metaspace ] GC(0) Metaspace: 14216K(15104K)->14216K(15104K) NonClass: 12469K(13056K)->12469K(13056K) Class: 1747K(2048K)->1747K(2048K)
[2023-04-08T14:14:59.660+0530][gc           ] GC(0) Pause Young (Normal) (G1 Evacuation Pause) 51M->7M(1024M) 21.070ms
[2023-04-08T14:14:59.660+0530][gc,cpu       ] GC(0) User=0.03s Sys=0.02s Real=0.02s
[2023-04-08T14:15:00.179+0530][gc,start     ] GC(1) Pause Young (Concurrent Start) (Metadata GC Threshold)
[2023-04-08T14:15:00.179+0530][gc,task      ] GC(1) Using 4 workers of 4 for evacuation
[2023-04-08T14:15:00.197+0530][gc,phases    ] GC(1)   Pre Evacuate Collection Set: 0.1ms
[2023-04-08T14:15:00.197+0530][gc,phases    ] GC(1)   Evacuate Collection Set: 16.3ms
[2023-04-08T14:15:00.197+0530][gc,phases    ] GC(1)   Post Evacuate Collection Set: 1.2ms
[2023-04-08T14:15:00.197+0530][gc,phases    ] GC(1)   Other: 0.4ms
[2023-04-08T14:15:00.197+0530][gc,heap      ] GC(1) Eden regions: 29->0(50)
[2023-04-08T14:15:00.197+0530][gc,heap      ] GC(1) Survivor regions: 7->1(7)
[2023-04-08T14:15:00.197+0530][gc,heap      ] GC(1) Old regions: 2->9
[2023-04-08T14:15:00.197+0530][gc,heap      ] GC(1) Humongous regions: 0->0
[2023-04-08T14:15:00.197+0530][gc,metaspace ] GC(1) Metaspace: 20588K(21248K)->20588K(21248K) NonClass: 18096K(18432K)->18096K(18432K) Class: 2492K(2816K)->2492K(2816K)
[2023-04-08T14:15:00.197+0530][gc           ] GC(1) Pause Young (Concurrent Start) (Metadata GC Threshold) 36M->8M(1024M) 17.977ms
[2023-04-08T14:15:00.197+0530][gc,cpu       ] GC(1) User=0.03s Sys=0.00s Real=0.01s
[2023-04-08T14:15:00.197+0530][gc           ] GC(2) Concurrent Cycle
[2023-04-08T14:15:00.197+0530][gc,marking   ] GC(2) Concurrent Clear Claimed Marks
[2023-04-08T14:15:00.197+0530][gc,marking   ] GC(2) Concurrent Clear Claimed Marks 0.091ms
[2023-04-08T14:15:00.197+0530][gc,marking   ] GC(2) Concurrent Scan Root Regions
[2023-04-08T14:15:00.198+0530][gc,marking   ] GC(2) Concurrent Scan Root Regions 1.294ms
[2023-04-08T14:15:00.198+0530][gc,marking   ] GC(2) Concurrent Mark (1.449s)
[2023-04-08T14:15:00.198+0530][gc,marking   ] GC(2) Concurrent Mark From Roots
[2023-04-08T14:15:00.198+0530][gc,task      ] GC(2) Using 1 workers of 1 for marking
[2023-04-08T14:15:00.205+0530][gc,marking   ] GC(2) Concurrent Mark From Roots 6.213ms
[2023-04-08T14:15:00.205+0530][gc,marking   ] GC(2) Concurrent Preclean
[2023-04-08T14:15:00.205+0530][gc,marking   ] GC(2) Concurrent Preclean 0.056ms
[2023-04-08T14:15:00.205+0530][gc,marking   ] GC(2) Concurrent Mark (1.449s, 1.455s) 6.317ms
[2023-04-08T14:15:00.205+0530][gc,start     ] GC(2) Pause Remark
[2023-04-08T14:15:00.208+0530][gc,stringtable] GC(2) Cleaned string and symbol table, strings: 5184 processed, 0 removed, symbols: 52875 processed, 43 removed
[2023-04-08T14:15:00.208+0530][gc            ] GC(2) Pause Remark 8M->8M(1024M) 3.250ms
[2023-04-08T14:15:00.208+0530][gc,cpu        ] GC(2) User=0.00s Sys=0.01s Real=0.00s
[2023-04-08T14:15:00.208+0530][gc,marking    ] GC(2) Concurrent Rebuild Remembered Sets
[2023-04-08T14:15:00.212+0530][gc,marking    ] GC(2) Concurrent Rebuild Remembered Sets 3.467ms
[2023-04-08T14:15:00.212+0530][gc,start      ] GC(2) Pause Cleanup
[2023-04-08T14:15:00.213+0530][gc            ] GC(2) Pause Cleanup 9M->9M(1024M) 0.420ms
[2023-04-08T14:15:00.213+0530][gc,cpu        ] GC(2) User=0.00s Sys=0.00s Real=0.00s
[2023-04-08T14:15:00.213+0530][gc,marking    ] GC(2) Concurrent Cleanup for Next Mark
[2023-04-08T14:15:00.245+0530][gc,marking    ] GC(2) Concurrent Cleanup for Next Mark 31.883ms
[2023-04-08T14:15:00.245+0530][gc            ] GC(2) Concurrent Cycle 48.053ms
[2023-04-08T14:15:00.816+0530][gc,start      ] GC(3) Pause Young (Normal) (G1 Evacuation Pause)
[2023-04-08T14:15:00.816+0530][gc,task       ] GC(3) Using 4 workers of 4 for evacuation
[2023-04-08T14:15:00.824+0530][gc,phases     ] GC(3)   Pre Evacuate Collection Set: 0.0ms
[2023-04-08T14:15:00.824+0530][gc,phases     ] GC(3)   Evacuate Collection Set: 6.4ms
[2023-04-08T14:15:00.824+0530][gc,phases     ] GC(3)   Post Evacuate Collection Set: 0.9ms
[2023-04-08T14:15:00.824+0530][gc,phases     ] GC(3)   Other: 0.5ms
[2023-04-08T14:15:00.824+0530][gc,heap       ] GC(3) Eden regions: 50->0(46)
[2023-04-08T14:15:00.824+0530][gc,heap       ] GC(3) Survivor regions: 1->5(7)
[2023-04-08T14:15:00.824+0530][gc,heap       ] GC(3) Old regions: 9->9
[2023-04-08T14:15:00.824+0530][gc,heap       ] GC(3) Humongous regions: 129->129
[2023-04-08T14:15:00.824+0530][gc,metaspace  ] GC(3) Metaspace: 28846K(29952K)->28846K(29952K) NonClass: 25482K(26112K)->25482K(26112K) Class: 3364K(3840K)->3364K(3840K)
[2023-04-08T14:15:00.824+0530][gc            ] GC(3) Pause Young (Normal) (G1 Evacuation Pause) 187M->140M(1024M) 7.811ms
[2023-04-08T14:15:00.824+0530][gc,cpu        ] GC(3) User=0.01s Sys=0.01s Real=0.01s
[2023-04-08T14:15:01.450+0530][gc,start      ] GC(4) Pause Young (Concurrent Start) (Metadata GC Threshold)
[2023-04-08T14:15:01.450+0530][gc,task       ] GC(4) Using 4 workers of 4 for evacuation
[2023-04-08T14:15:01.467+0530][gc,phases     ] GC(4)   Pre Evacuate Collection Set: 0.1ms
[2023-04-08T14:15:01.467+0530][gc,phases     ] GC(4)   Evacuate Collection Set: 14.2ms
[2023-04-08T14:15:01.467+0530][gc,phases     ] GC(4)   Post Evacuate Collection Set: 1.9ms
[2023-04-08T14:15:01.467+0530][gc,phases     ] GC(4)   Other: 0.4ms
[2023-04-08T14:15:01.467+0530][gc,heap       ] GC(4) Eden regions: 32->0(49)
[2023-04-08T14:15:01.467+0530][gc,heap       ] GC(4) Survivor regions: 5->2(7)
[2023-04-08T14:15:01.467+0530][gc,heap       ] GC(4) Old regions: 9->13
[2023-04-08T14:15:01.467+0530][gc,heap       ] GC(4) Humongous regions: 129->129
[2023-04-08T14:15:01.467+0530][gc,metaspace  ] GC(4) Metaspace: 34584K(35840K)->34584K(35840K) NonClass: 30588K(31232K)->30588K(31232K) Class: 3996K(4608K)->3996K(4608K)
[2023-04-08T14:15:01.467+0530][gc            ] GC(4) Pause Young (Concurrent Start) (Metadata GC Threshold) 172M->142M(1024M) 16.724ms
[2023-04-08T14:15:01.467+0530][gc,cpu        ] GC(4) User=0.02s Sys=0.02s Real=0.02s
[2023-04-08T14:15:01.467+0530][gc            ] GC(5) Concurrent Cycle
[2023-04-08T14:15:01.467+0530][gc,marking    ] GC(5) Concurrent Clear Claimed Marks
[2023-04-08T14:15:01.467+0530][gc,marking    ] GC(5) Concurrent Clear Claimed Marks 0.123ms
[2023-04-08T14:15:01.467+0530][gc,marking    ] GC(5) Concurrent Scan Root Regions
[2023-04-08T14:15:01.468+0530][gc,marking    ] GC(5) Concurrent Scan Root Regions 1.318ms
[2023-04-08T14:15:01.469+0530][gc,marking    ] GC(5) Concurrent Mark (2.719s)
[2023-04-08T14:15:01.469+0530][gc,marking    ] GC(5) Concurrent Mark From Roots
[2023-04-08T14:15:01.469+0530][gc,task       ] GC(5) Using 1 workers of 1 for marking
[2023-04-08T14:15:01.479+0530][gc,marking    ] GC(5) Concurrent Mark From Roots 10.922ms
[2023-04-08T14:15:01.479+0530][gc,marking    ] GC(5) Concurrent Preclean
[2023-04-08T14:15:01.480+0530][gc,marking    ] GC(5) Concurrent Preclean 0.093ms
[2023-04-08T14:15:01.480+0530][gc,marking    ] GC(5) Concurrent Mark (2.719s, 2.730s) 11.073ms
[2023-04-08T14:15:01.480+0530][gc,start      ] GC(5) Pause Remark
[2023-04-08T14:15:01.488+0530][gc,stringtable] GC(5) Cleaned string and symbol table, strings: 10893 processed, 12 removed, symbols: 85328 processed, 15 removed
[2023-04-08T14:15:01.489+0530][gc            ] GC(5) Pause Remark 142M->142M(1024M) 8.812ms
[2023-04-08T14:15:01.489+0530][gc,cpu        ] GC(5) User=0.02s Sys=0.00s Real=0.00s
[2023-04-08T14:15:01.489+0530][gc,marking    ] GC(5) Concurrent Rebuild Remembered Sets
[2023-04-08T14:15:01.496+0530][gc,marking    ] GC(5) Concurrent Rebuild Remembered Sets 6.977ms
[2023-04-08T14:15:01.497+0530][gc,start      ] GC(5) Pause Cleanup
[2023-04-08T14:15:01.497+0530][gc            ] GC(5) Pause Cleanup 142M->142M(1024M) 0.401ms
[2023-04-08T14:15:01.497+0530][gc,cpu        ] GC(5) User=0.00s Sys=0.00s Real=0.00s
[2023-04-08T14:15:01.497+0530][gc,marking    ] GC(5) Concurrent Cleanup for Next Mark
[2023-04-08T14:15:01.569+0530][gc,marking    ] GC(5) Concurrent Cleanup for Next Mark 71.618ms
[2023-04-08T14:15:01.569+0530][gc            ] GC(5) Concurrent Cycle 101.875ms
[2023-04-08T14:19:56.399+0530][gc,heap,exit  ] Heap
[2023-04-08T14:19:56.399+0530][gc,heap,exit  ]  garbage-first heap   total 1048576K, used 160180K [0x00000000c0000000, 0x0000000100000000)
[2023-04-08T14:19:56.399+0530][gc,heap,exit  ]   region size 1024K, 17 young (17408K), 2 survivors (2048K)
[2023-04-08T14:19:56.399+0530][gc,heap,exit  ]  Metaspace       used 36008K, capacity 37467K, committed 37760K, reserved 1081344K
[2023-04-08T14:19:56.399+0530][gc,heap,exit  ]   class space    used 4254K, capacity 4932K, committed 4992K, reserved 1048576K
