[2023-04-08T14:27:49.452+0530][gc,heap] Heap region size: 1M
[2023-04-08T14:27:49.461+0530][gc     ] Using G1
[2023-04-08T14:27:49.461+0530][gc,heap,coops] Heap address: 0x00000000c0000000, size: 1024 MB, Compressed Oops mode: 32-bit
[2023-04-08T14:27:49.461+0530][gc,cds       ] Mark closed archive regions in map: [0x00000000fff00000, 0x00000000fff6aff8]
[2023-04-08T14:27:49.461+0530][gc,cds       ] Mark open archive regions in map: [0x00000000ffe00000, 0x00000000ffe47ff8]
[2023-04-08T14:27:50.285+0530][gc,start     ] GC(0) Pause Young (Normal) (GCLocker Initiated GC)
[2023-04-08T14:27:50.287+0530][gc,task      ] GC(0) Using 4 workers of 4 for evacuation
[2023-04-08T14:27:50.301+0530][gc,phases    ] GC(0)   Pre Evacuate Collection Set: 0.0ms
[2023-04-08T14:27:50.301+0530][gc,phases    ] GC(0)   Evacuate Collection Set: 12.0ms
[2023-04-08T14:27:50.301+0530][gc,phases    ] GC(0)   Post Evacuate Collection Set: 1.9ms
[2023-04-08T14:27:50.301+0530][gc,phases    ] GC(0)   Other: 1.8ms
[2023-04-08T14:27:50.301+0530][gc,heap      ] GC(0) Eden regions: 51->0(44)
[2023-04-08T14:27:50.301+0530][gc,heap      ] GC(0) Survivor regions: 0->7(7)
[2023-04-08T14:27:50.301+0530][gc,heap      ] GC(0) Old regions: 2->2
[2023-04-08T14:27:50.301+0530][gc,heap      ] GC(0) Humongous regions: 0->0
[2023-04-08T14:27:50.301+0530][gc,metaspace ] GC(0) Metaspace: 14249K(15104K)->14249K(15104K) NonClass: 12502K(13056K)->12502K(13056K) Class: 1747K(2048K)->1747K(2048K)
[2023-04-08T14:27:50.301+0530][gc           ] GC(0) Pause Young (Normal) (GCLocker Initiated GC) 51M->7M(1024M) 15.796ms
[2023-04-08T14:27:50.301+0530][gc,cpu       ] GC(0) User=0.02s Sys=0.01s Real=0.02s
[2023-04-08T14:27:50.710+0530][gc,start     ] GC(1) Pause Young (Concurrent Start) (Metadata GC Threshold)
[2023-04-08T14:27:50.710+0530][gc,task      ] GC(1) Using 4 workers of 4 for evacuation
[2023-04-08T14:27:50.733+0530][gc,mmu       ] GC(1) MMU target violated: 21.0ms (20.0ms/21.0ms)
[2023-04-08T14:27:50.733+0530][gc,phases    ] GC(1)   Pre Evacuate Collection Set: 0.1ms
[2023-04-08T14:27:50.733+0530][gc,phases    ] GC(1)   Evacuate Collection Set: 21.6ms
[2023-04-08T14:27:50.733+0530][gc,phases    ] GC(1)   Post Evacuate Collection Set: 1.2ms
[2023-04-08T14:27:50.733+0530][gc,phases    ] GC(1)   Other: 0.7ms
[2023-04-08T14:27:50.733+0530][gc,heap      ] GC(1) Eden regions: 29->0(49)
[2023-04-08T14:27:50.733+0530][gc,heap      ] GC(1) Survivor regions: 7->2(7)
[2023-04-08T14:27:50.733+0530][gc,heap      ] GC(1) Old regions: 2->9
[2023-04-08T14:27:50.733+0530][gc,heap      ] GC(1) Humongous regions: 0->0
[2023-04-08T14:27:50.733+0530][gc,metaspace ] GC(1) Metaspace: 20571K(21248K)->20571K(21248K) NonClass: 18091K(18432K)->18091K(18432K) Class: 2479K(2816K)->2479K(2816K)
[2023-04-08T14:27:50.733+0530][gc           ] GC(1) Pause Young (Concurrent Start) (Metadata GC Threshold) 35M->8M(1024M) 23.506ms
[2023-04-08T14:27:50.733+0530][gc,cpu       ] GC(1) User=0.02s Sys=0.02s Real=0.03s
[2023-04-08T14:27:50.734+0530][gc           ] GC(2) Concurrent Cycle
[2023-04-08T14:27:50.734+0530][gc,marking   ] GC(2) Concurrent Clear Claimed Marks
[2023-04-08T14:27:50.734+0530][gc,marking   ] GC(2) Concurrent Clear Claimed Marks 0.066ms
[2023-04-08T14:27:50.734+0530][gc,marking   ] GC(2) Concurrent Scan Root Regions
[2023-04-08T14:27:50.736+0530][gc,marking   ] GC(2) Concurrent Scan Root Regions 1.852ms
[2023-04-08T14:27:50.736+0530][gc,marking   ] GC(2) Concurrent Mark (1.289s)
[2023-04-08T14:27:50.736+0530][gc,marking   ] GC(2) Concurrent Mark From Roots
[2023-04-08T14:27:50.736+0530][gc,task      ] GC(2) Using 1 workers of 1 for marking
[2023-04-08T14:27:50.742+0530][gc,marking   ] GC(2) Concurrent Mark From Roots 6.176ms
[2023-04-08T14:27:50.742+0530][gc,marking   ] GC(2) Concurrent Preclean
[2023-04-08T14:27:50.742+0530][gc,marking   ] GC(2) Concurrent Preclean 0.054ms
[2023-04-08T14:27:50.742+0530][gc,marking   ] GC(2) Concurrent Mark (1.289s, 1.296s) 6.276ms
[2023-04-08T14:27:50.743+0530][gc,start     ] GC(2) Pause Remark
[2023-04-08T14:27:50.746+0530][gc,stringtable] GC(2) Cleaned string and symbol table, strings: 5172 processed, 0 removed, symbols: 52834 processed, 43 removed
[2023-04-08T14:27:50.746+0530][gc            ] GC(2) Pause Remark 9M->9M(1024M) 2.800ms
[2023-04-08T14:27:50.746+0530][gc,cpu        ] GC(2) User=0.01s Sys=0.00s Real=0.00s
[2023-04-08T14:27:50.747+0530][gc,marking    ] GC(2) Concurrent Rebuild Remembered Sets
[2023-04-08T14:27:50.750+0530][gc,marking    ] GC(2) Concurrent Rebuild Remembered Sets 3.480ms
[2023-04-08T14:27:50.753+0530][gc,start      ] GC(2) Pause Cleanup
[2023-04-08T14:27:50.754+0530][gc            ] GC(2) Pause Cleanup 9M->9M(1024M) 0.284ms
[2023-04-08T14:27:50.754+0530][gc,cpu        ] GC(2) User=0.00s Sys=0.00s Real=0.00s
[2023-04-08T14:27:50.754+0530][gc,marking    ] GC(2) Concurrent Cleanup for Next Mark
[2023-04-08T14:27:50.762+0530][gc,marking    ] GC(2) Concurrent Cleanup for Next Mark 7.879ms
[2023-04-08T14:27:50.762+0530][gc            ] GC(2) Concurrent Cycle 28.035ms
[2023-04-08T14:27:51.387+0530][gc,start      ] GC(3) Pause Young (Normal) (G1 Evacuation Pause)
[2023-04-08T14:27:51.387+0530][gc,task       ] GC(3) Using 4 workers of 4 for evacuation
[2023-04-08T14:27:51.395+0530][gc,phases     ] GC(3)   Pre Evacuate Collection Set: 0.0ms
[2023-04-08T14:27:51.395+0530][gc,phases     ] GC(3)   Evacuate Collection Set: 6.2ms
[2023-04-08T14:27:51.395+0530][gc,phases     ] GC(3)   Post Evacuate Collection Set: 0.8ms
[2023-04-08T14:27:51.395+0530][gc,phases     ] GC(3)   Other: 0.2ms
[2023-04-08T14:27:51.395+0530][gc,heap       ] GC(3) Eden regions: 49->0(46)
[2023-04-08T14:27:51.395+0530][gc,heap       ] GC(3) Survivor regions: 2->5(7)
[2023-04-08T14:27:51.395+0530][gc,heap       ] GC(3) Old regions: 9->9
[2023-04-08T14:27:51.395+0530][gc,heap       ] GC(3) Humongous regions: 129->129
[2023-04-08T14:27:51.395+0530][gc,metaspace  ] GC(3) Metaspace: 28783K(29952K)->28783K(29952K) NonClass: 25435K(26112K)->25435K(26112K) Class: 3348K(3840K)->3348K(3840K)
[2023-04-08T14:27:51.395+0530][gc            ] GC(3) Pause Young (Normal) (G1 Evacuation Pause) 186M->140M(1024M) 7.315ms
[2023-04-08T14:27:51.395+0530][gc,cpu        ] GC(3) User=0.01s Sys=0.00s Real=0.01s
[2023-04-08T14:27:51.864+0530][gc,start      ] GC(4) Pause Young (Concurrent Start) (Metadata GC Threshold)
[2023-04-08T14:27:51.864+0530][gc,task       ] GC(4) Using 4 workers of 4 for evacuation
[2023-04-08T14:27:51.871+0530][gc,phases     ] GC(4)   Pre Evacuate Collection Set: 0.1ms
[2023-04-08T14:27:51.871+0530][gc,phases     ] GC(4)   Evacuate Collection Set: 6.4ms
[2023-04-08T14:27:51.871+0530][gc,phases     ] GC(4)   Post Evacuate Collection Set: 0.4ms
[2023-04-08T14:27:51.871+0530][gc,phases     ] GC(4)   Other: 0.2ms
[2023-04-08T14:27:51.871+0530][gc,heap       ] GC(4) Eden regions: 32->0(49)
[2023-04-08T14:27:51.871+0530][gc,heap       ] GC(4) Survivor regions: 5->2(7)
[2023-04-08T14:27:51.871+0530][gc,heap       ] GC(4) Old regions: 9->14
[2023-04-08T14:27:51.871+0530][gc,heap       ] GC(4) Humongous regions: 129->129
[2023-04-08T14:27:51.871+0530][gc,metaspace  ] GC(4) Metaspace: 34615K(35840K)->34615K(35840K) NonClass: 30618K(31232K)->30618K(31232K) Class: 3997K(4608K)->3997K(4608K)
[2023-04-08T14:27:51.871+0530][gc            ] GC(4) Pause Young (Concurrent Start) (Metadata GC Threshold) 172M->142M(1024M) 7.213ms
[2023-04-08T14:27:51.871+0530][gc,cpu        ] GC(4) User=0.02s Sys=0.01s Real=0.00s
[2023-04-08T14:27:51.872+0530][gc            ] GC(5) Concurrent Cycle
[2023-04-08T14:27:51.872+0530][gc,marking    ] GC(5) Concurrent Clear Claimed Marks
[2023-04-08T14:27:51.872+0530][gc,marking    ] GC(5) Concurrent Clear Claimed Marks 0.071ms
[2023-04-08T14:27:51.872+0530][gc,marking    ] GC(5) Concurrent Scan Root Regions
[2023-04-08T14:27:51.873+0530][gc,marking    ] GC(5) Concurrent Scan Root Regions 1.381ms
[2023-04-08T14:27:51.873+0530][gc,marking    ] GC(5) Concurrent Mark (2.427s)
[2023-04-08T14:27:51.873+0530][gc,marking    ] GC(5) Concurrent Mark From Roots
[2023-04-08T14:27:51.873+0530][gc,task       ] GC(5) Using 1 workers of 1 for marking
[2023-04-08T14:27:51.885+0530][gc,marking    ] GC(5) Concurrent Mark From Roots 12.159ms
[2023-04-08T14:27:51.885+0530][gc,marking    ] GC(5) Concurrent Preclean
[2023-04-08T14:27:51.885+0530][gc,marking    ] GC(5) Concurrent Preclean 0.071ms
[2023-04-08T14:27:51.885+0530][gc,marking    ] GC(5) Concurrent Mark (2.427s, 2.439s) 12.305ms
[2023-04-08T14:27:51.886+0530][gc,start      ] GC(5) Pause Remark
[2023-04-08T14:27:51.890+0530][gc,stringtable] GC(5) Cleaned string and symbol table, strings: 10935 processed, 12 removed, symbols: 85341 processed, 14 removed
[2023-04-08T14:27:51.890+0530][gc            ] GC(5) Pause Remark 143M->143M(1024M) 4.484ms
[2023-04-08T14:27:51.890+0530][gc,cpu        ] GC(5) User=0.01s Sys=0.00s Real=0.00s
[2023-04-08T14:27:51.890+0530][gc,marking    ] GC(5) Concurrent Rebuild Remembered Sets
[2023-04-08T14:27:51.898+0530][gc,marking    ] GC(5) Concurrent Rebuild Remembered Sets 7.058ms
[2023-04-08T14:27:51.898+0530][gc,start      ] GC(5) Pause Cleanup
[2023-04-08T14:27:51.898+0530][gc            ] GC(5) Pause Cleanup 143M->143M(1024M) 0.282ms
[2023-04-08T14:27:51.898+0530][gc,cpu        ] GC(5) User=0.00s Sys=0.00s Real=0.00s
[2023-04-08T14:27:51.898+0530][gc,marking    ] GC(5) Concurrent Cleanup for Next Mark
[2023-04-08T14:27:51.903+0530][gc,marking    ] GC(5) Concurrent Cleanup for Next Mark 4.935ms
[2023-04-08T14:27:51.903+0530][gc            ] GC(5) Concurrent Cycle 31.547ms
[2023-04-08T14:35:13.277+0530][gc,heap,exit  ] Heap
[2023-04-08T14:35:13.277+0530][gc,heap,exit  ]  garbage-first heap   total 1048576K, used 160634K [0x00000000c0000000, 0x0000000100000000)
[2023-04-08T14:35:13.277+0530][gc,heap,exit  ]   region size 1024K, 17 young (17408K), 2 survivors (2048K)
[2023-04-08T14:35:13.277+0530][gc,heap,exit  ]  Metaspace       used 36080K, capacity 37550K, committed 37760K, reserved 1081344K
[2023-04-08T14:35:13.277+0530][gc,heap,exit  ]   class space    used 4259K, capacity 4940K, committed 4992K, reserved 1048576K
