[2023-04-08T14:14:14.351+0530][gc,heap] Heap region size: 1M
[2023-04-08T14:14:14.360+0530][gc     ] Using G1
[2023-04-08T14:14:14.360+0530][gc,heap,coops] Heap address: 0x00000000c0000000, size: 1024 MB, Compressed Oops mode: 32-bit
[2023-04-08T14:14:14.360+0530][gc,cds       ] Mark closed archive regions in map: [0x00000000fff00000, 0x00000000fff6aff8]
[2023-04-08T14:14:14.360+0530][gc,cds       ] Mark open archive regions in map: [0x00000000ffe00000, 0x00000000ffe47ff8]
[2023-04-08T14:14:15.994+0530][gc,start     ] GC(0) Pause Young (Normal) (G1 Evacuation Pause)
[2023-04-08T14:14:15.996+0530][gc,task      ] GC(0) Using 4 workers of 4 for evacuation
[2023-04-08T14:14:16.005+0530][gc,phases    ] GC(0)   Pre Evacuate Collection Set: 0.0ms
[2023-04-08T14:14:16.005+0530][gc,phases    ] GC(0)   Evacuate Collection Set: 8.4ms
[2023-04-08T14:14:16.005+0530][gc,phases    ] GC(0)   Post Evacuate Collection Set: 1.0ms
[2023-04-08T14:14:16.006+0530][gc,phases    ] GC(0)   Other: 1.7ms
[2023-04-08T14:14:16.006+0530][gc,heap      ] GC(0) Eden regions: 51->0(44)
[2023-04-08T14:14:16.006+0530][gc,heap      ] GC(0) Survivor regions: 0->7(7)
[2023-04-08T14:14:16.006+0530][gc,heap      ] GC(0) Old regions: 2->2
[2023-04-08T14:14:16.006+0530][gc,heap      ] GC(0) Humongous regions: 0->0
[2023-04-08T14:14:16.006+0530][gc,metaspace ] GC(0) Metaspace: 14264K(14848K)->14264K(14848K) NonClass: 12516K(12800K)->12516K(12800K) Class: 1748K(2048K)->1748K(2048K)
[2023-04-08T14:14:16.006+0530][gc           ] GC(0) Pause Young (Normal) (G1 Evacuation Pause) 51M->7M(1024M) 11.166ms
[2023-04-08T14:14:16.006+0530][gc,cpu       ] GC(0) User=0.02s Sys=0.01s Real=0.01s
[2023-04-08T14:14:16.645+0530][gc,start     ] GC(1) Pause Young (Concurrent Start) (Metadata GC Threshold)
[2023-04-08T14:14:16.645+0530][gc,task      ] GC(1) Using 4 workers of 4 for evacuation
[2023-04-08T14:14:16.707+0530][gc,mmu       ] GC(1) MMU target violated: 21.0ms (20.0ms/21.0ms)
[2023-04-08T14:14:16.707+0530][gc,phases    ] GC(1)   Pre Evacuate Collection Set: 0.1ms
[2023-04-08T14:14:16.707+0530][gc,phases    ] GC(1)   Evacuate Collection Set: 61.0ms
[2023-04-08T14:14:16.707+0530][gc,phases    ] GC(1)   Post Evacuate Collection Set: 0.8ms
[2023-04-08T14:14:16.707+0530][gc,phases    ] GC(1)   Other: 0.4ms
[2023-04-08T14:14:16.707+0530][gc,heap      ] GC(1) Eden regions: 28->0(49)
[2023-04-08T14:14:16.707+0530][gc,heap      ] GC(1) Survivor regions: 7->2(7)
[2023-04-08T14:14:16.707+0530][gc,heap      ] GC(1) Old regions: 2->9
[2023-04-08T14:14:16.707+0530][gc,heap      ] GC(1) Humongous regions: 0->0
[2023-04-08T14:14:16.707+0530][gc,metaspace ] GC(1) Metaspace: 20492K(21248K)->20492K(21248K) NonClass: 18012K(18432K)->18012K(18432K) Class: 2479K(2816K)->2479K(2816K)
[2023-04-08T14:14:16.707+0530][gc           ] GC(1) Pause Young (Concurrent Start) (Metadata GC Threshold) 35M->8M(1024M) 62.303ms
[2023-04-08T14:14:16.707+0530][gc,cpu       ] GC(1) User=0.02s Sys=0.07s Real=0.06s
[2023-04-08T14:14:16.707+0530][gc           ] GC(2) Concurrent Cycle
[2023-04-08T14:14:16.707+0530][gc,marking   ] GC(2) Concurrent Clear Claimed Marks
[2023-04-08T14:14:16.707+0530][gc,marking   ] GC(2) Concurrent Clear Claimed Marks 0.074ms
[2023-04-08T14:14:16.707+0530][gc,marking   ] GC(2) Concurrent Scan Root Regions
[2023-04-08T14:14:16.710+0530][gc,marking   ] GC(2) Concurrent Scan Root Regions 2.520ms
[2023-04-08T14:14:16.710+0530][gc,marking   ] GC(2) Concurrent Mark (2.364s)
[2023-04-08T14:14:16.710+0530][gc,marking   ] GC(2) Concurrent Mark From Roots
[2023-04-08T14:14:16.710+0530][gc,task      ] GC(2) Using 1 workers of 1 for marking
[2023-04-08T14:14:16.718+0530][gc,marking   ] GC(2) Concurrent Mark From Roots 7.573ms
[2023-04-08T14:14:16.718+0530][gc,marking   ] GC(2) Concurrent Preclean
[2023-04-08T14:14:16.718+0530][gc,marking   ] GC(2) Concurrent Preclean 0.066ms
[2023-04-08T14:14:16.718+0530][gc,marking   ] GC(2) Concurrent Mark (2.364s, 2.372s) 7.688ms
[2023-04-08T14:14:16.728+0530][gc,start     ] GC(2) Pause Remark
[2023-04-08T14:14:16.731+0530][gc,stringtable] GC(2) Cleaned string and symbol table, strings: 5160 processed, 0 removed, symbols: 52676 processed, 42 removed
[2023-04-08T14:14:16.732+0530][gc            ] GC(2) Pause Remark 8M->8M(1024M) 4.374ms
[2023-04-08T14:14:16.732+0530][gc,cpu        ] GC(2) User=0.00s Sys=0.00s Real=0.01s
[2023-04-08T14:14:16.732+0530][gc,marking    ] GC(2) Concurrent Rebuild Remembered Sets
[2023-04-08T14:14:16.737+0530][gc,marking    ] GC(2) Concurrent Rebuild Remembered Sets 4.918ms
[2023-04-08T14:14:16.738+0530][gc,start      ] GC(2) Pause Cleanup
[2023-04-08T14:14:16.739+0530][gc            ] GC(2) Pause Cleanup 8M->8M(1024M) 0.525ms
[2023-04-08T14:14:16.739+0530][gc,cpu        ] GC(2) User=0.00s Sys=0.00s Real=0.00s
[2023-04-08T14:14:16.739+0530][gc,marking    ] GC(2) Concurrent Cleanup for Next Mark
[2023-04-08T14:14:16.937+0530][gc,marking    ] GC(2) Concurrent Cleanup for Next Mark 197.913ms
[2023-04-08T14:14:16.937+0530][gc            ] GC(2) Concurrent Cycle 229.731ms
[2023-04-08T14:14:18.901+0530][gc,start      ] GC(3) Pause Young (Normal) (G1 Evacuation Pause)
[2023-04-08T14:14:18.901+0530][gc,task       ] GC(3) Using 4 workers of 4 for evacuation
[2023-04-08T14:14:18.908+0530][gc,phases     ] GC(3)   Pre Evacuate Collection Set: 0.0ms
[2023-04-08T14:14:18.908+0530][gc,phases     ] GC(3)   Evacuate Collection Set: 6.8ms
[2023-04-08T14:14:18.908+0530][gc,phases     ] GC(3)   Post Evacuate Collection Set: 0.6ms
[2023-04-08T14:14:18.908+0530][gc,phases     ] GC(3)   Other: 0.2ms
[2023-04-08T14:14:18.908+0530][gc,heap       ] GC(3) Eden regions: 49->0(46)
[2023-04-08T14:14:18.908+0530][gc,heap       ] GC(3) Survivor regions: 2->5(7)
[2023-04-08T14:14:18.908+0530][gc,heap       ] GC(3) Old regions: 9->9
[2023-04-08T14:14:18.908+0530][gc,heap       ] GC(3) Humongous regions: 129->129
[2023-04-08T14:14:18.908+0530][gc,metaspace  ] GC(3) Metaspace: 28614K(29952K)->28614K(29952K) NonClass: 25279K(26112K)->25279K(26112K) Class: 3335K(3840K)->3335K(3840K)
[2023-04-08T14:14:18.908+0530][gc            ] GC(3) Pause Young (Normal) (G1 Evacuation Pause) 186M->140M(1024M) 7.727ms
[2023-04-08T14:14:18.908+0530][gc,cpu        ] GC(3) User=0.01s Sys=0.01s Real=0.00s
[2023-04-08T14:14:19.528+0530][gc,heap,exit  ] Heap
[2023-04-08T14:14:19.528+0530][gc,heap,exit  ]  garbage-first heap   total 1048576K, used 158516K [0x00000000c0000000, 0x0000000100000000)
[2023-04-08T14:14:19.528+0530][gc,heap,exit  ]   region size 1024K, 20 young (20480K), 5 survivors (5120K)
[2023-04-08T14:14:19.528+0530][gc,heap,exit  ]  Metaspace       used 30690K, capacity 31865K, committed 32000K, reserved 1077248K
[2023-04-08T14:14:19.528+0530][gc,heap,exit  ]   class space    used 3706K, capacity 4262K, committed 4352K, reserved 1048576K
