[2023-04-08T14:08:39.221+0530][gc,heap] Heap region size: 1M
[2023-04-08T14:08:39.230+0530][gc     ] Using G1
[2023-04-08T14:08:39.230+0530][gc,heap,coops] Heap address: 0x00000000c0000000, size: 1024 MB, Compressed Oops mode: 32-bit
[2023-04-08T14:08:39.230+0530][gc,cds       ] Mark closed archive regions in map: [0x00000000fff00000, 0x00000000fff6aff8]
[2023-04-08T14:08:39.230+0530][gc,cds       ] Mark open archive regions in map: [0x00000000ffe00000, 0x00000000ffe47ff8]
[2023-04-08T14:08:40.103+0530][gc,start     ] GC(0) Pause Young (Normal) (G1 Evacuation Pause)
[2023-04-08T14:08:40.104+0530][gc,task      ] GC(0) Using 4 workers of 4 for evacuation
[2023-04-08T14:08:40.127+0530][gc,mmu       ] GC(0) MMU target violated: 21.0ms (20.0ms/21.0ms)
[2023-04-08T14:08:40.127+0530][gc,phases    ] GC(0)   Pre Evacuate Collection Set: 0.0ms
[2023-04-08T14:08:40.127+0530][gc,phases    ] GC(0)   Evacuate Collection Set: 21.7ms
[2023-04-08T14:08:40.127+0530][gc,phases    ] GC(0)   Post Evacuate Collection Set: 1.1ms
[2023-04-08T14:08:40.127+0530][gc,phases    ] GC(0)   Other: 1.4ms
[2023-04-08T14:08:40.127+0530][gc,heap      ] GC(0) Eden regions: 51->0(44)
[2023-04-08T14:08:40.127+0530][gc,heap      ] GC(0) Survivor regions: 0->7(7)
[2023-04-08T14:08:40.127+0530][gc,heap      ] GC(0) Old regions: 2->2
[2023-04-08T14:08:40.127+0530][gc,heap      ] GC(0) Humongous regions: 0->0
[2023-04-08T14:08:40.127+0530][gc,metaspace ] GC(0) Metaspace: 14239K(15104K)->14239K(15104K) NonClass: 12490K(13056K)->12490K(13056K) Class: 1748K(2048K)->1748K(2048K)
[2023-04-08T14:08:40.127+0530][gc           ] GC(0) Pause Young (Normal) (G1 Evacuation Pause) 51M->7M(1024M) 24.284ms
[2023-04-08T14:08:40.127+0530][gc,cpu       ] GC(0) User=0.02s Sys=0.01s Real=0.02s
[2023-04-08T14:08:40.684+0530][gc,start     ] GC(1) Pause Young (Concurrent Start) (Metadata GC Threshold)
[2023-04-08T14:08:40.684+0530][gc,task      ] GC(1) Using 4 workers of 4 for evacuation
[2023-04-08T14:08:40.738+0530][gc,mmu       ] GC(1) MMU target violated: 21.0ms (20.0ms/21.0ms)
[2023-04-08T14:08:40.738+0530][gc,phases    ] GC(1)   Pre Evacuate Collection Set: 0.1ms
[2023-04-08T14:08:40.738+0530][gc,phases    ] GC(1)   Evacuate Collection Set: 52.0ms
[2023-04-08T14:08:40.738+0530][gc,phases    ] GC(1)   Post Evacuate Collection Set: 1.2ms
[2023-04-08T14:08:40.738+0530][gc,phases    ] GC(1)   Other: 0.3ms
[2023-04-08T14:08:40.738+0530][gc,heap      ] GC(1) Eden regions: 29->0(49)
[2023-04-08T14:08:40.738+0530][gc,heap      ] GC(1) Survivor regions: 7->2(7)
[2023-04-08T14:08:40.738+0530][gc,heap      ] GC(1) Old regions: 2->9
[2023-04-08T14:08:40.738+0530][gc,heap      ] GC(1) Humongous regions: 0->0
[2023-04-08T14:08:40.738+0530][gc,metaspace ] GC(1) Metaspace: 20552K(21248K)->20552K(21248K) NonClass: 18070K(18432K)->18070K(18432K) Class: 2481K(2816K)->2481K(2816K)
[2023-04-08T14:08:40.738+0530][gc           ] GC(1) Pause Young (Concurrent Start) (Metadata GC Threshold) 36M->8M(1024M) 53.572ms
[2023-04-08T14:08:40.738+0530][gc,cpu       ] GC(1) User=0.03s Sys=0.07s Real=0.05s
[2023-04-08T14:08:40.740+0530][gc           ] GC(2) Concurrent Cycle
[2023-04-08T14:08:40.740+0530][gc,marking   ] GC(2) Concurrent Clear Claimed Marks
[2023-04-08T14:08:40.740+0530][gc,marking   ] GC(2) Concurrent Clear Claimed Marks 0.063ms
[2023-04-08T14:08:40.740+0530][gc,marking   ] GC(2) Concurrent Scan Root Regions
[2023-04-08T14:08:40.741+0530][gc,marking   ] GC(2) Concurrent Scan Root Regions 1.347ms
[2023-04-08T14:08:40.741+0530][gc,marking   ] GC(2) Concurrent Mark (1.526s)
[2023-04-08T14:08:40.741+0530][gc,marking   ] GC(2) Concurrent Mark From Roots
[2023-04-08T14:08:40.741+0530][gc,task      ] GC(2) Using 1 workers of 1 for marking
[2023-04-08T14:08:40.768+0530][gc,marking   ] GC(2) Concurrent Mark From Roots 26.885ms
[2023-04-08T14:08:40.768+0530][gc,marking   ] GC(2) Concurrent Preclean
[2023-04-08T14:08:40.768+0530][gc,marking   ] GC(2) Concurrent Preclean 0.113ms
[2023-04-08T14:08:40.768+0530][gc,marking   ] GC(2) Concurrent Mark (1.526s, 1.553s) 27.223ms
[2023-04-08T14:08:40.769+0530][gc,start     ] GC(2) Pause Remark
[2023-04-08T14:08:40.773+0530][gc,stringtable] GC(2) Cleaned string and symbol table, strings: 5193 processed, 0 removed, symbols: 52864 processed, 42 removed
[2023-04-08T14:08:40.774+0530][gc            ] GC(2) Pause Remark 9M->9M(1024M) 5.073ms
[2023-04-08T14:08:40.774+0530][gc,cpu        ] GC(2) User=0.01s Sys=0.00s Real=0.01s
[2023-04-08T14:08:40.775+0530][gc,marking    ] GC(2) Concurrent Rebuild Remembered Sets
[2023-04-08T14:08:40.778+0530][gc,marking    ] GC(2) Concurrent Rebuild Remembered Sets 3.964ms
[2023-04-08T14:08:40.779+0530][gc,start      ] GC(2) Pause Cleanup
[2023-04-08T14:08:40.780+0530][gc            ] GC(2) Pause Cleanup 9M->9M(1024M) 1.038ms
[2023-04-08T14:08:40.780+0530][gc,cpu        ] GC(2) User=0.00s Sys=0.00s Real=0.00s
[2023-04-08T14:08:40.781+0530][gc,marking    ] GC(2) Concurrent Cleanup for Next Mark
[2023-04-08T14:08:40.936+0530][gc,marking    ] GC(2) Concurrent Cleanup for Next Mark 155.685ms
[2023-04-08T14:08:40.936+0530][gc            ] GC(2) Concurrent Cycle 196.760ms
[2023-04-08T14:08:40.977+0530][gc,heap,exit  ] Heap
[2023-04-08T14:08:40.977+0530][gc,heap,exit  ]  garbage-first heap   total 1048576K, used 11784K [0x00000000c0000000, 0x0000000100000000)
[2023-04-08T14:08:40.978+0530][gc,heap,exit  ]   region size 1024K, 6 young (6144K), 2 survivors (2048K)
[2023-04-08T14:08:40.978+0530][gc,heap,exit  ]  Metaspace       used 20926K, capacity 21495K, committed 21760K, reserved 1069056K
[2023-04-08T14:08:40.978+0530][gc,heap,exit  ]   class space    used 2543K, capacity 2797K, committed 2816K, reserved 1048576K
