[2023-04-08T09:56:42.296+0530][gc,heap] Heap region size: 1M
[2023-04-08T09:56:42.301+0530][gc     ] Using G1
[2023-04-08T09:56:42.301+0530][gc,heap,coops] Heap address: 0x00000000e0000000, size: 512 MB, Compressed Oops mode: 32-bit
[2023-04-08T09:56:42.301+0530][gc,cds       ] Mark closed archive regions in map: [0x00000000fff00000, 0x00000000fff6aff8]
[2023-04-08T09:56:42.301+0530][gc,cds       ] Mark open archive regions in map: [0x00000000ffe00000, 0x00000000ffe47ff8]
[2023-04-08T09:56:43.143+0530][gc,start     ] GC(0) Pause Young (Normal) (G1 Evacuation Pause)
[2023-04-08T09:56:43.145+0530][gc,task      ] GC(0) Using 4 workers of 4 for evacuation
[2023-04-08T09:56:43.153+0530][gc,phases    ] GC(0)   Pre Evacuate Collection Set: 0.0ms
[2023-04-08T09:56:43.153+0530][gc,phases    ] GC(0)   Evacuate Collection Set: 6.8ms
[2023-04-08T09:56:43.153+0530][gc,phases    ] GC(0)   Post Evacuate Collection Set: 0.4ms
[2023-04-08T09:56:43.153+0530][gc,phases    ] GC(0)   Other: 1.9ms
[2023-04-08T09:56:43.153+0530][gc,heap      ] GC(0) Eden regions: 25->0(21)
[2023-04-08T09:56:43.153+0530][gc,heap      ] GC(0) Survivor regions: 0->4(4)
[2023-04-08T09:56:43.153+0530][gc,heap      ] GC(0) Old regions: 2->5
[2023-04-08T09:56:43.153+0530][gc,heap      ] GC(0) Humongous regions: 0->0
[2023-04-08T09:56:43.153+0530][gc,metaspace ] GC(0) Metaspace: 7460K(7936K)->7460K(7936K) NonClass: 6626K(6912K)->6626K(6912K) Class: 834K(1024K)->834K(1024K)
[2023-04-08T09:56:43.153+0530][gc           ] GC(0) Pause Young (Normal) (G1 Evacuation Pause) 25M->7M(512M) 9.217ms
[2023-04-08T09:56:43.153+0530][gc,cpu       ] GC(0) User=0.02s Sys=0.00s Real=0.01s
