[2023-04-08T14:05:37.351+0530][gc,heap] Heap region size: 1M
[2023-04-08T14:05:37.359+0530][gc     ] Using G1
[2023-04-08T14:05:37.359+0530][gc,heap,coops] Heap address: 0x00000000c0000000, size: 1024 MB, Compressed Oops mode: 32-bit
[2023-04-08T14:05:37.359+0530][gc,cds       ] Mark closed archive regions in map: [0x00000000fff00000, 0x00000000fff6aff8]
[2023-04-08T14:05:37.359+0530][gc,cds       ] Mark open archive regions in map: [0x00000000ffe00000, 0x00000000ffe47ff8]
[2023-04-08T14:05:38.201+0530][gc,start     ] GC(0) Pause Young (Normal) (G1 Evacuation Pause)
[2023-04-08T14:05:38.202+0530][gc,task      ] GC(0) Using 4 workers of 4 for evacuation
[2023-04-08T14:05:38.225+0530][gc,mmu       ] GC(0) MMU target violated: 21.0ms (20.0ms/21.0ms)
[2023-04-08T14:05:38.225+0530][gc,phases    ] GC(0)   Pre Evacuate Collection Set: 0.0ms
[2023-04-08T14:05:38.225+0530][gc,phases    ] GC(0)   Evacuate Collection Set: 21.4ms
[2023-04-08T14:05:38.225+0530][gc,phases    ] GC(0)   Post Evacuate Collection Set: 1.7ms
[2023-04-08T14:05:38.225+0530][gc,phases    ] GC(0)   Other: 1.7ms
[2023-04-08T14:05:38.225+0530][gc,heap      ] GC(0) Eden regions: 51->0(44)
[2023-04-08T14:05:38.225+0530][gc,heap      ] GC(0) Survivor regions: 0->7(7)
[2023-04-08T14:05:38.225+0530][gc,heap      ] GC(0) Old regions: 2->2
[2023-04-08T14:05:38.225+0530][gc,heap      ] GC(0) Humongous regions: 0->0
[2023-04-08T14:05:38.225+0530][gc,metaspace ] GC(0) Metaspace: 14228K(15104K)->14228K(15104K) NonClass: 12476K(13056K)->12476K(13056K) Class: 1751K(2048K)->1751K(2048K)
[2023-04-08T14:05:38.226+0530][gc           ] GC(0) Pause Young (Normal) (G1 Evacuation Pause) 51M->7M(1024M) 24.891ms
[2023-04-08T14:05:38.226+0530][gc,cpu       ] GC(0) User=0.03s Sys=0.01s Real=0.02s
[2023-04-08T14:05:38.655+0530][gc,start     ] GC(1) Pause Young (Concurrent Start) (Metadata GC Threshold)
[2023-04-08T14:05:38.655+0530][gc,task      ] GC(1) Using 4 workers of 4 for evacuation
[2023-04-08T14:05:38.677+0530][gc,mmu       ] GC(1) MMU target violated: 21.0ms (20.0ms/21.0ms)
[2023-04-08T14:05:38.677+0530][gc,phases    ] GC(1)   Pre Evacuate Collection Set: 0.1ms
[2023-04-08T14:05:38.677+0530][gc,phases    ] GC(1)   Evacuate Collection Set: 19.5ms
[2023-04-08T14:05:38.677+0530][gc,phases    ] GC(1)   Post Evacuate Collection Set: 2.0ms
[2023-04-08T14:05:38.677+0530][gc,phases    ] GC(1)   Other: 0.3ms
[2023-04-08T14:05:38.677+0530][gc,heap      ] GC(1) Eden regions: 28->0(49)
[2023-04-08T14:05:38.677+0530][gc,heap      ] GC(1) Survivor regions: 7->2(7)
[2023-04-08T14:05:38.677+0530][gc,heap      ] GC(1) Old regions: 2->9
[2023-04-08T14:05:38.677+0530][gc,heap      ] GC(1) Humongous regions: 0->0
[2023-04-08T14:05:38.677+0530][gc,metaspace ] GC(1) Metaspace: 20505K(21248K)->20505K(21248K) NonClass: 18011K(18432K)->18011K(18432K) Class: 2494K(2816K)->2494K(2816K)
[2023-04-08T14:05:38.677+0530][gc           ] GC(1) Pause Young (Concurrent Start) (Metadata GC Threshold) 35M->8M(1024M) 21.848ms
[2023-04-08T14:05:38.677+0530][gc,cpu       ] GC(1) User=0.04s Sys=0.00s Real=0.02s
[2023-04-08T14:05:38.677+0530][gc           ] GC(2) Concurrent Cycle
[2023-04-08T14:05:38.677+0530][gc,marking   ] GC(2) Concurrent Clear Claimed Marks
[2023-04-08T14:05:38.678+0530][gc,marking   ] GC(2) Concurrent Clear Claimed Marks 0.078ms
[2023-04-08T14:05:38.678+0530][gc,marking   ] GC(2) Concurrent Scan Root Regions
[2023-04-08T14:05:38.679+0530][gc,marking   ] GC(2) Concurrent Scan Root Regions 1.282ms
[2023-04-08T14:05:38.679+0530][gc,marking   ] GC(2) Concurrent Mark (1.336s)
[2023-04-08T14:05:38.679+0530][gc,marking   ] GC(2) Concurrent Mark From Roots
[2023-04-08T14:05:38.679+0530][gc,task      ] GC(2) Using 1 workers of 1 for marking
[2023-04-08T14:05:38.685+0530][gc,marking   ] GC(2) Concurrent Mark From Roots 6.301ms
[2023-04-08T14:05:38.685+0530][gc,marking   ] GC(2) Concurrent Preclean
[2023-04-08T14:05:38.685+0530][gc,marking   ] GC(2) Concurrent Preclean 0.041ms
[2023-04-08T14:05:38.685+0530][gc,marking   ] GC(2) Concurrent Mark (1.336s, 1.343s) 6.386ms
[2023-04-08T14:05:38.686+0530][gc,start     ] GC(2) Pause Remark
[2023-04-08T14:05:38.693+0530][gc,stringtable] GC(2) Cleaned string and symbol table, strings: 5278 processed, 0 removed, symbols: 52073 processed, 48 removed
[2023-04-08T14:05:38.694+0530][gc            ] GC(2) Pause Remark 9M->9M(1024M) 8.235ms
[2023-04-08T14:05:38.694+0530][gc,cpu        ] GC(2) User=0.01s Sys=0.00s Real=0.01s
[2023-04-08T14:05:38.694+0530][gc,marking    ] GC(2) Concurrent Rebuild Remembered Sets
[2023-04-08T14:05:38.698+0530][gc,marking    ] GC(2) Concurrent Rebuild Remembered Sets 3.623ms
[2023-04-08T14:05:38.698+0530][gc,start      ] GC(2) Pause Cleanup
[2023-04-08T14:05:38.699+0530][gc            ] GC(2) Pause Cleanup 9M->9M(1024M) 0.355ms
[2023-04-08T14:05:38.699+0530][gc,cpu        ] GC(2) User=0.00s Sys=0.00s Real=0.00s
[2023-04-08T14:05:38.699+0530][gc,marking    ] GC(2) Concurrent Cleanup for Next Mark
[2023-04-08T14:05:38.704+0530][gc,marking    ] GC(2) Concurrent Cleanup for Next Mark 5.185ms
[2023-04-08T14:05:38.704+0530][gc            ] GC(2) Concurrent Cycle 26.698ms
[2023-04-08T14:05:39.227+0530][gc,start      ] GC(3) Pause Young (Normal) (G1 Evacuation Pause)
[2023-04-08T14:05:39.227+0530][gc,task       ] GC(3) Using 4 workers of 4 for evacuation
[2023-04-08T14:05:39.246+0530][gc,phases     ] GC(3)   Pre Evacuate Collection Set: 0.0ms
[2023-04-08T14:05:39.246+0530][gc,phases     ] GC(3)   Evacuate Collection Set: 17.1ms
[2023-04-08T14:05:39.246+0530][gc,phases     ] GC(3)   Post Evacuate Collection Set: 1.0ms
[2023-04-08T14:05:39.246+0530][gc,phases     ] GC(3)   Other: 0.2ms
[2023-04-08T14:05:39.246+0530][gc,heap       ] GC(3) Eden regions: 49->0(46)
[2023-04-08T14:05:39.246+0530][gc,heap       ] GC(3) Survivor regions: 2->5(7)
[2023-04-08T14:05:39.246+0530][gc,heap       ] GC(3) Old regions: 9->9
[2023-04-08T14:05:39.246+0530][gc,heap       ] GC(3) Humongous regions: 129->129
[2023-04-08T14:05:39.246+0530][gc,metaspace  ] GC(3) Metaspace: 28740K(29952K)->28740K(29952K) NonClass: 25371K(26112K)->25371K(26112K) Class: 3369K(3840K)->3369K(3840K)
[2023-04-08T14:05:39.246+0530][gc            ] GC(3) Pause Young (Normal) (G1 Evacuation Pause) 186M->140M(1024M) 18.387ms
[2023-04-08T14:05:39.246+0530][gc,cpu        ] GC(3) User=0.03s Sys=0.00s Real=0.02s
[2023-04-08T14:05:39.592+0530][gc,start      ] GC(4) Pause Young (Concurrent Start) (Metadata GC Threshold)
[2023-04-08T14:05:39.592+0530][gc,task       ] GC(4) Using 4 workers of 4 for evacuation
[2023-04-08T14:05:39.600+0530][gc,phases     ] GC(4)   Pre Evacuate Collection Set: 0.1ms
[2023-04-08T14:05:39.600+0530][gc,phases     ] GC(4)   Evacuate Collection Set: 6.1ms
[2023-04-08T14:05:39.600+0530][gc,phases     ] GC(4)   Post Evacuate Collection Set: 0.9ms
[2023-04-08T14:05:39.600+0530][gc,phases     ] GC(4)   Other: 0.3ms
[2023-04-08T14:05:39.600+0530][gc,heap       ] GC(4) Eden regions: 29->0(49)
[2023-04-08T14:05:39.600+0530][gc,heap       ] GC(4) Survivor regions: 5->2(7)
[2023-04-08T14:05:39.600+0530][gc,heap       ] GC(4) Old regions: 9->13
[2023-04-08T14:05:39.600+0530][gc,heap       ] GC(4) Humongous regions: 129->129
[2023-04-08T14:05:39.600+0530][gc,metaspace  ] GC(4) Metaspace: 34433K(35840K)->34433K(35840K) NonClass: 30383K(31104K)->30383K(31104K) Class: 4050K(4736K)->4050K(4736K)
[2023-04-08T14:05:39.600+0530][gc            ] GC(4) Pause Young (Concurrent Start) (Metadata GC Threshold) 169M->142M(1024M) 7.485ms
[2023-04-08T14:05:39.600+0530][gc,cpu        ] GC(4) User=0.01s Sys=0.01s Real=0.01s
[2023-04-08T14:05:39.600+0530][gc            ] GC(5) Concurrent Cycle
[2023-04-08T14:05:39.600+0530][gc,marking    ] GC(5) Concurrent Clear Claimed Marks
[2023-04-08T14:05:39.600+0530][gc,marking    ] GC(5) Concurrent Clear Claimed Marks 0.132ms
[2023-04-08T14:05:39.600+0530][gc,marking    ] GC(5) Concurrent Scan Root Regions
[2023-04-08T14:05:39.601+0530][gc,marking    ] GC(5) Concurrent Scan Root Regions 1.234ms
[2023-04-08T14:05:39.601+0530][gc,marking    ] GC(5) Concurrent Mark (2.259s)
[2023-04-08T14:05:39.601+0530][gc,marking    ] GC(5) Concurrent Mark From Roots
[2023-04-08T14:05:39.601+0530][gc,task       ] GC(5) Using 1 workers of 1 for marking
[2023-04-08T14:05:39.612+0530][gc,marking    ] GC(5) Concurrent Mark From Roots 10.964ms
[2023-04-08T14:05:39.612+0530][gc,marking    ] GC(5) Concurrent Preclean
[2023-04-08T14:05:39.613+0530][gc,marking    ] GC(5) Concurrent Preclean 0.055ms
[2023-04-08T14:05:39.613+0530][gc,marking    ] GC(5) Concurrent Mark (2.259s, 2.270s) 11.062ms
[2023-04-08T14:05:39.613+0530][gc,start      ] GC(5) Pause Remark
[2023-04-08T14:05:39.615+0530][gc,stringtable] GC(5) Cleaned string and symbol table, strings: 11002 processed, 12 removed, symbols: 85178 processed, 13 removed
[2023-04-08T14:05:39.616+0530][gc            ] GC(5) Pause Remark 145M->145M(1024M) 3.091ms
[2023-04-08T14:05:39.616+0530][gc,cpu        ] GC(5) User=0.01s Sys=0.01s Real=0.00s
[2023-04-08T14:05:39.616+0530][gc,marking    ] GC(5) Concurrent Rebuild Remembered Sets
[2023-04-08T14:05:39.623+0530][gc,marking    ] GC(5) Concurrent Rebuild Remembered Sets 6.304ms
[2023-04-08T14:05:39.623+0530][gc,start      ] GC(5) Pause Cleanup
[2023-04-08T14:05:39.623+0530][gc            ] GC(5) Pause Cleanup 146M->146M(1024M) 0.424ms
[2023-04-08T14:05:39.623+0530][gc,cpu        ] GC(5) User=0.00s Sys=0.00s Real=0.00s
[2023-04-08T14:05:39.624+0530][gc,marking    ] GC(5) Concurrent Cleanup for Next Mark
[2023-04-08T14:05:39.635+0530][gc,marking    ] GC(5) Concurrent Cleanup for Next Mark 11.545ms
[2023-04-08T14:05:39.635+0530][gc            ] GC(5) Concurrent Cycle 35.054ms
[2023-04-08T14:05:49.472+0530][gc,heap,exit  ] Heap
[2023-04-08T14:05:49.472+0530][gc,heap,exit  ]  garbage-first heap   total 1048576K, used 165463K [0x00000000c0000000, 0x0000000100000000)
[2023-04-08T14:05:49.472+0530][gc,heap,exit  ]   region size 1024K, 23 young (23552K), 2 survivors (2048K)
[2023-04-08T14:05:49.472+0530][gc,heap,exit  ]  Metaspace       used 36835K, capacity 38511K, committed 38604K, reserved 1083392K
[2023-04-08T14:05:49.472+0530][gc,heap,exit  ]   class space    used 4505K, capacity 5289K, committed 5324K, reserved 1048576K
