[2023-04-08T14:22:09.797+0530][gc,heap] Heap region size: 1M
[2023-04-08T14:22:09.806+0530][gc     ] Using G1
[2023-04-08T14:22:09.806+0530][gc,heap,coops] Heap address: 0x00000000c0000000, size: 1024 MB, Compressed Oops mode: 32-bit
[2023-04-08T14:22:09.807+0530][gc,cds       ] Mark closed archive regions in map: [0x00000000fff00000, 0x00000000fff6aff8]
[2023-04-08T14:22:09.807+0530][gc,cds       ] Mark open archive regions in map: [0x00000000ffe00000, 0x00000000ffe47ff8]
[2023-04-08T14:22:10.633+0530][gc,start     ] GC(0) Pause Young (Normal) (G1 Evacuation Pause)
[2023-04-08T14:22:10.636+0530][gc,task      ] GC(0) Using 4 workers of 4 for evacuation
[2023-04-08T14:22:10.645+0530][gc,phases    ] GC(0)   Pre Evacuate Collection Set: 0.0ms
[2023-04-08T14:22:10.645+0530][gc,phases    ] GC(0)   Evacuate Collection Set: 7.3ms
[2023-04-08T14:22:10.645+0530][gc,phases    ] GC(0)   Post Evacuate Collection Set: 1.4ms
[2023-04-08T14:22:10.645+0530][gc,phases    ] GC(0)   Other: 3.5ms
[2023-04-08T14:22:10.645+0530][gc,heap      ] GC(0) Eden regions: 51->0(44)
[2023-04-08T14:22:10.645+0530][gc,heap      ] GC(0) Survivor regions: 0->7(7)
[2023-04-08T14:22:10.645+0530][gc,heap      ] GC(0) Old regions: 2->2
[2023-04-08T14:22:10.645+0530][gc,heap      ] GC(0) Humongous regions: 0->0
[2023-04-08T14:22:10.645+0530][gc,metaspace ] GC(0) Metaspace: 14244K(15104K)->14244K(15104K) NonClass: 12497K(13056K)->12497K(13056K) Class: 1747K(2048K)->1747K(2048K)
[2023-04-08T14:22:10.645+0530][gc           ] GC(0) Pause Young (Normal) (G1 Evacuation Pause) 51M->7M(1024M) 12.483ms
[2023-04-08T14:22:10.645+0530][gc,cpu       ] GC(0) User=0.01s Sys=0.01s Real=0.01s
[2023-04-08T14:22:11.081+0530][gc,heap,exit ] Heap
[2023-04-08T14:22:11.081+0530][gc,heap,exit ]  garbage-first heap   total 1048576K, used 30868K [0x00000000c0000000, 0x0000000100000000)
[2023-04-08T14:22:11.081+0530][gc,heap,exit ]   region size 1024K, 31 young (31744K), 7 survivors (7168K)
[2023-04-08T14:22:11.081+0530][gc,heap,exit ]  Metaspace       used 19433K, capacity 19917K, committed 20352K, reserved 1067008K
[2023-04-08T14:22:11.081+0530][gc,heap,exit ]   class space    used 2335K, capacity 2563K, committed 2688K, reserved 1048576K
