[2023-04-08T14:06:23.192+0530][gc,heap] Heap region size: 1M
[2023-04-08T14:06:23.200+0530][gc     ] Using G1
[2023-04-08T14:06:23.200+0530][gc,heap,coops] Heap address: 0x00000000c0000000, size: 1024 MB, Compressed Oops mode: 32-bit
[2023-04-08T14:06:23.200+0530][gc,cds       ] Mark closed archive regions in map: [0x00000000fff00000, 0x00000000fff6aff8]
[2023-04-08T14:06:23.200+0530][gc,cds       ] Mark open archive regions in map: [0x00000000ffe00000, 0x00000000ffe47ff8]
[2023-04-08T14:06:24.004+0530][gc,start     ] GC(0) Pause Young (Normal) (G1 Evacuation Pause)
[2023-04-08T14:06:24.006+0530][gc,task      ] GC(0) Using 4 workers of 4 for evacuation
[2023-04-08T14:06:24.017+0530][gc,phases    ] GC(0)   Pre Evacuate Collection Set: 0.0ms
[2023-04-08T14:06:24.017+0530][gc,phases    ] GC(0)   Evacuate Collection Set: 10.3ms
[2023-04-08T14:06:24.017+0530][gc,phases    ] GC(0)   Post Evacuate Collection Set: 1.0ms
[2023-04-08T14:06:24.017+0530][gc,phases    ] GC(0)   Other: 1.6ms
[2023-04-08T14:06:24.017+0530][gc,heap      ] GC(0) Eden regions: 51->0(44)
[2023-04-08T14:06:24.017+0530][gc,heap      ] GC(0) Survivor regions: 0->7(7)
[2023-04-08T14:06:24.017+0530][gc,heap      ] GC(0) Old regions: 2->2
[2023-04-08T14:06:24.017+0530][gc,heap      ] GC(0) Humongous regions: 0->0
[2023-04-08T14:06:24.017+0530][gc,metaspace ] GC(0) Metaspace: 14236K(15104K)->14236K(15104K) NonClass: 12488K(13056K)->12488K(13056K) Class: 1748K(2048K)->1748K(2048K)
[2023-04-08T14:06:24.017+0530][gc           ] GC(0) Pause Young (Normal) (G1 Evacuation Pause) 51M->7M(1024M) 13.261ms
[2023-04-08T14:06:24.018+0530][gc,cpu       ] GC(0) User=0.01s Sys=0.01s Real=0.01s
[2023-04-08T14:06:24.472+0530][gc,start     ] GC(1) Pause Young (Concurrent Start) (Metadata GC Threshold)
[2023-04-08T14:06:24.472+0530][gc,task      ] GC(1) Using 4 workers of 4 for evacuation
[2023-04-08T14:06:24.492+0530][gc,phases    ] GC(1)   Pre Evacuate Collection Set: 0.1ms
[2023-04-08T14:06:24.492+0530][gc,phases    ] GC(1)   Evacuate Collection Set: 18.9ms
[2023-04-08T14:06:24.492+0530][gc,phases    ] GC(1)   Post Evacuate Collection Set: 0.5ms
[2023-04-08T14:06:24.492+0530][gc,phases    ] GC(1)   Other: 0.3ms
[2023-04-08T14:06:24.492+0530][gc,heap      ] GC(1) Eden regions: 30->0(49)
[2023-04-08T14:06:24.492+0530][gc,heap      ] GC(1) Survivor regions: 7->2(7)
[2023-04-08T14:06:24.492+0530][gc,heap      ] GC(1) Old regions: 2->9
[2023-04-08T14:06:24.492+0530][gc,heap      ] GC(1) Humongous regions: 0->0
[2023-04-08T14:06:24.492+0530][gc,metaspace ] GC(1) Metaspace: 20522K(21248K)->20522K(21248K) NonClass: 18043K(18432K)->18043K(18432K) Class: 2479K(2816K)->2479K(2816K)
[2023-04-08T14:06:24.492+0530][gc           ] GC(1) Pause Young (Concurrent Start) (Metadata GC Threshold) 36M->8M(1024M) 19.848ms
[2023-04-08T14:06:24.492+0530][gc,cpu       ] GC(1) User=0.01s Sys=0.01s Real=0.03s
[2023-04-08T14:06:24.492+0530][gc           ] GC(2) Concurrent Cycle
[2023-04-08T14:06:24.492+0530][gc,marking   ] GC(2) Concurrent Clear Claimed Marks
[2023-04-08T14:06:24.492+0530][gc,marking   ] GC(2) Concurrent Clear Claimed Marks 0.048ms
[2023-04-08T14:06:24.492+0530][gc,marking   ] GC(2) Concurrent Scan Root Regions
[2023-04-08T14:06:24.493+0530][gc,marking   ] GC(2) Concurrent Scan Root Regions 1.171ms
[2023-04-08T14:06:24.493+0530][gc,marking   ] GC(2) Concurrent Mark (1.307s)
[2023-04-08T14:06:24.493+0530][gc,marking   ] GC(2) Concurrent Mark From Roots
[2023-04-08T14:06:24.493+0530][gc,task      ] GC(2) Using 1 workers of 1 for marking
[2023-04-08T14:06:24.502+0530][gc,marking   ] GC(2) Concurrent Mark From Roots 8.748ms
[2023-04-08T14:06:24.502+0530][gc,marking   ] GC(2) Concurrent Preclean
[2023-04-08T14:06:24.502+0530][gc,marking   ] GC(2) Concurrent Preclean 0.047ms
[2023-04-08T14:06:24.502+0530][gc,marking   ] GC(2) Concurrent Mark (1.307s, 1.315s) 8.844ms
[2023-04-08T14:06:24.503+0530][gc,start     ] GC(2) Pause Remark
[2023-04-08T14:06:24.506+0530][gc,stringtable] GC(2) Cleaned string and symbol table, strings: 5160 processed, 0 removed, symbols: 52726 processed, 43 removed
[2023-04-08T14:06:24.506+0530][gc            ] GC(2) Pause Remark 8M->8M(1024M) 3.149ms
[2023-04-08T14:06:24.506+0530][gc,cpu        ] GC(2) User=0.00s Sys=0.00s Real=0.00s
[2023-04-08T14:06:24.506+0530][gc,marking    ] GC(2) Concurrent Rebuild Remembered Sets
[2023-04-08T14:06:24.509+0530][gc,marking    ] GC(2) Concurrent Rebuild Remembered Sets 2.966ms
[2023-04-08T14:06:24.509+0530][gc,start      ] GC(2) Pause Cleanup
[2023-04-08T14:06:24.510+0530][gc            ] GC(2) Pause Cleanup 8M->8M(1024M) 0.397ms
[2023-04-08T14:06:24.510+0530][gc,cpu        ] GC(2) User=0.00s Sys=0.00s Real=0.01s
[2023-04-08T14:06:24.510+0530][gc,marking    ] GC(2) Concurrent Cleanup for Next Mark
[2023-04-08T14:06:24.517+0530][gc,marking    ] GC(2) Concurrent Cleanup for Next Mark 7.503ms
[2023-04-08T14:06:24.518+0530][gc            ] GC(2) Concurrent Cycle 25.668ms
[2023-04-08T14:06:25.128+0530][gc,start      ] GC(3) Pause Young (Normal) (G1 Evacuation Pause)
[2023-04-08T14:06:25.128+0530][gc,task       ] GC(3) Using 4 workers of 4 for evacuation
[2023-04-08T14:06:25.137+0530][gc,phases     ] GC(3)   Pre Evacuate Collection Set: 0.1ms
[2023-04-08T14:06:25.137+0530][gc,phases     ] GC(3)   Evacuate Collection Set: 8.1ms
[2023-04-08T14:06:25.137+0530][gc,phases     ] GC(3)   Post Evacuate Collection Set: 0.8ms
[2023-04-08T14:06:25.137+0530][gc,phases     ] GC(3)   Other: 0.2ms
[2023-04-08T14:06:25.137+0530][gc,heap       ] GC(3) Eden regions: 49->0(46)
[2023-04-08T14:06:25.137+0530][gc,heap       ] GC(3) Survivor regions: 2->5(7)
[2023-04-08T14:06:25.137+0530][gc,heap       ] GC(3) Old regions: 9->9
[2023-04-08T14:06:25.137+0530][gc,heap       ] GC(3) Humongous regions: 129->129
[2023-04-08T14:06:25.137+0530][gc,metaspace  ] GC(3) Metaspace: 28780K(29952K)->28780K(29952K) NonClass: 25431K(26112K)->25431K(26112K) Class: 3349K(3840K)->3349K(3840K)
[2023-04-08T14:06:25.137+0530][gc            ] GC(3) Pause Young (Normal) (G1 Evacuation Pause) 186M->140M(1024M) 9.255ms
[2023-04-08T14:06:25.137+0530][gc,cpu        ] GC(3) User=0.02s Sys=0.01s Real=0.01s
[2023-04-08T14:06:25.545+0530][gc,start      ] GC(4) Pause Young (Concurrent Start) (Metadata GC Threshold)
[2023-04-08T14:06:25.545+0530][gc,task       ] GC(4) Using 4 workers of 4 for evacuation
[2023-04-08T14:06:25.567+0530][gc,mmu        ] GC(4) MMU target violated: 21.0ms (20.0ms/21.0ms)
[2023-04-08T14:06:25.567+0530][gc,phases     ] GC(4)   Pre Evacuate Collection Set: 0.1ms
[2023-04-08T14:06:25.567+0530][gc,phases     ] GC(4)   Evacuate Collection Set: 19.9ms
[2023-04-08T14:06:25.567+0530][gc,phases     ] GC(4)   Post Evacuate Collection Set: 2.0ms
[2023-04-08T14:06:25.567+0530][gc,phases     ] GC(4)   Other: 0.4ms
[2023-04-08T14:06:25.567+0530][gc,heap       ] GC(4) Eden regions: 29->0(49)
[2023-04-08T14:06:25.567+0530][gc,heap       ] GC(4) Survivor regions: 5->2(7)
[2023-04-08T14:06:25.567+0530][gc,heap       ] GC(4) Old regions: 9->13
[2023-04-08T14:06:25.567+0530][gc,heap       ] GC(4) Humongous regions: 129->129
[2023-04-08T14:06:25.567+0530][gc,metaspace  ] GC(4) Metaspace: 34336K(35840K)->34336K(35840K) NonClass: 30325K(31232K)->30325K(31232K) Class: 4011K(4608K)->4011K(4608K)
[2023-04-08T14:06:25.567+0530][gc            ] GC(4) Pause Young (Concurrent Start) (Metadata GC Threshold) 169M->142M(1024M) 22.567ms
[2023-04-08T14:06:25.567+0530][gc,cpu        ] GC(4) User=0.04s Sys=0.01s Real=0.02s
[2023-04-08T14:06:25.568+0530][gc            ] GC(5) Concurrent Cycle
[2023-04-08T14:06:25.568+0530][gc,marking    ] GC(5) Concurrent Clear Claimed Marks
[2023-04-08T14:06:25.568+0530][gc,marking    ] GC(5) Concurrent Clear Claimed Marks 0.205ms
[2023-04-08T14:06:25.568+0530][gc,marking    ] GC(5) Concurrent Scan Root Regions
[2023-04-08T14:06:25.572+0530][gc,marking    ] GC(5) Concurrent Scan Root Regions 3.263ms
[2023-04-08T14:06:25.572+0530][gc,marking    ] GC(5) Concurrent Mark (2.385s)
[2023-04-08T14:06:25.572+0530][gc,marking    ] GC(5) Concurrent Mark From Roots
[2023-04-08T14:06:25.572+0530][gc,task       ] GC(5) Using 1 workers of 1 for marking
[2023-04-08T14:06:25.627+0530][gc,marking    ] GC(5) Concurrent Mark From Roots 55.718ms
[2023-04-08T14:06:25.627+0530][gc,marking    ] GC(5) Concurrent Preclean
[2023-04-08T14:06:25.628+0530][gc,marking    ] GC(5) Concurrent Preclean 0.362ms
[2023-04-08T14:06:25.628+0530][gc,marking    ] GC(5) Concurrent Mark (2.385s, 2.441s) 56.160ms
[2023-04-08T14:06:25.628+0530][gc,start      ] GC(5) Pause Remark
[2023-04-08T14:06:25.635+0530][gc,stringtable] GC(5) Cleaned string and symbol table, strings: 10932 processed, 10 removed, symbols: 85297 processed, 16 removed
[2023-04-08T14:06:25.635+0530][gc            ] GC(5) Pause Remark 146M->146M(1024M) 6.844ms
[2023-04-08T14:06:25.635+0530][gc,cpu        ] GC(5) User=0.00s Sys=0.01s Real=0.01s
[2023-04-08T14:06:25.641+0530][gc,marking    ] GC(5) Concurrent Rebuild Remembered Sets
[2023-04-08T14:06:25.662+0530][gc,marking    ] GC(5) Concurrent Rebuild Remembered Sets 20.947ms
[2023-04-08T14:06:25.668+0530][gc,start      ] GC(5) Pause Cleanup
[2023-04-08T14:06:25.668+0530][gc            ] GC(5) Pause Cleanup 147M->147M(1024M) 0.461ms
[2023-04-08T14:06:25.668+0530][gc,cpu        ] GC(5) User=0.00s Sys=0.00s Real=0.00s
[2023-04-08T14:06:25.668+0530][gc,marking    ] GC(5) Concurrent Cleanup for Next Mark
[2023-04-08T14:06:25.674+0530][gc,marking    ] GC(5) Concurrent Cleanup for Next Mark 6.102ms
[2023-04-08T14:06:25.675+0530][gc            ] GC(5) Concurrent Cycle 106.536ms
[2023-04-08T14:12:30.744+0530][gc,heap,exit  ] Heap
[2023-04-08T14:12:30.745+0530][gc,heap,exit  ]  garbage-first heap   total 1048576K, used 166568K [0x00000000c0000000, 0x0000000100000000)
[2023-04-08T14:12:30.745+0530][gc,heap,exit  ]   region size 1024K, 24 young (24576K), 2 survivors (2048K)
[2023-04-08T14:12:30.745+0530][gc,heap,exit  ]  Metaspace       used 36923K, capacity 38521K, committed 38656K, reserved 1083392K
[2023-04-08T14:12:30.745+0530][gc,heap,exit  ]   class space    used 4503K, capacity 5278K, committed 5376K, reserved 1048576K
