[2023-04-08T14:05:04.015+0530][gc,heap] Heap region size: 1M
[2023-04-08T14:05:04.034+0530][gc     ] Using G1
[2023-04-08T14:05:04.034+0530][gc,heap,coops] Heap address: 0x00000000c0000000, size: 1024 MB, Compressed Oops mode: 32-bit
[2023-04-08T14:05:04.035+0530][gc,cds       ] Mark closed archive regions in map: [0x00000000fff00000, 0x00000000fff6aff8]
[2023-04-08T14:05:04.035+0530][gc,cds       ] Mark open archive regions in map: [0x00000000ffe00000, 0x00000000ffe47ff8]
[2023-04-08T14:05:05.095+0530][gc,start     ] GC(0) Pause Young (Normal) (G1 Evacuation Pause)
[2023-04-08T14:05:05.098+0530][gc,task      ] GC(0) Using 4 workers of 4 for evacuation
[2023-04-08T14:05:05.128+0530][gc,mmu       ] GC(0) MMU target violated: 21.0ms (20.0ms/21.0ms)
[2023-04-08T14:05:05.128+0530][gc,phases    ] GC(0)   Pre Evacuate Collection Set: 0.0ms
[2023-04-08T14:05:05.128+0530][gc,phases    ] GC(0)   Evacuate Collection Set: 28.0ms
[2023-04-08T14:05:05.128+0530][gc,phases    ] GC(0)   Post Evacuate Collection Set: 1.0ms
[2023-04-08T14:05:05.128+0530][gc,phases    ] GC(0)   Other: 3.5ms
[2023-04-08T14:05:05.128+0530][gc,heap      ] GC(0) Eden regions: 51->0(44)
[2023-04-08T14:05:05.128+0530][gc,heap      ] GC(0) Survivor regions: 0->7(7)
[2023-04-08T14:05:05.128+0530][gc,heap      ] GC(0) Old regions: 2->2
[2023-04-08T14:05:05.128+0530][gc,heap      ] GC(0) Humongous regions: 0->0
[2023-04-08T14:05:05.128+0530][gc,metaspace ] GC(0) Metaspace: 14254K(15104K)->14254K(15104K) NonClass: 12505K(13056K)->12505K(13056K) Class: 1748K(2048K)->1748K(2048K)
[2023-04-08T14:05:05.128+0530][gc           ] GC(0) Pause Young (Normal) (G1 Evacuation Pause) 51M->7M(1024M) 32.610ms
[2023-04-08T14:05:05.128+0530][gc,cpu       ] GC(0) User=0.04s Sys=0.03s Real=0.03s
[2023-04-08T14:05:05.712+0530][gc,start     ] GC(1) Pause Young (Concurrent Start) (Metadata GC Threshold)
[2023-04-08T14:05:05.712+0530][gc,task      ] GC(1) Using 4 workers of 4 for evacuation
[2023-04-08T14:05:05.743+0530][gc,mmu       ] GC(1) MMU target violated: 21.0ms (20.0ms/21.0ms)
[2023-04-08T14:05:05.743+0530][gc,phases    ] GC(1)   Pre Evacuate Collection Set: 0.1ms
[2023-04-08T14:05:05.743+0530][gc,phases    ] GC(1)   Evacuate Collection Set: 28.3ms
[2023-04-08T14:05:05.743+0530][gc,phases    ] GC(1)   Post Evacuate Collection Set: 1.4ms
[2023-04-08T14:05:05.743+0530][gc,phases    ] GC(1)   Other: 1.6ms
[2023-04-08T14:05:05.743+0530][gc,heap      ] GC(1) Eden regions: 28->0(49)
[2023-04-08T14:05:05.743+0530][gc,heap      ] GC(1) Survivor regions: 7->2(7)
[2023-04-08T14:05:05.743+0530][gc,heap      ] GC(1) Old regions: 2->9
[2023-04-08T14:05:05.743+0530][gc,heap      ] GC(1) Humongous regions: 0->0
[2023-04-08T14:05:05.743+0530][gc,metaspace ] GC(1) Metaspace: 20534K(21248K)->20534K(21248K) NonClass: 18054K(18432K)->18054K(18432K) Class: 2479K(2816K)->2479K(2816K)
[2023-04-08T14:05:05.743+0530][gc           ] GC(1) Pause Young (Concurrent Start) (Metadata GC Threshold) 35M->8M(1024M) 31.500ms
[2023-04-08T14:05:05.743+0530][gc,cpu       ] GC(1) User=0.01s Sys=0.05s Real=0.03s
[2023-04-08T14:05:05.744+0530][gc           ] GC(2) Concurrent Cycle
[2023-04-08T14:05:05.744+0530][gc,marking   ] GC(2) Concurrent Clear Claimed Marks
[2023-04-08T14:05:05.744+0530][gc,marking   ] GC(2) Concurrent Clear Claimed Marks 0.172ms
[2023-04-08T14:05:05.744+0530][gc,marking   ] GC(2) Concurrent Scan Root Regions
[2023-04-08T14:05:05.748+0530][gc,marking   ] GC(2) Concurrent Scan Root Regions 4.335ms
[2023-04-08T14:05:05.748+0530][gc,marking   ] GC(2) Concurrent Mark (1.739s)
[2023-04-08T14:05:05.748+0530][gc,marking   ] GC(2) Concurrent Mark From Roots
[2023-04-08T14:05:05.748+0530][gc,task      ] GC(2) Using 1 workers of 1 for marking
[2023-04-08T14:05:05.758+0530][gc,marking   ] GC(2) Concurrent Mark From Roots 9.976ms
[2023-04-08T14:05:05.758+0530][gc,marking   ] GC(2) Concurrent Preclean
[2023-04-08T14:05:05.758+0530][gc,marking   ] GC(2) Concurrent Preclean 0.171ms
[2023-04-08T14:05:05.758+0530][gc,marking   ] GC(2) Concurrent Mark (1.739s, 1.749s) 10.222ms
[2023-04-08T14:05:05.759+0530][gc,start     ] GC(2) Pause Remark
[2023-04-08T14:05:05.767+0530][gc,stringtable] GC(2) Cleaned string and symbol table, strings: 5174 processed, 0 removed, symbols: 52835 processed, 43 removed
[2023-04-08T14:05:05.768+0530][gc            ] GC(2) Pause Remark 9M->9M(1024M) 9.018ms
[2023-04-08T14:05:05.768+0530][gc,cpu        ] GC(2) User=0.02s Sys=0.01s Real=0.00s
[2023-04-08T14:05:05.768+0530][gc,marking    ] GC(2) Concurrent Rebuild Remembered Sets
[2023-04-08T14:05:05.773+0530][gc,marking    ] GC(2) Concurrent Rebuild Remembered Sets 4.623ms
[2023-04-08T14:05:05.773+0530][gc,start      ] GC(2) Pause Cleanup
[2023-04-08T14:05:05.774+0530][gc            ] GC(2) Pause Cleanup 9M->9M(1024M) 0.420ms
[2023-04-08T14:05:05.774+0530][gc,cpu        ] GC(2) User=0.00s Sys=0.00s Real=0.00s
[2023-04-08T14:05:05.774+0530][gc,marking    ] GC(2) Concurrent Cleanup for Next Mark
[2023-04-08T14:05:05.838+0530][gc,marking    ] GC(2) Concurrent Cleanup for Next Mark 63.789ms
[2023-04-08T14:05:05.838+0530][gc            ] GC(2) Concurrent Cycle 94.279ms
[2023-04-08T14:05:06.761+0530][gc,start      ] GC(3) Pause Young (Normal) (G1 Evacuation Pause)
[2023-04-08T14:05:06.761+0530][gc,task       ] GC(3) Using 4 workers of 4 for evacuation
[2023-04-08T14:05:06.769+0530][gc,phases     ] GC(3)   Pre Evacuate Collection Set: 0.0ms
[2023-04-08T14:05:06.769+0530][gc,phases     ] GC(3)   Evacuate Collection Set: 6.0ms
[2023-04-08T14:05:06.769+0530][gc,phases     ] GC(3)   Post Evacuate Collection Set: 1.8ms
[2023-04-08T14:05:06.769+0530][gc,phases     ] GC(3)   Other: 0.2ms
[2023-04-08T14:05:06.769+0530][gc,heap       ] GC(3) Eden regions: 49->0(46)
[2023-04-08T14:05:06.769+0530][gc,heap       ] GC(3) Survivor regions: 2->5(7)
[2023-04-08T14:05:06.769+0530][gc,heap       ] GC(3) Old regions: 9->9
[2023-04-08T14:05:06.769+0530][gc,heap       ] GC(3) Humongous regions: 129->129
[2023-04-08T14:05:06.769+0530][gc,metaspace  ] GC(3) Metaspace: 28596K(29696K)->28596K(29696K) NonClass: 25262K(25856K)->25262K(25856K) Class: 3334K(3840K)->3334K(3840K)
[2023-04-08T14:05:06.769+0530][gc            ] GC(3) Pause Young (Normal) (G1 Evacuation Pause) 186M->140M(1024M) 8.117ms
[2023-04-08T14:05:06.769+0530][gc,cpu        ] GC(3) User=0.01s Sys=0.01s Real=0.00s
[2023-04-08T14:05:07.245+0530][gc,start      ] GC(4) Pause Young (Concurrent Start) (Metadata GC Threshold)
[2023-04-08T14:05:07.245+0530][gc,task       ] GC(4) Using 4 workers of 4 for evacuation
[2023-04-08T14:05:07.260+0530][gc,phases     ] GC(4)   Pre Evacuate Collection Set: 0.3ms
[2023-04-08T14:05:07.260+0530][gc,phases     ] GC(4)   Evacuate Collection Set: 12.9ms
[2023-04-08T14:05:07.260+0530][gc,phases     ] GC(4)   Post Evacuate Collection Set: 0.6ms
[2023-04-08T14:05:07.260+0530][gc,phases     ] GC(4)   Other: 0.6ms
[2023-04-08T14:05:07.260+0530][gc,heap       ] GC(4) Eden regions: 32->0(49)
[2023-04-08T14:05:07.260+0530][gc,heap       ] GC(4) Survivor regions: 5->2(7)
[2023-04-08T14:05:07.260+0530][gc,heap       ] GC(4) Old regions: 9->13
[2023-04-08T14:05:07.260+0530][gc,heap       ] GC(4) Humongous regions: 129->129
[2023-04-08T14:05:07.260+0530][gc,metaspace  ] GC(4) Metaspace: 34503K(35840K)->34503K(35840K) NonClass: 30443K(31104K)->30443K(31104K) Class: 4059K(4736K)->4059K(4736K)
[2023-04-08T14:05:07.260+0530][gc            ] GC(4) Pause Young (Concurrent Start) (Metadata GC Threshold) 171M->142M(1024M) 14.461ms
[2023-04-08T14:05:07.260+0530][gc,cpu        ] GC(4) User=0.03s Sys=0.02s Real=0.02s
[2023-04-08T14:05:07.260+0530][gc            ] GC(5) Concurrent Cycle
[2023-04-08T14:05:07.260+0530][gc,marking    ] GC(5) Concurrent Clear Claimed Marks
[2023-04-08T14:05:07.260+0530][gc,marking    ] GC(5) Concurrent Clear Claimed Marks 0.175ms
[2023-04-08T14:05:07.260+0530][gc,marking    ] GC(5) Concurrent Scan Root Regions
[2023-04-08T14:05:07.262+0530][gc,marking    ] GC(5) Concurrent Scan Root Regions 1.220ms
[2023-04-08T14:05:07.262+0530][gc,marking    ] GC(5) Concurrent Mark (3.252s)
[2023-04-08T14:05:07.262+0530][gc,marking    ] GC(5) Concurrent Mark From Roots
[2023-04-08T14:05:07.262+0530][gc,task       ] GC(5) Using 1 workers of 1 for marking
[2023-04-08T14:05:07.271+0530][gc,marking    ] GC(5) Concurrent Mark From Roots 9.906ms
[2023-04-08T14:05:07.271+0530][gc,marking    ] GC(5) Concurrent Preclean
[2023-04-08T14:05:07.272+0530][gc,marking    ] GC(5) Concurrent Preclean 0.055ms
[2023-04-08T14:05:07.272+0530][gc,marking    ] GC(5) Concurrent Mark (3.252s, 3.262s) 10.009ms
[2023-04-08T14:05:07.273+0530][gc,start      ] GC(5) Pause Remark
[2023-04-08T14:05:07.277+0530][gc,stringtable] GC(5) Cleaned string and symbol table, strings: 10872 processed, 13 removed, symbols: 84906 processed, 13 removed
[2023-04-08T14:05:07.277+0530][gc            ] GC(5) Pause Remark 142M->142M(1024M) 4.339ms
[2023-04-08T14:05:07.277+0530][gc,cpu        ] GC(5) User=0.00s Sys=0.00s Real=0.00s
[2023-04-08T14:05:07.277+0530][gc,marking    ] GC(5) Concurrent Rebuild Remembered Sets
[2023-04-08T14:05:07.285+0530][gc,marking    ] GC(5) Concurrent Rebuild Remembered Sets 7.159ms
[2023-04-08T14:05:07.288+0530][gc,start      ] GC(5) Pause Cleanup
[2023-04-08T14:05:07.289+0530][gc            ] GC(5) Pause Cleanup 143M->143M(1024M) 0.415ms
[2023-04-08T14:05:07.289+0530][gc,cpu        ] GC(5) User=0.00s Sys=0.00s Real=0.00s
[2023-04-08T14:05:07.289+0530][gc,marking    ] GC(5) Concurrent Cleanup for Next Mark
[2023-04-08T14:05:07.326+0530][gc,marking    ] GC(5) Concurrent Cleanup for Next Mark 37.441ms
[2023-04-08T14:05:07.326+0530][gc            ] GC(5) Concurrent Cycle 66.132ms
[2023-04-08T14:05:23.642+0530][gc,heap,exit  ] Heap
[2023-04-08T14:05:23.642+0530][gc,heap,exit  ]  garbage-first heap   total 1048576K, used 163221K [0x00000000c0000000, 0x0000000100000000)
[2023-04-08T14:05:23.642+0530][gc,heap,exit  ]   region size 1024K, 21 young (21504K), 2 survivors (2048K)
[2023-04-08T14:05:23.643+0530][gc,heap,exit  ]  Metaspace       used 36657K, capacity 38310K, committed 38528K, reserved 1083392K
[2023-04-08T14:05:23.643+0530][gc,heap,exit  ]   class space    used 4482K, capacity 5247K, committed 5248K, reserved 1048576K
