[2023-04-08T14:36:18.672+0530][gc,heap] Heap region size: 1M
[2023-04-08T14:36:18.680+0530][gc     ] Using G1
[2023-04-08T14:36:18.680+0530][gc,heap,coops] Heap address: 0x00000000c0000000, size: 1024 MB, Compressed Oops mode: 32-bit
[2023-04-08T14:36:18.681+0530][gc,cds       ] Mark closed archive regions in map: [0x00000000fff00000, 0x00000000fff6aff8]
[2023-04-08T14:36:18.681+0530][gc,cds       ] Mark open archive regions in map: [0x00000000ffe00000, 0x00000000ffe47ff8]
[2023-04-08T14:36:19.497+0530][gc,start     ] GC(0) Pause Young (Normal) (G1 Evacuation Pause)
[2023-04-08T14:36:19.504+0530][gc,task      ] GC(0) Using 4 workers of 4 for evacuation
[2023-04-08T14:36:19.513+0530][gc,phases    ] GC(0)   Pre Evacuate Collection Set: 0.0ms
[2023-04-08T14:36:19.513+0530][gc,phases    ] GC(0)   Evacuate Collection Set: 8.1ms
[2023-04-08T14:36:19.513+0530][gc,phases    ] GC(0)   Post Evacuate Collection Set: 0.8ms
[2023-04-08T14:36:19.513+0530][gc,phases    ] GC(0)   Other: 7.6ms
[2023-04-08T14:36:19.513+0530][gc,heap      ] GC(0) Eden regions: 51->0(44)
[2023-04-08T14:36:19.513+0530][gc,heap      ] GC(0) Survivor regions: 0->7(7)
[2023-04-08T14:36:19.513+0530][gc,heap      ] GC(0) Old regions: 2->2
[2023-04-08T14:36:19.513+0530][gc,heap      ] GC(0) Humongous regions: 0->0
[2023-04-08T14:36:19.513+0530][gc,metaspace ] GC(0) Metaspace: 14222K(14848K)->14222K(14848K) NonClass: 12471K(12800K)->12471K(12800K) Class: 1750K(2048K)->1750K(2048K)
[2023-04-08T14:36:19.513+0530][gc           ] GC(0) Pause Young (Normal) (G1 Evacuation Pause) 51M->7M(1024M) 16.616ms
[2023-04-08T14:36:19.513+0530][gc,cpu       ] GC(0) User=0.02s Sys=0.00s Real=0.02s
[2023-04-08T14:36:20.001+0530][gc,start     ] GC(1) Pause Young (Concurrent Start) (Metadata GC Threshold)
[2023-04-08T14:36:20.001+0530][gc,task      ] GC(1) Using 4 workers of 4 for evacuation
[2023-04-08T14:36:20.015+0530][gc,phases    ] GC(1)   Pre Evacuate Collection Set: 0.1ms
[2023-04-08T14:36:20.015+0530][gc,phases    ] GC(1)   Evacuate Collection Set: 12.5ms
[2023-04-08T14:36:20.015+0530][gc,phases    ] GC(1)   Post Evacuate Collection Set: 1.2ms
[2023-04-08T14:36:20.015+0530][gc,phases    ] GC(1)   Other: 0.4ms
[2023-04-08T14:36:20.015+0530][gc,heap      ] GC(1) Eden regions: 29->0(49)
[2023-04-08T14:36:20.015+0530][gc,heap      ] GC(1) Survivor regions: 7->2(7)
[2023-04-08T14:36:20.015+0530][gc,heap      ] GC(1) Old regions: 2->9
[2023-04-08T14:36:20.015+0530][gc,heap      ] GC(1) Humongous regions: 0->0
[2023-04-08T14:36:20.015+0530][gc,metaspace ] GC(1) Metaspace: 20620K(21248K)->20620K(21248K) NonClass: 18109K(18432K)->18109K(18432K) Class: 2511K(2816K)->2511K(2816K)
[2023-04-08T14:36:20.015+0530][gc           ] GC(1) Pause Young (Concurrent Start) (Metadata GC Threshold) 36M->8M(1024M) 14.319ms
[2023-04-08T14:36:20.015+0530][gc,cpu       ] GC(1) User=0.01s Sys=0.01s Real=0.01s
[2023-04-08T14:36:20.015+0530][gc           ] GC(2) Concurrent Cycle
[2023-04-08T14:36:20.015+0530][gc,marking   ] GC(2) Concurrent Clear Claimed Marks
[2023-04-08T14:36:20.015+0530][gc,marking   ] GC(2) Concurrent Clear Claimed Marks 0.057ms
[2023-04-08T14:36:20.015+0530][gc,marking   ] GC(2) Concurrent Scan Root Regions
[2023-04-08T14:36:20.017+0530][gc,marking   ] GC(2) Concurrent Scan Root Regions 1.332ms
[2023-04-08T14:36:20.017+0530][gc,marking   ] GC(2) Concurrent Mark (1.352s)
[2023-04-08T14:36:20.017+0530][gc,marking   ] GC(2) Concurrent Mark From Roots
[2023-04-08T14:36:20.017+0530][gc,task      ] GC(2) Using 1 workers of 1 for marking
[2023-04-08T14:36:20.024+0530][gc,marking   ] GC(2) Concurrent Mark From Roots 7.499ms
[2023-04-08T14:36:20.024+0530][gc,marking   ] GC(2) Concurrent Preclean
[2023-04-08T14:36:20.024+0530][gc,marking   ] GC(2) Concurrent Preclean 0.118ms
[2023-04-08T14:36:20.024+0530][gc,marking   ] GC(2) Concurrent Mark (1.352s, 1.360s) 7.677ms
[2023-04-08T14:36:20.025+0530][gc,start     ] GC(2) Pause Remark
[2023-04-08T14:36:20.027+0530][gc,stringtable] GC(2) Cleaned string and symbol table, strings: 5272 processed, 0 removed, symbols: 52942 processed, 47 removed
[2023-04-08T14:36:20.028+0530][gc            ] GC(2) Pause Remark 8M->8M(1024M) 2.752ms
[2023-04-08T14:36:20.028+0530][gc,cpu        ] GC(2) User=0.01s Sys=0.00s Real=0.00s
[2023-04-08T14:36:20.028+0530][gc,marking    ] GC(2) Concurrent Rebuild Remembered Sets
[2023-04-08T14:36:20.033+0530][gc,marking    ] GC(2) Concurrent Rebuild Remembered Sets 5.370ms
[2023-04-08T14:36:20.034+0530][gc,start      ] GC(2) Pause Cleanup
[2023-04-08T14:36:20.035+0530][gc            ] GC(2) Pause Cleanup 8M->8M(1024M) 0.501ms
[2023-04-08T14:36:20.035+0530][gc,cpu        ] GC(2) User=0.00s Sys=0.00s Real=0.00s
[2023-04-08T14:36:20.035+0530][gc,marking    ] GC(2) Concurrent Cleanup for Next Mark
[2023-04-08T14:36:20.045+0530][gc,marking    ] GC(2) Concurrent Cleanup for Next Mark 10.035ms
[2023-04-08T14:36:20.045+0530][gc            ] GC(2) Concurrent Cycle 30.018ms
[2023-04-08T14:36:20.726+0530][gc,start      ] GC(3) Pause Young (Normal) (G1 Evacuation Pause)
[2023-04-08T14:36:20.726+0530][gc,task       ] GC(3) Using 4 workers of 4 for evacuation
[2023-04-08T14:36:20.733+0530][gc,phases     ] GC(3)   Pre Evacuate Collection Set: 0.1ms
[2023-04-08T14:36:20.733+0530][gc,phases     ] GC(3)   Evacuate Collection Set: 5.7ms
[2023-04-08T14:36:20.733+0530][gc,phases     ] GC(3)   Post Evacuate Collection Set: 1.0ms
[2023-04-08T14:36:20.733+0530][gc,phases     ] GC(3)   Other: 0.1ms
[2023-04-08T14:36:20.733+0530][gc,heap       ] GC(3) Eden regions: 49->0(46)
[2023-04-08T14:36:20.733+0530][gc,heap       ] GC(3) Survivor regions: 2->5(7)
[2023-04-08T14:36:20.733+0530][gc,heap       ] GC(3) Old regions: 9->9
[2023-04-08T14:36:20.733+0530][gc,heap       ] GC(3) Humongous regions: 129->129
[2023-04-08T14:36:20.733+0530][gc,metaspace  ] GC(3) Metaspace: 28966K(30080K)->28966K(30080K) NonClass: 25580K(26112K)->25580K(26112K) Class: 3386K(3968K)->3386K(3968K)
[2023-04-08T14:36:20.733+0530][gc            ] GC(3) Pause Young (Normal) (G1 Evacuation Pause) 186M->140M(1024M) 6.925ms
[2023-04-08T14:36:20.733+0530][gc,cpu        ] GC(3) User=0.01s Sys=0.00s Real=0.01s
[2023-04-08T14:36:21.110+0530][gc,start      ] GC(4) Pause Young (Concurrent Start) (Metadata GC Threshold)
[2023-04-08T14:36:21.110+0530][gc,task       ] GC(4) Using 4 workers of 4 for evacuation
[2023-04-08T14:36:21.122+0530][gc,phases     ] GC(4)   Pre Evacuate Collection Set: 0.1ms
[2023-04-08T14:36:21.122+0530][gc,phases     ] GC(4)   Evacuate Collection Set: 10.3ms
[2023-04-08T14:36:21.122+0530][gc,phases     ] GC(4)   Post Evacuate Collection Set: 0.6ms
[2023-04-08T14:36:21.122+0530][gc,phases     ] GC(4)   Other: 0.3ms
[2023-04-08T14:36:21.122+0530][gc,heap       ] GC(4) Eden regions: 29->0(49)
[2023-04-08T14:36:21.122+0530][gc,heap       ] GC(4) Survivor regions: 5->2(7)
[2023-04-08T14:36:21.122+0530][gc,heap       ] GC(4) Old regions: 9->13
[2023-04-08T14:36:21.122+0530][gc,heap       ] GC(4) Humongous regions: 129->129
[2023-04-08T14:36:21.122+0530][gc,metaspace  ] GC(4) Metaspace: 34453K(35840K)->34453K(35840K) NonClass: 30407K(31104K)->30407K(31104K) Class: 4046K(4736K)->4046K(4736K)
[2023-04-08T14:36:21.122+0530][gc            ] GC(4) Pause Young (Concurrent Start) (Metadata GC Threshold) 169M->142M(1024M) 11.380ms
[2023-04-08T14:36:21.122+0530][gc,cpu        ] GC(4) User=0.01s Sys=0.01s Real=0.01s
[2023-04-08T14:36:21.122+0530][gc            ] GC(5) Concurrent Cycle
[2023-04-08T14:36:21.122+0530][gc,marking    ] GC(5) Concurrent Clear Claimed Marks
[2023-04-08T14:36:21.122+0530][gc,marking    ] GC(5) Concurrent Clear Claimed Marks 0.189ms
[2023-04-08T14:36:21.122+0530][gc,marking    ] GC(5) Concurrent Scan Root Regions
[2023-04-08T14:36:21.124+0530][gc,marking    ] GC(5) Concurrent Scan Root Regions 1.400ms
[2023-04-08T14:36:21.124+0530][gc,marking    ] GC(5) Concurrent Mark (2.459s)
[2023-04-08T14:36:21.124+0530][gc,marking    ] GC(5) Concurrent Mark From Roots
[2023-04-08T14:36:21.124+0530][gc,task       ] GC(5) Using 1 workers of 1 for marking
[2023-04-08T14:36:21.134+0530][gc,marking    ] GC(5) Concurrent Mark From Roots 10.560ms
[2023-04-08T14:36:21.134+0530][gc,marking    ] GC(5) Concurrent Preclean
[2023-04-08T14:36:21.135+0530][gc,marking    ] GC(5) Concurrent Preclean 0.110ms
[2023-04-08T14:36:21.135+0530][gc,marking    ] GC(5) Concurrent Mark (2.459s, 2.470s) 10.732ms
[2023-04-08T14:36:21.138+0530][gc,start      ] GC(5) Pause Remark
[2023-04-08T14:36:21.144+0530][gc,stringtable] GC(5) Cleaned string and symbol table, strings: 10987 processed, 12 removed, symbols: 85081 processed, 13 removed
[2023-04-08T14:36:21.144+0530][gc            ] GC(5) Pause Remark 143M->143M(1024M) 6.145ms
[2023-04-08T14:36:21.144+0530][gc,cpu        ] GC(5) User=0.01s Sys=0.00s Real=0.00s
[2023-04-08T14:36:21.145+0530][gc,marking    ] GC(5) Concurrent Rebuild Remembered Sets
[2023-04-08T14:36:21.164+0530][gc,marking    ] GC(5) Concurrent Rebuild Remembered Sets 19.615ms
[2023-04-08T14:36:21.165+0530][gc,start      ] GC(5) Pause Cleanup
[2023-04-08T14:36:21.165+0530][gc            ] GC(5) Pause Cleanup 144M->144M(1024M) 0.387ms
[2023-04-08T14:36:21.165+0530][gc,cpu        ] GC(5) User=0.00s Sys=0.00s Real=0.00s
[2023-04-08T14:36:21.166+0530][gc,marking    ] GC(5) Concurrent Cleanup for Next Mark
[2023-04-08T14:36:21.183+0530][gc,marking    ] GC(5) Concurrent Cleanup for Next Mark 17.133ms
[2023-04-08T14:36:21.183+0530][gc            ] GC(5) Concurrent Cycle 60.900ms
[2023-04-08T14:43:18.571+0530][gc,start      ] GC(6) Pause Young (Normal) (G1 Evacuation Pause)
[2023-04-08T14:43:18.571+0530][gc,task       ] GC(6) Using 4 workers of 4 for evacuation
[2023-04-08T14:43:18.593+0530][gc,mmu        ] GC(6) MMU target violated: 21.0ms (20.0ms/21.0ms)
[2023-04-08T14:43:18.593+0530][gc,phases     ] GC(6)   Pre Evacuate Collection Set: 0.8ms
[2023-04-08T14:43:18.593+0530][gc,phases     ] GC(6)   Evacuate Collection Set: 17.9ms
[2023-04-08T14:43:18.593+0530][gc,phases     ] GC(6)   Post Evacuate Collection Set: 2.7ms
[2023-04-08T14:43:18.593+0530][gc,phases     ] GC(6)   Other: 0.5ms
[2023-04-08T14:43:18.593+0530][gc,heap       ] GC(6) Eden regions: 49->0(46)
[2023-04-08T14:43:18.593+0530][gc,heap       ] GC(6) Survivor regions: 2->5(7)
[2023-04-08T14:43:18.593+0530][gc,heap       ] GC(6) Old regions: 13->13
[2023-04-08T14:43:18.593+0530][gc,heap       ] GC(6) Humongous regions: 129->129
[2023-04-08T14:43:18.593+0530][gc,metaspace  ] GC(6) Metaspace: 42726K(45696K)->42726K(45696K) NonClass: 37130K(38656K)->37130K(38656K) Class: 5595K(7040K)->5595K(7040K)
[2023-04-08T14:43:18.593+0530][gc            ] GC(6) Pause Young (Normal) (G1 Evacuation Pause) 191M->144M(1024M) 21.922ms
[2023-04-08T14:43:18.593+0530][gc,cpu        ] GC(6) User=0.03s Sys=0.00s Real=0.02s
[2023-04-08T14:48:40.239+0530][gc,start      ] GC(7) Pause Young (Normal) (G1 Evacuation Pause)
[2023-04-08T14:48:40.239+0530][gc,task       ] GC(7) Using 4 workers of 4 for evacuation
[2023-04-08T14:48:40.246+0530][gc,phases     ] GC(7)   Pre Evacuate Collection Set: 0.2ms
[2023-04-08T14:48:40.246+0530][gc,phases     ] GC(7)   Evacuate Collection Set: 5.7ms
[2023-04-08T14:48:40.246+0530][gc,phases     ] GC(7)   Post Evacuate Collection Set: 1.0ms
[2023-04-08T14:48:40.246+0530][gc,phases     ] GC(7)   Other: 0.3ms
[2023-04-08T14:48:40.246+0530][gc,heap       ] GC(7) Eden regions: 46->0(44)
[2023-04-08T14:48:40.246+0530][gc,heap       ] GC(7) Survivor regions: 5->7(7)
[2023-04-08T14:48:40.246+0530][gc,heap       ] GC(7) Old regions: 13->15
[2023-04-08T14:48:40.246+0530][gc,heap       ] GC(7) Humongous regions: 129->129
[2023-04-08T14:48:40.246+0530][gc,metaspace  ] GC(7) Metaspace: 44114K(46976K)->44114K(46976K) NonClass: 38478K(39936K)->38478K(39936K) Class: 5636K(7040K)->5636K(7040K)
[2023-04-08T14:48:40.246+0530][gc            ] GC(7) Pause Young (Normal) (G1 Evacuation Pause) 190M->148M(1024M) 7.308ms
[2023-04-08T14:48:40.246+0530][gc,cpu        ] GC(7) User=0.02s Sys=0.00s Real=0.00s
[2023-04-08T14:54:17.559+0530][gc,start      ] GC(8) Pause Young (Normal) (G1 Evacuation Pause)
[2023-04-08T14:54:17.560+0530][gc,task       ] GC(8) Using 4 workers of 4 for evacuation
[2023-04-08T14:54:17.573+0530][gc,phases     ] GC(8)   Pre Evacuate Collection Set: 0.2ms
[2023-04-08T14:54:17.573+0530][gc,phases     ] GC(8)   Evacuate Collection Set: 11.8ms
[2023-04-08T14:54:17.573+0530][gc,phases     ] GC(8)   Post Evacuate Collection Set: 0.9ms
[2023-04-08T14:54:17.573+0530][gc,phases     ] GC(8)   Other: 0.2ms
[2023-04-08T14:54:17.573+0530][gc,heap       ] GC(8) Eden regions: 44->0(48)
[2023-04-08T14:54:17.573+0530][gc,heap       ] GC(8) Survivor regions: 7->3(7)
[2023-04-08T14:54:17.573+0530][gc,heap       ] GC(8) Old regions: 15->18
[2023-04-08T14:54:17.573+0530][gc,heap       ] GC(8) Humongous regions: 129->129
[2023-04-08T14:54:17.573+0530][gc,metaspace  ] GC(8) Metaspace: 44439K(47232K)->44439K(47232K) NonClass: 38797K(40192K)->38797K(40192K) Class: 5642K(7040K)->5642K(7040K)
[2023-04-08T14:54:17.573+0530][gc            ] GC(8) Pause Young (Normal) (G1 Evacuation Pause) 192M->148M(1024M) 13.259ms
[2023-04-08T14:54:17.573+0530][gc,cpu        ] GC(8) User=0.02s Sys=0.01s Real=0.01s
[2023-04-08T15:11:32.466+0530][gc,start      ] GC(9) Pause Young (Normal) (G1 Evacuation Pause)
[2023-04-08T15:11:32.466+0530][gc,task       ] GC(9) Using 4 workers of 4 for evacuation
[2023-04-08T15:11:32.485+0530][gc,phases     ] GC(9)   Pre Evacuate Collection Set: 1.0ms
[2023-04-08T15:11:32.485+0530][gc,phases     ] GC(9)   Evacuate Collection Set: 14.8ms
[2023-04-08T15:11:32.485+0530][gc,phases     ] GC(9)   Post Evacuate Collection Set: 2.2ms
[2023-04-08T15:11:32.485+0530][gc,phases     ] GC(9)   Other: 0.8ms
[2023-04-08T15:11:32.485+0530][gc,heap       ] GC(9) Eden regions: 48->0(45)
[2023-04-08T15:11:32.485+0530][gc,heap       ] GC(9) Survivor regions: 3->6(7)
[2023-04-08T15:11:32.485+0530][gc,heap       ] GC(9) Old regions: 18->18
[2023-04-08T15:11:32.485+0530][gc,heap       ] GC(9) Humongous regions: 129->129
[2023-04-08T15:11:32.485+0530][gc,metaspace  ] GC(9) Metaspace: 44851K(47872K)->44851K(47872K) NonClass: 39156K(40704K)->39156K(40704K) Class: 5695K(7168K)->5695K(7168K)
[2023-04-08T15:11:32.485+0530][gc            ] GC(9) Pause Young (Normal) (G1 Evacuation Pause) 196M->150M(1024M) 19.003ms
[2023-04-08T15:11:32.485+0530][gc,cpu        ] GC(9) User=0.03s Sys=0.02s Real=0.02s
