[2023-04-08T14:24:40.064+0530][gc,heap] Heap region size: 1M
[2023-04-08T14:24:40.073+0530][gc     ] Using G1
[2023-04-08T14:24:40.073+0530][gc,heap,coops] Heap address: 0x00000000c0000000, size: 1024 MB, Compressed Oops mode: 32-bit
[2023-04-08T14:24:40.073+0530][gc,cds       ] Mark closed archive regions in map: [0x00000000fff00000, 0x00000000fff6aff8]
[2023-04-08T14:24:40.073+0530][gc,cds       ] Mark open archive regions in map: [0x00000000ffe00000, 0x00000000ffe47ff8]
[2023-04-08T14:24:40.944+0530][gc,start     ] GC(0) Pause Young (Normal) (G1 Evacuation Pause)
[2023-04-08T14:24:40.946+0530][gc,task      ] GC(0) Using 4 workers of 4 for evacuation
[2023-04-08T14:24:40.964+0530][gc,phases    ] GC(0)   Pre Evacuate Collection Set: 0.1ms
[2023-04-08T14:24:40.964+0530][gc,phases    ] GC(0)   Evacuate Collection Set: 15.7ms
[2023-04-08T14:24:40.964+0530][gc,phases    ] GC(0)   Post Evacuate Collection Set: 2.1ms
[2023-04-08T14:24:40.964+0530][gc,phases    ] GC(0)   Other: 1.8ms
[2023-04-08T14:24:40.964+0530][gc,heap      ] GC(0) Eden regions: 51->0(44)
[2023-04-08T14:24:40.964+0530][gc,heap      ] GC(0) Survivor regions: 0->7(7)
[2023-04-08T14:24:40.964+0530][gc,heap      ] GC(0) Old regions: 2->2
[2023-04-08T14:24:40.964+0530][gc,heap      ] GC(0) Humongous regions: 0->0
[2023-04-08T14:24:40.964+0530][gc,metaspace ] GC(0) Metaspace: 14237K(15104K)->14237K(15104K) NonClass: 12488K(13056K)->12488K(13056K) Class: 1748K(2048K)->1748K(2048K)
[2023-04-08T14:24:40.964+0530][gc           ] GC(0) Pause Young (Normal) (G1 Evacuation Pause) 51M->7M(1024M) 19.654ms
[2023-04-08T14:24:40.964+0530][gc,cpu       ] GC(0) User=0.02s Sys=0.02s Real=0.02s
[2023-04-08T14:24:41.445+0530][gc,start     ] GC(1) Pause Young (Concurrent Start) (Metadata GC Threshold)
[2023-04-08T14:24:41.445+0530][gc,task      ] GC(1) Using 4 workers of 4 for evacuation
[2023-04-08T14:24:41.463+0530][gc,phases    ] GC(1)   Pre Evacuate Collection Set: 0.1ms
[2023-04-08T14:24:41.463+0530][gc,phases    ] GC(1)   Evacuate Collection Set: 15.9ms
[2023-04-08T14:24:41.463+0530][gc,phases    ] GC(1)   Post Evacuate Collection Set: 2.3ms
[2023-04-08T14:24:41.463+0530][gc,phases    ] GC(1)   Other: 0.2ms
[2023-04-08T14:24:41.463+0530][gc,heap      ] GC(1) Eden regions: 29->0(49)
[2023-04-08T14:24:41.463+0530][gc,heap      ] GC(1) Survivor regions: 7->2(7)
[2023-04-08T14:24:41.463+0530][gc,heap      ] GC(1) Old regions: 2->9
[2023-04-08T14:24:41.463+0530][gc,heap      ] GC(1) Humongous regions: 0->0
[2023-04-08T14:24:41.463+0530][gc,metaspace ] GC(1) Metaspace: 20549K(21248K)->20549K(21248K) NonClass: 18068K(18432K)->18068K(18432K) Class: 2480K(2816K)->2480K(2816K)
[2023-04-08T14:24:41.463+0530][gc           ] GC(1) Pause Young (Concurrent Start) (Metadata GC Threshold) 35M->8M(1024M) 18.663ms
[2023-04-08T14:24:41.463+0530][gc,cpu       ] GC(1) User=0.01s Sys=0.02s Real=0.02s
[2023-04-08T14:24:41.464+0530][gc           ] GC(2) Concurrent Cycle
[2023-04-08T14:24:41.464+0530][gc,marking   ] GC(2) Concurrent Clear Claimed Marks
[2023-04-08T14:24:41.464+0530][gc,marking   ] GC(2) Concurrent Clear Claimed Marks 0.069ms
[2023-04-08T14:24:41.464+0530][gc,marking   ] GC(2) Concurrent Scan Root Regions
[2023-04-08T14:24:41.465+0530][gc,marking   ] GC(2) Concurrent Scan Root Regions 1.303ms
[2023-04-08T14:24:41.465+0530][gc,marking   ] GC(2) Concurrent Mark (1.406s)
[2023-04-08T14:24:41.465+0530][gc,marking   ] GC(2) Concurrent Mark From Roots
[2023-04-08T14:24:41.465+0530][gc,task      ] GC(2) Using 1 workers of 1 for marking
[2023-04-08T14:24:41.471+0530][gc,marking   ] GC(2) Concurrent Mark From Roots 6.224ms
[2023-04-08T14:24:41.471+0530][gc,marking   ] GC(2) Concurrent Preclean
[2023-04-08T14:24:41.471+0530][gc,marking   ] GC(2) Concurrent Preclean 0.055ms
[2023-04-08T14:24:41.471+0530][gc,marking   ] GC(2) Concurrent Mark (1.406s, 1.413s) 6.327ms
[2023-04-08T14:24:41.472+0530][gc,start     ] GC(2) Pause Remark
[2023-04-08T14:24:41.476+0530][gc,stringtable] GC(2) Cleaned string and symbol table, strings: 5152 processed, 0 removed, symbols: 52669 processed, 43 removed
[2023-04-08T14:24:41.477+0530][gc            ] GC(2) Pause Remark 8M->8M(1024M) 5.164ms
[2023-04-08T14:24:41.477+0530][gc,cpu        ] GC(2) User=0.00s Sys=0.00s Real=0.00s
[2023-04-08T14:24:41.478+0530][gc,marking    ] GC(2) Concurrent Rebuild Remembered Sets
[2023-04-08T14:24:41.482+0530][gc,marking    ] GC(2) Concurrent Rebuild Remembered Sets 3.393ms
[2023-04-08T14:24:41.483+0530][gc,start      ] GC(2) Pause Cleanup
[2023-04-08T14:24:41.483+0530][gc            ] GC(2) Pause Cleanup 8M->8M(1024M) 0.529ms
[2023-04-08T14:24:41.483+0530][gc,cpu        ] GC(2) User=0.00s Sys=0.00s Real=0.00s
[2023-04-08T14:24:41.484+0530][gc,marking    ] GC(2) Concurrent Cleanup for Next Mark
[2023-04-08T14:24:41.494+0530][gc,marking    ] GC(2) Concurrent Cleanup for Next Mark 10.374ms
[2023-04-08T14:24:41.494+0530][gc            ] GC(2) Concurrent Cycle 30.450ms
[2023-04-08T14:24:42.143+0530][gc,start      ] GC(3) Pause Young (Normal) (G1 Evacuation Pause)
[2023-04-08T14:24:42.143+0530][gc,task       ] GC(3) Using 4 workers of 4 for evacuation
[2023-04-08T14:24:42.151+0530][gc,phases     ] GC(3)   Pre Evacuate Collection Set: 0.0ms
[2023-04-08T14:24:42.151+0530][gc,phases     ] GC(3)   Evacuate Collection Set: 7.0ms
[2023-04-08T14:24:42.151+0530][gc,phases     ] GC(3)   Post Evacuate Collection Set: 0.8ms
[2023-04-08T14:24:42.151+0530][gc,phases     ] GC(3)   Other: 0.2ms
[2023-04-08T14:24:42.151+0530][gc,heap       ] GC(3) Eden regions: 49->0(46)
[2023-04-08T14:24:42.151+0530][gc,heap       ] GC(3) Survivor regions: 2->5(7)
[2023-04-08T14:24:42.151+0530][gc,heap       ] GC(3) Old regions: 9->9
[2023-04-08T14:24:42.151+0530][gc,heap       ] GC(3) Humongous regions: 129->129
[2023-04-08T14:24:42.151+0530][gc,metaspace  ] GC(3) Metaspace: 28672K(29696K)->28672K(29696K) NonClass: 25340K(25856K)->25340K(25856K) Class: 3332K(3840K)->3332K(3840K)
[2023-04-08T14:24:42.151+0530][gc            ] GC(3) Pause Young (Normal) (G1 Evacuation Pause) 186M->140M(1024M) 8.028ms
[2023-04-08T14:24:42.151+0530][gc,cpu        ] GC(3) User=0.02s Sys=0.01s Real=0.01s
[2023-04-08T14:24:42.624+0530][gc,start      ] GC(4) Pause Young (Concurrent Start) (Metadata GC Threshold)
[2023-04-08T14:24:42.624+0530][gc,task       ] GC(4) Using 4 workers of 4 for evacuation
[2023-04-08T14:24:42.636+0530][gc,phases     ] GC(4)   Pre Evacuate Collection Set: 0.1ms
[2023-04-08T14:24:42.636+0530][gc,phases     ] GC(4)   Evacuate Collection Set: 10.5ms
[2023-04-08T14:24:42.636+0530][gc,phases     ] GC(4)   Post Evacuate Collection Set: 1.0ms
[2023-04-08T14:24:42.636+0530][gc,phases     ] GC(4)   Other: 0.3ms
[2023-04-08T14:24:42.636+0530][gc,heap       ] GC(4) Eden regions: 31->0(49)
[2023-04-08T14:24:42.636+0530][gc,heap       ] GC(4) Survivor regions: 5->2(7)
[2023-04-08T14:24:42.636+0530][gc,heap       ] GC(4) Old regions: 9->14
[2023-04-08T14:24:42.636+0530][gc,heap       ] GC(4) Humongous regions: 129->129
[2023-04-08T14:24:42.636+0530][gc,metaspace  ] GC(4) Metaspace: 34481K(35840K)->34481K(35840K) NonClass: 30426K(31104K)->30426K(31104K) Class: 4055K(4736K)->4055K(4736K)
[2023-04-08T14:24:42.636+0530][gc            ] GC(4) Pause Young (Concurrent Start) (Metadata GC Threshold) 171M->142M(1024M) 11.935ms
[2023-04-08T14:24:42.636+0530][gc,cpu        ] GC(4) User=0.02s Sys=0.02s Real=0.01s
[2023-04-08T14:24:42.636+0530][gc            ] GC(5) Concurrent Cycle
[2023-04-08T14:24:42.636+0530][gc,marking    ] GC(5) Concurrent Clear Claimed Marks
[2023-04-08T14:24:42.636+0530][gc,marking    ] GC(5) Concurrent Clear Claimed Marks 0.048ms
[2023-04-08T14:24:42.636+0530][gc,marking    ] GC(5) Concurrent Scan Root Regions
[2023-04-08T14:24:42.637+0530][gc,marking    ] GC(5) Concurrent Scan Root Regions 1.100ms
[2023-04-08T14:24:42.637+0530][gc,marking    ] GC(5) Concurrent Mark (2.578s)
[2023-04-08T14:24:42.637+0530][gc,marking    ] GC(5) Concurrent Mark From Roots
[2023-04-08T14:24:42.637+0530][gc,task       ] GC(5) Using 1 workers of 1 for marking
[2023-04-08T14:24:42.650+0530][gc,marking    ] GC(5) Concurrent Mark From Roots 12.687ms
[2023-04-08T14:24:42.650+0530][gc,marking    ] GC(5) Concurrent Preclean
[2023-04-08T14:24:42.650+0530][gc,marking    ] GC(5) Concurrent Preclean 0.070ms
[2023-04-08T14:24:42.650+0530][gc,marking    ] GC(5) Concurrent Mark (2.578s, 2.591s) 12.808ms
[2023-04-08T14:24:42.650+0530][gc,start      ] GC(5) Pause Remark
[2023-04-08T14:24:42.654+0530][gc,stringtable] GC(5) Cleaned string and symbol table, strings: 10946 processed, 12 removed, symbols: 85154 processed, 16 removed
[2023-04-08T14:24:42.654+0530][gc            ] GC(5) Pause Remark 144M->144M(1024M) 4.346ms
[2023-04-08T14:24:42.654+0530][gc,cpu        ] GC(5) User=0.01s Sys=0.01s Real=0.01s
[2023-04-08T14:24:42.655+0530][gc,marking    ] GC(5) Concurrent Rebuild Remembered Sets
[2023-04-08T14:24:42.676+0530][gc,marking    ] GC(5) Concurrent Rebuild Remembered Sets 21.703ms
[2023-04-08T14:24:42.677+0530][gc,start      ] GC(5) Pause Cleanup
[2023-04-08T14:24:42.677+0530][gc            ] GC(5) Pause Cleanup 147M->147M(1024M) 0.299ms
[2023-04-08T14:24:42.677+0530][gc,cpu        ] GC(5) User=0.00s Sys=0.00s Real=0.00s
[2023-04-08T14:24:42.678+0530][gc,marking    ] GC(5) Concurrent Cleanup for Next Mark
[2023-04-08T14:24:42.685+0530][gc,marking    ] GC(5) Concurrent Cleanup for Next Mark 7.110ms
[2023-04-08T14:24:42.685+0530][gc            ] GC(5) Concurrent Cycle 49.068ms
[2023-04-08T14:35:17.889+0530][gc,heap,exit  ] Heap
[2023-04-08T14:35:17.889+0530][gc,heap,exit  ]  garbage-first heap   total 1048576K, used 170685K [0x00000000c0000000, 0x0000000100000000)
[2023-04-08T14:35:17.889+0530][gc,heap,exit  ]   region size 1024K, 27 young (27648K), 2 survivors (2048K)
[2023-04-08T14:35:17.889+0530][gc,heap,exit  ]  Metaspace       used 37155K, capacity 38873K, committed 39040K, reserved 1083392K
[2023-04-08T14:35:17.889+0530][gc,heap,exit  ]   class space    used 4574K, capacity 5401K, committed 5504K, reserved 1048576K
