[2023-04-08T14:12:46.128+0530][gc,heap] Heap region size: 1M
[2023-04-08T14:12:46.161+0530][gc     ] Using G1
[2023-04-08T14:12:46.161+0530][gc,heap,coops] Heap address: 0x00000000c0000000, size: 1024 MB, Compressed Oops mode: 32-bit
[2023-04-08T14:12:46.162+0530][gc,cds       ] Mark closed archive regions in map: [0x00000000fff00000, 0x00000000fff6aff8]
[2023-04-08T14:12:46.162+0530][gc,cds       ] Mark open archive regions in map: [0x00000000ffe00000, 0x00000000ffe47ff8]
[2023-04-08T14:12:46.991+0530][gc,start     ] GC(0) Pause Young (Normal) (G1 Evacuation Pause)
[2023-04-08T14:12:46.992+0530][gc,task      ] GC(0) Using 4 workers of 4 for evacuation
[2023-04-08T14:12:47.011+0530][gc,phases    ] GC(0)   Pre Evacuate Collection Set: 0.0ms
[2023-04-08T14:12:47.011+0530][gc,phases    ] GC(0)   Evacuate Collection Set: 16.7ms
[2023-04-08T14:12:47.011+0530][gc,phases    ] GC(0)   Post Evacuate Collection Set: 1.6ms
[2023-04-08T14:12:47.011+0530][gc,phases    ] GC(0)   Other: 1.1ms
[2023-04-08T14:12:47.011+0530][gc,heap      ] GC(0) Eden regions: 51->0(44)
[2023-04-08T14:12:47.011+0530][gc,heap      ] GC(0) Survivor regions: 0->7(7)
[2023-04-08T14:12:47.011+0530][gc,heap      ] GC(0) Old regions: 2->2
[2023-04-08T14:12:47.011+0530][gc,heap      ] GC(0) Humongous regions: 0->0
[2023-04-08T14:12:47.011+0530][gc,metaspace ] GC(0) Metaspace: 14240K(15104K)->14240K(15104K) NonClass: 12492K(13056K)->12492K(13056K) Class: 1747K(2048K)->1747K(2048K)
[2023-04-08T14:12:47.011+0530][gc           ] GC(0) Pause Young (Normal) (G1 Evacuation Pause) 51M->7M(1024M) 19.664ms
[2023-04-08T14:12:47.011+0530][gc,cpu       ] GC(0) User=0.01s Sys=0.03s Real=0.02s
[2023-04-08T14:12:47.481+0530][gc,start     ] GC(1) Pause Young (Concurrent Start) (Metadata GC Threshold)
[2023-04-08T14:12:47.481+0530][gc,task      ] GC(1) Using 4 workers of 4 for evacuation
[2023-04-08T14:12:47.499+0530][gc,phases    ] GC(1)   Pre Evacuate Collection Set: 0.1ms
[2023-04-08T14:12:47.500+0530][gc,phases    ] GC(1)   Evacuate Collection Set: 17.7ms
[2023-04-08T14:12:47.500+0530][gc,phases    ] GC(1)   Post Evacuate Collection Set: 0.7ms
[2023-04-08T14:12:47.500+0530][gc,phases    ] GC(1)   Other: 0.3ms
[2023-04-08T14:12:47.500+0530][gc,heap      ] GC(1) Eden regions: 29->0(49)
[2023-04-08T14:12:47.500+0530][gc,heap      ] GC(1) Survivor regions: 7->2(7)
[2023-04-08T14:12:47.500+0530][gc,heap      ] GC(1) Old regions: 2->9
[2023-04-08T14:12:47.500+0530][gc,heap      ] GC(1) Humongous regions: 0->0
[2023-04-08T14:12:47.500+0530][gc,metaspace ] GC(1) Metaspace: 20524K(21248K)->20524K(21248K) NonClass: 18043K(18432K)->18043K(18432K) Class: 2480K(2816K)->2480K(2816K)
[2023-04-08T14:12:47.500+0530][gc           ] GC(1) Pause Young (Concurrent Start) (Metadata GC Threshold) 35M->8M(1024M) 18.765ms
[2023-04-08T14:12:47.500+0530][gc,cpu       ] GC(1) User=0.02s Sys=0.00s Real=0.02s
[2023-04-08T14:12:47.500+0530][gc           ] GC(2) Concurrent Cycle
[2023-04-08T14:12:47.500+0530][gc,marking   ] GC(2) Concurrent Clear Claimed Marks
[2023-04-08T14:12:47.500+0530][gc,marking   ] GC(2) Concurrent Clear Claimed Marks 0.052ms
[2023-04-08T14:12:47.500+0530][gc,marking   ] GC(2) Concurrent Scan Root Regions
[2023-04-08T14:12:47.502+0530][gc,marking   ] GC(2) Concurrent Scan Root Regions 1.809ms
[2023-04-08T14:12:47.502+0530][gc,marking   ] GC(2) Concurrent Mark (1.379s)
[2023-04-08T14:12:47.502+0530][gc,marking   ] GC(2) Concurrent Mark From Roots
[2023-04-08T14:12:47.502+0530][gc,task      ] GC(2) Using 1 workers of 1 for marking
[2023-04-08T14:12:47.509+0530][gc,marking   ] GC(2) Concurrent Mark From Roots 6.783ms
[2023-04-08T14:12:47.509+0530][gc,marking   ] GC(2) Concurrent Preclean
[2023-04-08T14:12:47.509+0530][gc,marking   ] GC(2) Concurrent Preclean 0.046ms
[2023-04-08T14:12:47.509+0530][gc,marking   ] GC(2) Concurrent Mark (1.379s, 1.386s) 6.886ms
[2023-04-08T14:12:47.511+0530][gc,start     ] GC(2) Pause Remark
[2023-04-08T14:12:47.516+0530][gc,stringtable] GC(2) Cleaned string and symbol table, strings: 5158 processed, 0 removed, symbols: 52674 processed, 42 removed
[2023-04-08T14:12:47.517+0530][gc            ] GC(2) Pause Remark 8M->8M(1024M) 6.840ms
[2023-04-08T14:12:47.517+0530][gc,cpu        ] GC(2) User=0.02s Sys=0.00s Real=0.00s
[2023-04-08T14:12:47.518+0530][gc,marking    ] GC(2) Concurrent Rebuild Remembered Sets
[2023-04-08T14:12:47.524+0530][gc,marking    ] GC(2) Concurrent Rebuild Remembered Sets 6.015ms
[2023-04-08T14:12:47.524+0530][gc,start      ] GC(2) Pause Cleanup
[2023-04-08T14:12:47.526+0530][gc            ] GC(2) Pause Cleanup 8M->8M(1024M) 1.831ms
[2023-04-08T14:12:47.526+0530][gc,cpu        ] GC(2) User=0.00s Sys=0.00s Real=0.00s
[2023-04-08T14:12:47.526+0530][gc,marking    ] GC(2) Concurrent Cleanup for Next Mark
[2023-04-08T14:12:47.538+0530][gc,marking    ] GC(2) Concurrent Cleanup for Next Mark 12.226ms
[2023-04-08T14:12:47.538+0530][gc            ] GC(2) Concurrent Cycle 38.355ms
[2023-04-08T14:12:48.198+0530][gc,start      ] GC(3) Pause Young (Normal) (G1 Evacuation Pause)
[2023-04-08T14:12:48.198+0530][gc,task       ] GC(3) Using 4 workers of 4 for evacuation
[2023-04-08T14:12:48.208+0530][gc,phases     ] GC(3)   Pre Evacuate Collection Set: 0.0ms
[2023-04-08T14:12:48.209+0530][gc,phases     ] GC(3)   Evacuate Collection Set: 9.6ms
[2023-04-08T14:12:48.209+0530][gc,phases     ] GC(3)   Post Evacuate Collection Set: 0.7ms
[2023-04-08T14:12:48.209+0530][gc,phases     ] GC(3)   Other: 0.4ms
[2023-04-08T14:12:48.209+0530][gc,heap       ] GC(3) Eden regions: 49->0(46)
[2023-04-08T14:12:48.209+0530][gc,heap       ] GC(3) Survivor regions: 2->5(7)
[2023-04-08T14:12:48.209+0530][gc,heap       ] GC(3) Old regions: 9->9
[2023-04-08T14:12:48.209+0530][gc,heap       ] GC(3) Humongous regions: 129->129
[2023-04-08T14:12:48.209+0530][gc,metaspace  ] GC(3) Metaspace: 28674K(29952K)->28674K(29952K) NonClass: 25331K(26112K)->25331K(26112K) Class: 3342K(3840K)->3342K(3840K)
[2023-04-08T14:12:48.209+0530][gc            ] GC(3) Pause Young (Normal) (G1 Evacuation Pause) 186M->140M(1024M) 10.863ms
[2023-04-08T14:12:48.209+0530][gc,cpu        ] GC(3) User=0.02s Sys=0.00s Real=0.01s
[2023-04-08T14:12:48.661+0530][gc,start      ] GC(4) Pause Young (Concurrent Start) (Metadata GC Threshold)
[2023-04-08T14:12:48.661+0530][gc,task       ] GC(4) Using 4 workers of 4 for evacuation
[2023-04-08T14:12:48.676+0530][gc,phases     ] GC(4)   Pre Evacuate Collection Set: 0.3ms
[2023-04-08T14:12:48.677+0530][gc,phases     ] GC(4)   Evacuate Collection Set: 13.5ms
[2023-04-08T14:12:48.677+0530][gc,phases     ] GC(4)   Post Evacuate Collection Set: 1.2ms
[2023-04-08T14:12:48.677+0530][gc,phases     ] GC(4)   Other: 0.4ms
[2023-04-08T14:12:48.677+0530][gc,heap       ] GC(4) Eden regions: 31->0(49)
[2023-04-08T14:12:48.677+0530][gc,heap       ] GC(4) Survivor regions: 5->2(7)
[2023-04-08T14:12:48.677+0530][gc,heap       ] GC(4) Old regions: 9->13
[2023-04-08T14:12:48.677+0530][gc,heap       ] GC(4) Humongous regions: 129->129
[2023-04-08T14:12:48.677+0530][gc,metaspace  ] GC(4) Metaspace: 34485K(35840K)->34485K(35840K) NonClass: 30436K(31104K)->30436K(31104K) Class: 4048K(4736K)->4048K(4736K)
[2023-04-08T14:12:48.677+0530][gc            ] GC(4) Pause Young (Concurrent Start) (Metadata GC Threshold) 170M->142M(1024M) 15.625ms
[2023-04-08T14:12:48.677+0530][gc,cpu        ] GC(4) User=0.01s Sys=0.02s Real=0.01s
[2023-04-08T14:12:48.677+0530][gc            ] GC(5) Concurrent Cycle
[2023-04-08T14:12:48.677+0530][gc,marking    ] GC(5) Concurrent Clear Claimed Marks
[2023-04-08T14:12:48.677+0530][gc,marking    ] GC(5) Concurrent Clear Claimed Marks 0.282ms
[2023-04-08T14:12:48.677+0530][gc,marking    ] GC(5) Concurrent Scan Root Regions
[2023-04-08T14:12:48.679+0530][gc,marking    ] GC(5) Concurrent Scan Root Regions 1.905ms
[2023-04-08T14:12:48.679+0530][gc,marking    ] GC(5) Concurrent Mark (2.556s)
[2023-04-08T14:12:48.679+0530][gc,marking    ] GC(5) Concurrent Mark From Roots
[2023-04-08T14:12:48.679+0530][gc,task       ] GC(5) Using 1 workers of 1 for marking
[2023-04-08T14:12:48.695+0530][gc,marking    ] GC(5) Concurrent Mark From Roots 16.445ms
[2023-04-08T14:12:48.696+0530][gc,marking    ] GC(5) Concurrent Preclean
[2023-04-08T14:12:48.696+0530][gc,marking    ] GC(5) Concurrent Preclean 0.098ms
[2023-04-08T14:12:48.696+0530][gc,marking    ] GC(5) Concurrent Mark (2.556s, 2.573s) 16.616ms
[2023-04-08T14:12:48.697+0530][gc,start      ] GC(5) Pause Remark
[2023-04-08T14:12:48.700+0530][gc,stringtable] GC(5) Cleaned string and symbol table, strings: 10886 processed, 13 removed, symbols: 84789 processed, 13 removed
[2023-04-08T14:12:48.701+0530][gc            ] GC(5) Pause Remark 142M->142M(1024M) 4.552ms
[2023-04-08T14:12:48.701+0530][gc,cpu        ] GC(5) User=0.01s Sys=0.00s Real=0.01s
[2023-04-08T14:12:48.702+0530][gc,marking    ] GC(5) Concurrent Rebuild Remembered Sets
[2023-04-08T14:12:48.729+0530][gc,marking    ] GC(5) Concurrent Rebuild Remembered Sets 27.048ms
[2023-04-08T14:12:48.730+0530][gc,start      ] GC(5) Pause Cleanup
[2023-04-08T14:12:48.730+0530][gc            ] GC(5) Pause Cleanup 145M->145M(1024M) 0.382ms
[2023-04-08T14:12:48.730+0530][gc,cpu        ] GC(5) User=0.00s Sys=0.00s Real=0.00s
[2023-04-08T14:12:48.730+0530][gc,marking    ] GC(5) Concurrent Cleanup for Next Mark
[2023-04-08T14:12:48.739+0530][gc,marking    ] GC(5) Concurrent Cleanup for Next Mark 8.374ms
[2023-04-08T14:12:48.739+0530][gc            ] GC(5) Concurrent Cycle 61.957ms
[2023-04-08T14:20:02.559+0530][gc,heap,exit  ] Heap
[2023-04-08T14:20:02.559+0530][gc,heap,exit  ]  garbage-first heap   total 1048576K, used 168592K [0x00000000c0000000, 0x0000000100000000)
[2023-04-08T14:20:02.559+0530][gc,heap,exit  ]   region size 1024K, 26 young (26624K), 2 survivors (2048K)
[2023-04-08T14:20:02.559+0530][gc,heap,exit  ]  Metaspace       used 37105K, capacity 38784K, committed 38912K, reserved 1083392K
[2023-04-08T14:20:02.559+0530][gc,heap,exit  ]   class space    used 4550K, capacity 5361K, committed 5376K, reserved 1048576K
