[2023-04-08T14:05:27.067+0530][gc,heap] Heap region size: 1M
[2023-04-08T14:05:27.076+0530][gc     ] Using G1
[2023-04-08T14:05:27.076+0530][gc,heap,coops] Heap address: 0x00000000c0000000, size: 1024 MB, Compressed Oops mode: 32-bit
[2023-04-08T14:05:27.076+0530][gc,cds       ] Mark closed archive regions in map: [0x00000000fff00000, 0x00000000fff6aff8]
[2023-04-08T14:05:27.076+0530][gc,cds       ] Mark open archive regions in map: [0x00000000ffe00000, 0x00000000ffe47ff8]
[2023-04-08T14:05:27.912+0530][gc,start     ] GC(0) Pause Young (Normal) (G1 Evacuation Pause)
[2023-04-08T14:05:27.913+0530][gc,task      ] GC(0) Using 4 workers of 4 for evacuation
[2023-04-08T14:05:27.927+0530][gc,phases    ] GC(0)   Pre Evacuate Collection Set: 0.0ms
[2023-04-08T14:05:27.927+0530][gc,phases    ] GC(0)   Evacuate Collection Set: 12.7ms
[2023-04-08T14:05:27.927+0530][gc,phases    ] GC(0)   Post Evacuate Collection Set: 0.6ms
[2023-04-08T14:05:27.927+0530][gc,phases    ] GC(0)   Other: 1.3ms
[2023-04-08T14:05:27.927+0530][gc,heap      ] GC(0) Eden regions: 51->0(44)
[2023-04-08T14:05:27.927+0530][gc,heap      ] GC(0) Survivor regions: 0->7(7)
[2023-04-08T14:05:27.927+0530][gc,heap      ] GC(0) Old regions: 2->2
[2023-04-08T14:05:27.927+0530][gc,heap      ] GC(0) Humongous regions: 0->0
[2023-04-08T14:05:27.927+0530][gc,metaspace ] GC(0) Metaspace: 14232K(15104K)->14232K(15104K) NonClass: 12485K(13056K)->12485K(13056K) Class: 1747K(2048K)->1747K(2048K)
[2023-04-08T14:05:27.927+0530][gc           ] GC(0) Pause Young (Normal) (G1 Evacuation Pause) 51M->7M(1024M) 14.803ms
[2023-04-08T14:05:27.927+0530][gc,cpu       ] GC(0) User=0.02s Sys=0.00s Real=0.01s
[2023-04-08T14:05:28.338+0530][gc,start     ] GC(1) Pause Young (Concurrent Start) (Metadata GC Threshold)
[2023-04-08T14:05:28.338+0530][gc,task      ] GC(1) Using 4 workers of 4 for evacuation
[2023-04-08T14:05:28.352+0530][gc,phases    ] GC(1)   Pre Evacuate Collection Set: 0.1ms
[2023-04-08T14:05:28.352+0530][gc,phases    ] GC(1)   Evacuate Collection Set: 12.3ms
[2023-04-08T14:05:28.352+0530][gc,phases    ] GC(1)   Post Evacuate Collection Set: 1.0ms
[2023-04-08T14:05:28.352+0530][gc,phases    ] GC(1)   Other: 0.2ms
[2023-04-08T14:05:28.352+0530][gc,heap      ] GC(1) Eden regions: 30->0(49)
[2023-04-08T14:05:28.352+0530][gc,heap      ] GC(1) Survivor regions: 7->2(7)
[2023-04-08T14:05:28.352+0530][gc,heap      ] GC(1) Old regions: 2->9
[2023-04-08T14:05:28.352+0530][gc,heap      ] GC(1) Humongous regions: 0->0
[2023-04-08T14:05:28.352+0530][gc,metaspace ] GC(1) Metaspace: 20651K(21296K)->20651K(21296K) NonClass: 18153K(18480K)->18153K(18480K) Class: 2498K(2816K)->2498K(2816K)
[2023-04-08T14:05:28.352+0530][gc           ] GC(1) Pause Young (Concurrent Start) (Metadata GC Threshold) 36M->8M(1024M) 13.708ms
[2023-04-08T14:05:28.352+0530][gc,cpu       ] GC(1) User=0.02s Sys=0.01s Real=0.01s
[2023-04-08T14:05:28.352+0530][gc           ] GC(2) Concurrent Cycle
[2023-04-08T14:05:28.352+0530][gc,marking   ] GC(2) Concurrent Clear Claimed Marks
[2023-04-08T14:05:28.352+0530][gc,marking   ] GC(2) Concurrent Clear Claimed Marks 0.077ms
[2023-04-08T14:05:28.352+0530][gc,marking   ] GC(2) Concurrent Scan Root Regions
[2023-04-08T14:05:28.354+0530][gc,marking   ] GC(2) Concurrent Scan Root Regions 1.742ms
[2023-04-08T14:05:28.354+0530][gc,marking   ] GC(2) Concurrent Mark (1.293s)
[2023-04-08T14:05:28.354+0530][gc,marking   ] GC(2) Concurrent Mark From Roots
[2023-04-08T14:05:28.354+0530][gc,task      ] GC(2) Using 1 workers of 1 for marking
[2023-04-08T14:05:28.360+0530][gc,marking   ] GC(2) Concurrent Mark From Roots 6.090ms
[2023-04-08T14:05:28.360+0530][gc,marking   ] GC(2) Concurrent Preclean
[2023-04-08T14:05:28.360+0530][gc,marking   ] GC(2) Concurrent Preclean 0.061ms
[2023-04-08T14:05:28.360+0530][gc,marking   ] GC(2) Concurrent Mark (1.293s, 1.299s) 6.200ms
[2023-04-08T14:05:28.361+0530][gc,start     ] GC(2) Pause Remark
[2023-04-08T14:05:28.378+0530][gc,stringtable] GC(2) Cleaned string and symbol table, strings: 5163 processed, 0 removed, symbols: 52803 processed, 43 removed
[2023-04-08T14:05:28.383+0530][gc,mmu        ] GC(2) MMU target violated: 21.0ms (20.0ms/21.0ms)
[2023-04-08T14:05:28.383+0530][gc            ] GC(2) Pause Remark 8M->8M(1024M) 22.317ms
[2023-04-08T14:05:28.383+0530][gc,cpu        ] GC(2) User=0.04s Sys=0.01s Real=0.02s
[2023-04-08T14:05:28.383+0530][gc,marking    ] GC(2) Concurrent Rebuild Remembered Sets
[2023-04-08T14:05:28.388+0530][gc,marking    ] GC(2) Concurrent Rebuild Remembered Sets 4.516ms
[2023-04-08T14:05:28.388+0530][gc,start      ] GC(2) Pause Cleanup
[2023-04-08T14:05:28.388+0530][gc            ] GC(2) Pause Cleanup 8M->8M(1024M) 0.213ms
[2023-04-08T14:05:28.388+0530][gc,cpu        ] GC(2) User=0.00s Sys=0.00s Real=0.00s
[2023-04-08T14:05:28.388+0530][gc,marking    ] GC(2) Concurrent Cleanup for Next Mark
[2023-04-08T14:05:28.397+0530][gc,marking    ] GC(2) Concurrent Cleanup for Next Mark 9.167ms
[2023-04-08T14:05:28.397+0530][gc            ] GC(2) Concurrent Cycle 45.577ms
[2023-04-08T14:05:28.998+0530][gc,start      ] GC(3) Pause Young (Normal) (G1 Evacuation Pause)
[2023-04-08T14:05:28.998+0530][gc,task       ] GC(3) Using 4 workers of 4 for evacuation
[2023-04-08T14:05:29.005+0530][gc,phases     ] GC(3)   Pre Evacuate Collection Set: 0.1ms
[2023-04-08T14:05:29.005+0530][gc,phases     ] GC(3)   Evacuate Collection Set: 6.0ms
[2023-04-08T14:05:29.005+0530][gc,phases     ] GC(3)   Post Evacuate Collection Set: 0.6ms
[2023-04-08T14:05:29.005+0530][gc,phases     ] GC(3)   Other: 0.2ms
[2023-04-08T14:05:29.005+0530][gc,heap       ] GC(3) Eden regions: 49->0(46)
[2023-04-08T14:05:29.005+0530][gc,heap       ] GC(3) Survivor regions: 2->5(7)
[2023-04-08T14:05:29.005+0530][gc,heap       ] GC(3) Old regions: 9->9
[2023-04-08T14:05:29.005+0530][gc,heap       ] GC(3) Humongous regions: 129->129
[2023-04-08T14:05:29.005+0530][gc,metaspace  ] GC(3) Metaspace: 28774K(29952K)->28774K(29952K) NonClass: 25413K(26112K)->25413K(26112K) Class: 3360K(3840K)->3360K(3840K)
[2023-04-08T14:05:29.005+0530][gc            ] GC(3) Pause Young (Normal) (G1 Evacuation Pause) 186M->140M(1024M) 6.882ms
[2023-04-08T14:05:29.005+0530][gc,cpu        ] GC(3) User=0.01s Sys=0.00s Real=0.01s
[2023-04-08T14:05:29.362+0530][gc,start      ] GC(4) Pause Young (Concurrent Start) (Metadata GC Threshold)
[2023-04-08T14:05:29.363+0530][gc,task       ] GC(4) Using 4 workers of 4 for evacuation
[2023-04-08T14:05:29.369+0530][gc,phases     ] GC(4)   Pre Evacuate Collection Set: 0.1ms
[2023-04-08T14:05:29.369+0530][gc,phases     ] GC(4)   Evacuate Collection Set: 5.5ms
[2023-04-08T14:05:29.369+0530][gc,phases     ] GC(4)   Post Evacuate Collection Set: 1.0ms
[2023-04-08T14:05:29.369+0530][gc,phases     ] GC(4)   Other: 0.3ms
[2023-04-08T14:05:29.369+0530][gc,heap       ] GC(4) Eden regions: 31->0(49)
[2023-04-08T14:05:29.369+0530][gc,heap       ] GC(4) Survivor regions: 5->2(7)
[2023-04-08T14:05:29.369+0530][gc,heap       ] GC(4) Old regions: 9->13
[2023-04-08T14:05:29.369+0530][gc,heap       ] GC(4) Humongous regions: 129->129
[2023-04-08T14:05:29.369+0530][gc,metaspace  ] GC(4) Metaspace: 34527K(35920K)->34527K(35920K) NonClass: 30476K(31184K)->30476K(31184K) Class: 4051K(4736K)->4051K(4736K)
[2023-04-08T14:05:29.370+0530][gc            ] GC(4) Pause Young (Concurrent Start) (Metadata GC Threshold) 171M->142M(1024M) 7.029ms
[2023-04-08T14:05:29.370+0530][gc,cpu        ] GC(4) User=0.02s Sys=0.00s Real=0.00s
[2023-04-08T14:05:29.370+0530][gc            ] GC(5) Concurrent Cycle
[2023-04-08T14:05:29.370+0530][gc,marking    ] GC(5) Concurrent Clear Claimed Marks
[2023-04-08T14:05:29.370+0530][gc,marking    ] GC(5) Concurrent Clear Claimed Marks 0.236ms
[2023-04-08T14:05:29.370+0530][gc,marking    ] GC(5) Concurrent Scan Root Regions
[2023-04-08T14:05:29.372+0530][gc,marking    ] GC(5) Concurrent Scan Root Regions 1.329ms
[2023-04-08T14:05:29.372+0530][gc,marking    ] GC(5) Concurrent Mark (2.310s)
[2023-04-08T14:05:29.372+0530][gc,marking    ] GC(5) Concurrent Mark From Roots
[2023-04-08T14:05:29.372+0530][gc,task       ] GC(5) Using 1 workers of 1 for marking
[2023-04-08T14:05:29.383+0530][gc,marking    ] GC(5) Concurrent Mark From Roots 11.583ms
[2023-04-08T14:05:29.383+0530][gc,marking    ] GC(5) Concurrent Preclean
[2023-04-08T14:05:29.383+0530][gc,marking    ] GC(5) Concurrent Preclean 0.275ms
[2023-04-08T14:05:29.384+0530][gc,marking    ] GC(5) Concurrent Mark (2.310s, 2.322s) 11.975ms
[2023-04-08T14:05:29.385+0530][gc,start      ] GC(5) Pause Remark
[2023-04-08T14:05:29.397+0530][gc,stringtable] GC(5) Cleaned string and symbol table, strings: 10882 processed, 12 removed, symbols: 85115 processed, 15 removed
[2023-04-08T14:05:29.397+0530][gc            ] GC(5) Pause Remark 144M->144M(1024M) 12.453ms
[2023-04-08T14:05:29.397+0530][gc,cpu        ] GC(5) User=0.02s Sys=0.00s Real=0.01s
[2023-04-08T14:05:29.397+0530][gc,marking    ] GC(5) Concurrent Rebuild Remembered Sets
[2023-04-08T14:05:29.417+0530][gc,marking    ] GC(5) Concurrent Rebuild Remembered Sets 20.081ms
[2023-04-08T14:05:29.419+0530][gc,start      ] GC(5) Pause Cleanup
[2023-04-08T14:05:29.420+0530][gc            ] GC(5) Pause Cleanup 145M->145M(1024M) 0.534ms
[2023-04-08T14:05:29.420+0530][gc,cpu        ] GC(5) User=0.00s Sys=0.00s Real=0.00s
[2023-04-08T14:05:29.420+0530][gc,marking    ] GC(5) Concurrent Cleanup for Next Mark
[2023-04-08T14:05:29.434+0530][gc,marking    ] GC(5) Concurrent Cleanup for Next Mark 13.786ms
[2023-04-08T14:05:29.434+0530][gc            ] GC(5) Concurrent Cycle 63.735ms
[2023-04-08T14:05:34.365+0530][gc,heap,exit  ] Heap
[2023-04-08T14:05:34.365+0530][gc,heap,exit  ]  garbage-first heap   total 1048576K, used 162495K [0x00000000c0000000, 0x0000000100000000)
[2023-04-08T14:05:34.365+0530][gc,heap,exit  ]   region size 1024K, 20 young (20480K), 2 survivors (2048K)
[2023-04-08T14:05:34.365+0530][gc,heap,exit  ]  Metaspace       used 36562K, capacity 38168K, committed 38272K, reserved 1083392K
[2023-04-08T14:05:34.365+0530][gc,heap,exit  ]   class space    used 4457K, capacity 5211K, committed 5248K, reserved 1048576K
