[2023-04-08T14:20:36.405+0530][gc,heap] Heap region size: 1M
[2023-04-08T14:20:36.413+0530][gc     ] Using G1
[2023-04-08T14:20:36.413+0530][gc,heap,coops] Heap address: 0x00000000c0000000, size: 1024 MB, Compressed Oops mode: 32-bit
[2023-04-08T14:20:36.413+0530][gc,cds       ] Mark closed archive regions in map: [0x00000000fff00000, 0x00000000fff6aff8]
[2023-04-08T14:20:36.413+0530][gc,cds       ] Mark open archive regions in map: [0x00000000ffe00000, 0x00000000ffe47ff8]
[2023-04-08T14:20:37.172+0530][gc,start     ] GC(0) Pause Young (Normal) (G1 Evacuation Pause)
[2023-04-08T14:20:37.175+0530][gc,task      ] GC(0) Using 4 workers of 4 for evacuation
[2023-04-08T14:20:37.182+0530][gc,phases    ] GC(0)   Pre Evacuate Collection Set: 0.1ms
[2023-04-08T14:20:37.182+0530][gc,phases    ] GC(0)   Evacuate Collection Set: 5.7ms
[2023-04-08T14:20:37.182+0530][gc,phases    ] GC(0)   Post Evacuate Collection Set: 1.1ms
[2023-04-08T14:20:37.182+0530][gc,phases    ] GC(0)   Other: 3.6ms
[2023-04-08T14:20:37.182+0530][gc,heap      ] GC(0) Eden regions: 51->0(44)
[2023-04-08T14:20:37.182+0530][gc,heap      ] GC(0) Survivor regions: 0->7(7)
[2023-04-08T14:20:37.182+0530][gc,heap      ] GC(0) Old regions: 2->2
[2023-04-08T14:20:37.182+0530][gc,heap      ] GC(0) Humongous regions: 0->0
[2023-04-08T14:20:37.182+0530][gc,metaspace ] GC(0) Metaspace: 14225K(15104K)->14225K(15104K) NonClass: 12477K(13056K)->12477K(13056K) Class: 1748K(2048K)->1748K(2048K)
[2023-04-08T14:20:37.182+0530][gc           ] GC(0) Pause Young (Normal) (G1 Evacuation Pause) 51M->7M(1024M) 10.570ms
[2023-04-08T14:20:37.182+0530][gc,cpu       ] GC(0) User=0.02s Sys=0.00s Real=0.01s
[2023-04-08T14:20:37.623+0530][gc,heap,exit ] Heap
[2023-04-08T14:20:37.624+0530][gc,heap,exit ]  garbage-first heap   total 1048576K, used 30852K [0x00000000c0000000, 0x0000000100000000)
[2023-04-08T14:20:37.624+0530][gc,heap,exit ]   region size 1024K, 31 young (31744K), 7 survivors (7168K)
[2023-04-08T14:20:37.624+0530][gc,heap,exit ]  Metaspace       used 19421K, capacity 19907K, committed 20352K, reserved 1067008K
[2023-04-08T14:20:37.624+0530][gc,heap,exit ]   class space    used 2335K, capacity 2563K, committed 2688K, reserved 1048576K
