[2023-04-08T14:22:43.666+0530][gc,heap] Heap region size: 1M
[2023-04-08T14:22:43.672+0530][gc     ] Using G1
[2023-04-08T14:22:43.672+0530][gc,heap,coops] Heap address: 0x00000000e0000000, size: 512 MB, Compressed Oops mode: 32-bit
[2023-04-08T14:22:43.672+0530][gc,cds       ] Mark closed archive regions in map: [0x00000000fff00000, 0x00000000fff6aff8]
[2023-04-08T14:22:43.672+0530][gc,cds       ] Mark open archive regions in map: [0x00000000ffe00000, 0x00000000ffe47ff8]
[2023-04-08T14:22:44.204+0530][gc,start     ] GC(0) Pause Young (Normal) (G1 Evacuation Pause)
[2023-04-08T14:22:44.209+0530][gc,task      ] GC(0) Using 4 workers of 4 for evacuation
[2023-04-08T14:22:44.220+0530][gc,phases    ] GC(0)   Pre Evacuate Collection Set: 0.0ms
[2023-04-08T14:22:44.220+0530][gc,phases    ] GC(0)   Evacuate Collection Set: 9.5ms
[2023-04-08T14:22:44.220+0530][gc,phases    ] GC(0)   Post Evacuate Collection Set: 1.0ms
[2023-04-08T14:22:44.220+0530][gc,phases    ] GC(0)   Other: 6.0ms
[2023-04-08T14:22:44.220+0530][gc,heap      ] GC(0) Eden regions: 25->0(21)
[2023-04-08T14:22:44.220+0530][gc,heap      ] GC(0) Survivor regions: 0->4(4)
[2023-04-08T14:22:44.220+0530][gc,heap      ] GC(0) Old regions: 2->5
[2023-04-08T14:22:44.220+0530][gc,heap      ] GC(0) Humongous regions: 0->0
[2023-04-08T14:22:44.220+0530][gc,metaspace ] GC(0) Metaspace: 7463K(7936K)->7463K(7936K) NonClass: 6628K(6912K)->6628K(6912K) Class: 834K(1024K)->834K(1024K)
[2023-04-08T14:22:44.220+0530][gc           ] GC(0) Pause Young (Normal) (G1 Evacuation Pause) 25M->7M(512M) 16.585ms
[2023-04-08T14:22:44.220+0530][gc,cpu       ] GC(0) User=0.03s Sys=0.00s Real=0.02s
[2023-04-08T14:24:32.725+0530][gc,heap,exit ] Heap
[2023-04-08T14:24:32.725+0530][gc,heap,exit ]  garbage-first heap   total 524288K, used 15029K [0x00000000e0000000, 0x0000000100000000)
[2023-04-08T14:24:32.725+0530][gc,heap,exit ]   region size 1024K, 12 young (12288K), 4 survivors (4096K)
[2023-04-08T14:24:32.725+0530][gc,heap,exit ]  Metaspace       used 8515K, capacity 8851K, committed 9088K, reserved 1056768K
[2023-04-08T14:24:32.725+0530][gc,heap,exit ]   class space    used 956K, capacity 1090K, committed 1152K, reserved 1048576K
