[2023-04-08T14:35:34.953+0530][gc,heap] Heap region size: 1M
[2023-04-08T14:35:34.961+0530][gc     ] Using G1
[2023-04-08T14:35:34.961+0530][gc,heap,coops] Heap address: 0x00000000e0000000, size: 512 MB, Compressed Oops mode: 32-bit
[2023-04-08T14:35:34.962+0530][gc,cds       ] Mark closed archive regions in map: [0x00000000fff00000, 0x00000000fff6aff8]
[2023-04-08T14:35:34.962+0530][gc,cds       ] Mark open archive regions in map: [0x00000000ffe00000, 0x00000000ffe47ff8]
[2023-04-08T14:35:35.751+0530][gc,start     ] GC(0) Pause Young (Normal) (G1 Evacuation Pause)
[2023-04-08T14:35:35.753+0530][gc,task      ] GC(0) Using 4 workers of 4 for evacuation
[2023-04-08T14:35:35.767+0530][gc,phases    ] GC(0)   Pre Evacuate Collection Set: 0.0ms
[2023-04-08T14:35:35.767+0530][gc,phases    ] GC(0)   Evacuate Collection Set: 12.0ms
[2023-04-08T14:35:35.767+0530][gc,phases    ] GC(0)   Post Evacuate Collection Set: 1.6ms
[2023-04-08T14:35:35.767+0530][gc,phases    ] GC(0)   Other: 2.4ms
[2023-04-08T14:35:35.767+0530][gc,heap      ] GC(0) Eden regions: 25->0(21)
[2023-04-08T14:35:35.767+0530][gc,heap      ] GC(0) Survivor regions: 0->4(4)
[2023-04-08T14:35:35.767+0530][gc,heap      ] GC(0) Old regions: 2->5
[2023-04-08T14:35:35.767+0530][gc,heap      ] GC(0) Humongous regions: 0->0
[2023-04-08T14:35:35.767+0530][gc,metaspace ] GC(0) Metaspace: 7420K(7936K)->7420K(7936K) NonClass: 6587K(6912K)->6587K(6912K) Class: 833K(1024K)->833K(1024K)
[2023-04-08T14:35:35.767+0530][gc           ] GC(0) Pause Young (Normal) (G1 Evacuation Pause) 25M->7M(512M) 16.138ms
[2023-04-08T14:35:35.767+0530][gc,cpu       ] GC(0) User=0.01s Sys=0.01s Real=0.02s
[2023-04-08T15:09:50.605+0530][gc,start     ] GC(1) Pause Young (Normal) (G1 Evacuation Pause)
[2023-04-08T15:09:50.605+0530][gc,task      ] GC(1) Using 4 workers of 4 for evacuation
[2023-04-08T15:09:50.704+0530][gc,mmu       ] GC(1) MMU target violated: 21.0ms (20.0ms/21.0ms)
[2023-04-08T15:09:50.707+0530][gc,phases    ] GC(1)   Pre Evacuate Collection Set: 0.3ms
[2023-04-08T15:09:50.707+0530][gc,phases    ] GC(1)   Evacuate Collection Set: 71.4ms
[2023-04-08T15:09:50.707+0530][gc,phases    ] GC(1)   Post Evacuate Collection Set: 27.0ms
[2023-04-08T15:09:50.707+0530][gc,phases    ] GC(1)   Other: 3.3ms
[2023-04-08T15:09:50.707+0530][gc,heap      ] GC(1) Eden regions: 21->0(24)
[2023-04-08T15:09:50.707+0530][gc,heap      ] GC(1) Survivor regions: 4->1(4)
[2023-04-08T15:09:50.707+0530][gc,heap      ] GC(1) Old regions: 5->9
[2023-04-08T15:09:50.707+0530][gc,heap      ] GC(1) Humongous regions: 0->0
[2023-04-08T15:09:50.707+0530][gc,metaspace ] GC(1) Metaspace: 9353K(10240K)->9353K(10240K) NonClass: 8366K(8960K)->8366K(8960K) Class: 986K(1280K)->986K(1280K)
[2023-04-08T15:09:50.707+0530][gc           ] GC(1) Pause Young (Normal) (G1 Evacuation Pause) 28M->8M(512M) 101.987ms
[2023-04-08T15:09:50.707+0530][gc,cpu       ] GC(1) User=0.03s Sys=0.00s Real=0.10s
