[2023-04-08T09:56:42.296+0530][gc,heap] Heap region size: 1M
[2023-04-08T09:56:42.301+0530][gc     ] Using G1
[2023-04-08T09:56:42.301+0530][gc,heap,coops] Heap address: 0x00000000e0000000, size: 512 MB, Compressed Oops mode: 32-bit
[2023-04-08T09:56:42.301+0530][gc,cds       ] Mark closed archive regions in map: [0x00000000fff00000, 0x00000000fff6aff8]
[2023-04-08T09:56:42.301+0530][gc,cds       ] Mark open archive regions in map: [0x00000000ffe00000, 0x00000000ffe47ff8]
[2023-04-08T09:56:43.143+0530][gc,start     ] GC(0) Pause Young (Normal) (G1 Evacuation Pause)
[2023-04-08T09:56:43.145+0530][gc,task      ] GC(0) Using 4 workers of 4 for evacuation
[2023-04-08T09:56:43.153+0530][gc,phases    ] GC(0)   Pre Evacuate Collection Set: 0.0ms
[2023-04-08T09:56:43.153+0530][gc,phases    ] GC(0)   Evacuate Collection Set: 6.8ms
[2023-04-08T09:56:43.153+0530][gc,phases    ] GC(0)   Post Evacuate Collection Set: 0.4ms
[2023-04-08T09:56:43.153+0530][gc,phases    ] GC(0)   Other: 1.9ms
[2023-04-08T09:56:43.153+0530][gc,heap      ] GC(0) Eden regions: 25->0(21)
[2023-04-08T09:56:43.153+0530][gc,heap      ] GC(0) Survivor regions: 0->4(4)
[2023-04-08T09:56:43.153+0530][gc,heap      ] GC(0) Old regions: 2->5
[2023-04-08T09:56:43.153+0530][gc,heap      ] GC(0) Humongous regions: 0->0
[2023-04-08T09:56:43.153+0530][gc,metaspace ] GC(0) Metaspace: 7460K(7936K)->7460K(7936K) NonClass: 6626K(6912K)->6626K(6912K) Class: 834K(1024K)->834K(1024K)
[2023-04-08T09:56:43.153+0530][gc           ] GC(0) Pause Young (Normal) (G1 Evacuation Pause) 25M->7M(512M) 9.217ms
[2023-04-08T09:56:43.153+0530][gc,cpu       ] GC(0) User=0.02s Sys=0.00s Real=0.01s
[2023-04-08T14:05:05.279+0530][gc,start     ] GC(1) Pause Young (Normal) (G1 Evacuation Pause)
[2023-04-08T14:05:05.280+0530][gc,task      ] GC(1) Using 4 workers of 4 for evacuation
[2023-04-08T14:05:05.338+0530][gc,mmu       ] GC(1) MMU target violated: 21.0ms (20.0ms/21.0ms)
[2023-04-08T14:05:05.338+0530][gc,phases    ] GC(1)   Pre Evacuate Collection Set: 9.7ms
[2023-04-08T14:05:05.338+0530][gc,phases    ] GC(1)   Evacuate Collection Set: 46.2ms
[2023-04-08T14:05:05.338+0530][gc,phases    ] GC(1)   Post Evacuate Collection Set: 1.6ms
[2023-04-08T14:05:05.338+0530][gc,phases    ] GC(1)   Other: 1.4ms
[2023-04-08T14:05:05.338+0530][gc,heap      ] GC(1) Eden regions: 21->0(24)
[2023-04-08T14:05:05.338+0530][gc,heap      ] GC(1) Survivor regions: 4->1(4)
[2023-04-08T14:05:05.338+0530][gc,heap      ] GC(1) Old regions: 5->9
[2023-04-08T14:05:05.338+0530][gc,heap      ] GC(1) Humongous regions: 0->0
[2023-04-08T14:05:05.338+0530][gc,metaspace ] GC(1) Metaspace: 9196K(9856K)->9196K(9856K) NonClass: 8219K(8704K)->8219K(8704K) Class: 977K(1152K)->977K(1152K)
[2023-04-08T14:05:05.338+0530][gc           ] GC(1) Pause Young (Normal) (G1 Evacuation Pause) 28M->8M(512M) 58.948ms
[2023-04-08T14:05:05.338+0530][gc,cpu       ] GC(1) User=0.13s Sys=0.00s Real=0.06s
[2023-04-08T14:12:32.949+0530][gc,heap,exit ] Heap
[2023-04-08T14:12:32.949+0530][gc,heap,exit ]  garbage-first heap   total 524288K, used 13333K [0x00000000e0000000, 0x0000000100000000)
[2023-04-08T14:12:32.949+0530][gc,heap,exit ]   region size 1024K, 7 young (7168K), 1 survivors (1024K)
[2023-04-08T14:12:32.949+0530][gc,heap,exit ]  Metaspace       used 9251K, capacity 9576K, committed 9856K, reserved 1058816K
[2023-04-08T14:12:32.949+0530][gc,heap,exit ]   class space    used 977K, capacity 1090K, committed 1152K, reserved 1048576K
